Archive member included because of file (symbol)

c:/program files (x86)/gnu tools arm embedded/4.7 2013q2/bin/../lib/gcc/arm-none-eabi/4.7.4/armv7e-m\libgcc.a(_arm_addsubdf3.o)
                              output\imu.o (__aeabi_dadd)
c:/program files (x86)/gnu tools arm embedded/4.7 2013q2/bin/../lib/gcc/arm-none-eabi/4.7.4/armv7e-m\libgcc.a(_arm_muldivdf3.o)
                              output\inputs.o (__aeabi_dmul)
c:/program files (x86)/gnu tools arm embedded/4.7 2013q2/bin/../lib/gcc/arm-none-eabi/4.7.4/armv7e-m\libgcc.a(_arm_truncdfsf2.o)
                              output\imu.o (__aeabi_d2f)
c:/program files (x86)/gnu tools arm embedded/4.7 2013q2/bin/../lib/gcc/arm-none-eabi/4.7.4/armv7e-m\libgcc.a(_arm_addsubsf3.o)
                              output\imu.o (__aeabi_i2f)
c:/program files (x86)/gnu tools arm embedded/4.7 2013q2/bin/../lib/gcc/arm-none-eabi/4.7.4/armv7e-m\libgcc.a(_arm_muldivsf3.o)
                              output\imu.o (__aeabi_fdiv)

Allocating common symbols
Common symbol       size              file

ADC_InitStructure   0x18              output\analogue.o
I2C_InitStructure   0x10              output\imu.o
rawADC              0x8               output\analogue.o
TIM_InitStructure   0xc               output\inputs.o
GPIO_InitStructure  0x8               output\analogue.o
USART_InitStructure
                    0x10              output\serial.o
NVIC_InitStructure  0x4               output\inputs.o
EXTI_InitStructure  0x8               output\inputs.o
DMA_InitStructure   0x3c              output\analogue.o
ADC_CommonInitStructure
                    0x10              output\analogue.o
received_string     0x64              output\serial.o

Discarded input sections

 .text          0x00000000        0x0 output\analogue.o
 .data          0x00000000        0x0 output\analogue.o
 .bss           0x00000000        0x0 output\analogue.o
 .text          0x00000000        0x0 output\imu.o
 .text          0x00000000        0x0 output\inputs.o
 .data          0x00000000        0x0 output\inputs.o
 .text          0x00000000        0x0 output\main.o
 .data          0x00000000        0x0 output\main.o
 .bss           0x00000000        0x0 output\main.o
 .text          0x00000000        0x0 output\misc.o
 .data          0x00000000        0x0 output\misc.o
 .bss           0x00000000        0x0 output\misc.o
 .text.NVIC_PriorityGroupConfig
                0x00000000       0x28 output\misc.o
 .text.NVIC_SetVectorTable
                0x00000000       0x2c output\misc.o
 .text.NVIC_SystemLPConfig
                0x00000000       0x54 output\misc.o
 .text.SysTick_CLKSourceConfig
                0x00000000       0x4c output\misc.o
 .text          0x00000000        0x0 output\outputs.o
 .text          0x00000000        0x0 output\serial.o
 .data          0x00000000        0x1 output\serial.o
 .bss           0x00000000        0x8 output\serial.o
 .text.USARTSendString
                0x00000000       0x78 output\serial.o
 .text          0x00000000        0x0 output\startup_stm32f4xx.o
 .data          0x00000000        0x0 output\startup_stm32f4xx.o
 .bss           0x00000000        0x0 output\startup_stm32f4xx.o
 .text          0x00000000        0x0 output\stm32f4xx_adc.o
 .data          0x00000000        0x0 output\stm32f4xx_adc.o
 .bss           0x00000000        0x0 output\stm32f4xx_adc.o
 .text.ADC_AnalogWatchdogCmd
                0x00000000       0x3c output\stm32f4xx_adc.o
 .text.ADC_AnalogWatchdogThresholdsConfig
                0x00000000       0x28 output\stm32f4xx_adc.o
 .text.ADC_AnalogWatchdogSingleChannelConfig
                0x00000000       0x38 output\stm32f4xx_adc.o
 .text.ADC_TempSensorVrefintCmd
                0x00000000       0x4c output\stm32f4xx_adc.o
 .text.ADC_VBATCmd
                0x00000000       0x4c output\stm32f4xx_adc.o
 .text.ADC_GetSoftwareStartConvStatus
                0x00000000       0x38 output\stm32f4xx_adc.o
 .text.ADC_EOCOnEachRegularChannelCmd
                0x00000000       0x38 output\stm32f4xx_adc.o
 .text.ADC_ContinuousModeCmd
                0x00000000       0x38 output\stm32f4xx_adc.o
 .text.ADC_DiscModeChannelCountConfig
                0x00000000       0x4c output\stm32f4xx_adc.o
 .text.ADC_DiscModeCmd
                0x00000000       0x38 output\stm32f4xx_adc.o
 .text.ADC_GetConversionValue
                0x00000000       0x1c output\stm32f4xx_adc.o
 .text.ADC_GetMultiModeConversionValue
                0x00000000       0x18 output\stm32f4xx_adc.o
 .text.ADC_MultiModeDMARequestAfterLastTransferCmd
                0x00000000       0x4c output\stm32f4xx_adc.o
 .text.ADC_InjectedChannelConfig
                0x00000000      0x144 output\stm32f4xx_adc.o
 .text.ADC_InjectedSequencerLengthConfig
                0x00000000       0x4c output\stm32f4xx_adc.o
 .text.ADC_SetInjectedOffset
                0x00000000       0x34 output\stm32f4xx_adc.o
 .text.ADC_ExternalTrigInjectedConvConfig
                0x00000000       0x38 output\stm32f4xx_adc.o
 .text.ADC_ExternalTrigInjectedConvEdgeConfig
                0x00000000       0x38 output\stm32f4xx_adc.o
 .text.ADC_SoftwareStartInjectedConv
                0x00000000       0x20 output\stm32f4xx_adc.o
 .text.ADC_GetSoftwareStartInjectedConvCmdStatus
                0x00000000       0x38 output\stm32f4xx_adc.o
 .text.ADC_AutoInjectedConvCmd
                0x00000000       0x38 output\stm32f4xx_adc.o
 .text.ADC_InjectedDiscModeCmd
                0x00000000       0x38 output\stm32f4xx_adc.o
 .text.ADC_GetInjectedConversionValue
                0x00000000       0x34 output\stm32f4xx_adc.o
 .text.ADC_ITConfig
                0x00000000       0x58 output\stm32f4xx_adc.o
 .text.ADC_GetFlagStatus
                0x00000000       0x3c output\stm32f4xx_adc.o
 .text.ADC_ClearFlag
                0x00000000       0x20 output\stm32f4xx_adc.o
 .text.ADC_GetITStatus
                0x00000000       0x6c output\stm32f4xx_adc.o
 .text.ADC_ClearITPendingBit
                0x00000000       0x30 output\stm32f4xx_adc.o
 .text          0x00000000        0x0 output\stm32f4xx_dma.o
 .data          0x00000000        0x0 output\stm32f4xx_dma.o
 .bss           0x00000000        0x0 output\stm32f4xx_dma.o
 .text.DMA_PeriphIncOffsetSizeConfig
                0x00000000       0x34 output\stm32f4xx_dma.o
 .text.DMA_FlowControllerConfig
                0x00000000       0x34 output\stm32f4xx_dma.o
 .text.DMA_SetCurrDataCounter
                0x00000000       0x1c output\stm32f4xx_dma.o
 .text.DMA_GetCurrDataCounter
                0x00000000       0x1c output\stm32f4xx_dma.o
 .text.DMA_DoubleBufferModeConfig
                0x00000000       0x3c output\stm32f4xx_dma.o
 .text.DMA_DoubleBufferModeCmd
                0x00000000       0x38 output\stm32f4xx_dma.o
 .text.DMA_MemoryTargetConfig
                0x00000000       0x2c output\stm32f4xx_dma.o
 .text.DMA_GetCurrentMemoryTarget
                0x00000000       0x38 output\stm32f4xx_dma.o
 .text.DMA_GetCmdStatus
                0x00000000       0x38 output\stm32f4xx_dma.o
 .text.DMA_GetFIFOStatus
                0x00000000       0x28 output\stm32f4xx_dma.o
 .text.DMA_GetFlagStatus
                0x00000000       0x84 output\stm32f4xx_dma.o
 .text.DMA_ClearFlag
                0x00000000       0x60 output\stm32f4xx_dma.o
 .text.DMA_ITConfig
                0x00000000       0x74 output\stm32f4xx_dma.o
 .text.DMA_GetITStatus
                0x00000000       0xc0 output\stm32f4xx_dma.o
 .text.DMA_ClearITPendingBit
                0x00000000       0x60 output\stm32f4xx_dma.o
 .text          0x00000000        0x0 output\stm32f4xx_exti.o
 .data          0x00000000        0x0 output\stm32f4xx_exti.o
 .bss           0x00000000        0x0 output\stm32f4xx_exti.o
 .text.EXTI_DeInit
                0x00000000       0x54 output\stm32f4xx_exti.o
 .text.EXTI_StructInit
                0x00000000       0x34 output\stm32f4xx_exti.o
 .text.EXTI_GenerateSWInterrupt
                0x00000000       0x2c output\stm32f4xx_exti.o
 .text.EXTI_GetFlagStatus
                0x00000000       0x3c output\stm32f4xx_exti.o
 .text.EXTI_ClearFlag
                0x00000000       0x20 output\stm32f4xx_exti.o
 .text          0x00000000        0x0 output\stm32f4xx_gpio.o
 .data          0x00000000        0x0 output\stm32f4xx_gpio.o
 .bss           0x00000000        0x0 output\stm32f4xx_gpio.o
 .text.GPIO_DeInit
                0x00000000      0x1c8 output\stm32f4xx_gpio.o
 .text.GPIO_PinLockConfig
                0x00000000       0x44 output\stm32f4xx_gpio.o
 .text.GPIO_ReadInputData
                0x00000000       0x1c output\stm32f4xx_gpio.o
 .text.GPIO_ReadOutputDataBit
                0x00000000       0x3c output\stm32f4xx_gpio.o
 .text.GPIO_ReadOutputData
                0x00000000       0x1c output\stm32f4xx_gpio.o
 .text.GPIO_WriteBit
                0x00000000       0x30 output\stm32f4xx_gpio.o
 .text.GPIO_Write
                0x00000000       0x1c output\stm32f4xx_gpio.o
 .text.GPIO_ToggleBits
                0x00000000       0x24 output\stm32f4xx_gpio.o
 .text          0x00000000        0x0 output\stm32f4xx_i2c.o
 .data          0x00000000        0x0 output\stm32f4xx_i2c.o
 .bss           0x00000000        0x0 output\stm32f4xx_i2c.o
 .text.I2C_DeInit
                0x00000000       0x88 output\stm32f4xx_i2c.o
 .text.I2C_StructInit
                0x00000000       0x44 output\stm32f4xx_i2c.o
 .text.I2C_AnalogFilterCmd
                0x00000000       0x40 output\stm32f4xx_i2c.o
 .text.I2C_DigitalFilterConfig
                0x00000000       0x40 output\stm32f4xx_i2c.o
 .text.I2C_OwnAddress2Config
                0x00000000       0x44 output\stm32f4xx_i2c.o
 .text.I2C_DualAddressCmd
                0x00000000       0x40 output\stm32f4xx_i2c.o
 .text.I2C_GeneralCallCmd
                0x00000000       0x40 output\stm32f4xx_i2c.o
 .text.I2C_SoftwareResetCmd
                0x00000000       0x48 output\stm32f4xx_i2c.o
 .text.I2C_StretchClockCmd
                0x00000000       0x40 output\stm32f4xx_i2c.o
 .text.I2C_FastModeDutyCycleConfig
                0x00000000       0x40 output\stm32f4xx_i2c.o
 .text.I2C_NACKPositionConfig
                0x00000000       0x40 output\stm32f4xx_i2c.o
 .text.I2C_SMBusAlertConfig
                0x00000000       0x40 output\stm32f4xx_i2c.o
 .text.I2C_ARPCmd
                0x00000000       0x40 output\stm32f4xx_i2c.o
 .text.I2C_TransmitPEC
                0x00000000       0x40 output\stm32f4xx_i2c.o
 .text.I2C_PECPositionConfig
                0x00000000       0x40 output\stm32f4xx_i2c.o
 .text.I2C_CalculatePEC
                0x00000000       0x40 output\stm32f4xx_i2c.o
 .text.I2C_GetPEC
                0x00000000       0x24 output\stm32f4xx_i2c.o
 .text.I2C_DMACmd
                0x00000000       0x40 output\stm32f4xx_i2c.o
 .text.I2C_DMALastTransferCmd
                0x00000000       0x40 output\stm32f4xx_i2c.o
 .text.I2C_ReadRegister
                0x00000000       0x30 output\stm32f4xx_i2c.o
 .text.I2C_ITConfig
                0x00000000       0x48 output\stm32f4xx_i2c.o
 .text.I2C_GetLastEvent
                0x00000000       0x4c output\stm32f4xx_i2c.o
 .text.I2C_GetFlagStatus
                0x00000000       0x78 output\stm32f4xx_i2c.o
 .text.I2C_ClearFlag
                0x00000000       0x30 output\stm32f4xx_i2c.o
 .text.I2C_GetITStatus
                0x00000000       0x64 output\stm32f4xx_i2c.o
 .text.I2C_ClearITPendingBit
                0x00000000       0x30 output\stm32f4xx_i2c.o
 .text          0x00000000        0x0 output\stm32f4xx_iwdg.o
 .data          0x00000000        0x0 output\stm32f4xx_iwdg.o
 .bss           0x00000000        0x0 output\stm32f4xx_iwdg.o
 .text.IWDG_GetFlagStatus
                0x00000000       0x40 output\stm32f4xx_iwdg.o
 .text          0x00000000        0x0 output\stm32f4xx_rcc.o
 .bss           0x00000000        0x0 output\stm32f4xx_rcc.o
 .text.RCC_DeInit
                0x00000000       0xbc output\stm32f4xx_rcc.o
 .text.RCC_HSEConfig
                0x00000000       0x30 output\stm32f4xx_rcc.o
 .text.RCC_WaitForHSEStartUp
                0x00000000       0x64 output\stm32f4xx_rcc.o
 .text.RCC_AdjustHSICalibrationValue
                0x00000000       0x48 output\stm32f4xx_rcc.o
 .text.RCC_HSICmd
                0x00000000       0x20 output\stm32f4xx_rcc.o
 .text.RCC_LSEConfig
                0x00000000       0x60 output\stm32f4xx_rcc.o
 .text.RCC_LSICmd
                0x00000000       0x20 output\stm32f4xx_rcc.o
 .text.RCC_PLLConfig
                0x00000000       0x48 output\stm32f4xx_rcc.o
 .text.RCC_PLLCmd
                0x00000000       0x20 output\stm32f4xx_rcc.o
 .text.RCC_PLLI2SConfig
                0x00000000       0x30 output\stm32f4xx_rcc.o
 .text.RCC_PLLI2SCmd
                0x00000000       0x20 output\stm32f4xx_rcc.o
 .text.RCC_PLLSAIConfig
                0x00000000       0x38 output\stm32f4xx_rcc.o
 .text.RCC_PLLSAICmd
                0x00000000       0x20 output\stm32f4xx_rcc.o
 .text.RCC_ClockSecuritySystemCmd
                0x00000000       0x20 output\stm32f4xx_rcc.o
 .text.RCC_MCO1Config
                0x00000000       0x48 output\stm32f4xx_rcc.o
 .text.RCC_MCO2Config
                0x00000000       0x48 output\stm32f4xx_rcc.o
 .text.RCC_SYSCLKConfig
                0x00000000       0x40 output\stm32f4xx_rcc.o
 .text.RCC_GetSYSCLKSource
                0x00000000       0x20 output\stm32f4xx_rcc.o
 .text.RCC_HCLKConfig
                0x00000000       0x40 output\stm32f4xx_rcc.o
 .text.RCC_PCLK1Config
                0x00000000       0x40 output\stm32f4xx_rcc.o
 .text.RCC_PCLK2Config
                0x00000000       0x44 output\stm32f4xx_rcc.o
 .text.RCC_RTCCLKConfig
                0x00000000       0x74 output\stm32f4xx_rcc.o
 .text.RCC_RTCCLKCmd
                0x00000000       0x20 output\stm32f4xx_rcc.o
 .text.RCC_BackupResetCmd
                0x00000000       0x20 output\stm32f4xx_rcc.o
 .text.RCC_I2SCLKConfig
                0x00000000       0x20 output\stm32f4xx_rcc.o
 .text.RCC_SAIPLLI2SClkDivConfig
                0x00000000       0x48 output\stm32f4xx_rcc.o
 .text.RCC_SAIPLLSAIClkDivConfig
                0x00000000       0x4c output\stm32f4xx_rcc.o
 .text.RCC_SAIBlockACLKConfig
                0x00000000       0x44 output\stm32f4xx_rcc.o
 .text.RCC_SAIBlockBCLKConfig
                0x00000000       0x44 output\stm32f4xx_rcc.o
 .text.RCC_LTDCCLKDivConfig
                0x00000000       0x44 output\stm32f4xx_rcc.o
 .text.RCC_TIMCLKPresConfig
                0x00000000       0x20 output\stm32f4xx_rcc.o
 .text.RCC_AHB2PeriphClockCmd
                0x00000000       0x54 output\stm32f4xx_rcc.o
 .text.RCC_AHB3PeriphClockCmd
                0x00000000       0x54 output\stm32f4xx_rcc.o
 .text.RCC_AHB1PeriphResetCmd
                0x00000000       0x54 output\stm32f4xx_rcc.o
 .text.RCC_AHB2PeriphResetCmd
                0x00000000       0x54 output\stm32f4xx_rcc.o
 .text.RCC_AHB3PeriphResetCmd
                0x00000000       0x54 output\stm32f4xx_rcc.o
 .text.RCC_APB1PeriphResetCmd
                0x00000000       0x54 output\stm32f4xx_rcc.o
 .text.RCC_AHB1PeriphClockLPModeCmd
                0x00000000       0x54 output\stm32f4xx_rcc.o
 .text.RCC_AHB2PeriphClockLPModeCmd
                0x00000000       0x54 output\stm32f4xx_rcc.o
 .text.RCC_AHB3PeriphClockLPModeCmd
                0x00000000       0x54 output\stm32f4xx_rcc.o
 .text.RCC_APB1PeriphClockLPModeCmd
                0x00000000       0x54 output\stm32f4xx_rcc.o
 .text.RCC_APB2PeriphClockLPModeCmd
                0x00000000       0x54 output\stm32f4xx_rcc.o
 .text.RCC_ITConfig
                0x00000000       0x60 output\stm32f4xx_rcc.o
 .text.RCC_GetFlagStatus
                0x00000000       0x90 output\stm32f4xx_rcc.o
 .text.RCC_ClearFlag
                0x00000000       0x24 output\stm32f4xx_rcc.o
 .text.RCC_GetITStatus
                0x00000000       0x40 output\stm32f4xx_rcc.o
 .text.RCC_ClearITPendingBit
                0x00000000       0x20 output\stm32f4xx_rcc.o
 .text          0x00000000        0x0 output\stm32f4xx_syscfg.o
 .data          0x00000000        0x0 output\stm32f4xx_syscfg.o
 .bss           0x00000000        0x0 output\stm32f4xx_syscfg.o
 .text.SYSCFG_DeInit
                0x00000000       0x20 output\stm32f4xx_syscfg.o
 .text.SYSCFG_MemoryRemapConfig
                0x00000000       0x20 output\stm32f4xx_syscfg.o
 .text.SYSCFG_MemorySwappingBank
                0x00000000       0x20 output\stm32f4xx_syscfg.o
 .text.SYSCFG_ETH_MediaInterfaceConfig
                0x00000000       0x20 output\stm32f4xx_syscfg.o
 .text.SYSCFG_CompensationCellCmd
                0x00000000       0x20 output\stm32f4xx_syscfg.o
 .text.SYSCFG_GetCompensationCellStatus
                0x00000000       0x3c output\stm32f4xx_syscfg.o
 .text          0x00000000        0x0 output\stm32f4xx_tim.o
 .data          0x00000000        0x0 output\stm32f4xx_tim.o
 .bss           0x00000000        0x0 output\stm32f4xx_tim.o
 .text.TIM_DeInit
                0x00000000      0x238 output\stm32f4xx_tim.o
 .text.TIM_TimeBaseStructInit
                0x00000000       0x3c output\stm32f4xx_tim.o
 .text.TIM_PrescalerConfig
                0x00000000       0x28 output\stm32f4xx_tim.o
 .text.TIM_CounterModeConfig
                0x00000000       0x38 output\stm32f4xx_tim.o
 .text.TIM_GetPrescaler
                0x00000000       0x1c output\stm32f4xx_tim.o
 .text.TIM_UpdateDisableConfig
                0x00000000       0x40 output\stm32f4xx_tim.o
 .text.TIM_UpdateRequestConfig
                0x00000000       0x40 output\stm32f4xx_tim.o
 .text.TIM_ARRPreloadConfig
                0x00000000       0x40 output\stm32f4xx_tim.o
 .text.TIM_SelectOnePulseMode
                0x00000000       0x38 output\stm32f4xx_tim.o
 .text.TIM_SetClockDivision
                0x00000000       0x38 output\stm32f4xx_tim.o
 .text.TIM_OC1Init
                0x00000000       0xfc output\stm32f4xx_tim.o
 .text.TIM_OC2Init
                0x00000000      0x128 output\stm32f4xx_tim.o
 .text.TIM_OC3Init
                0x00000000      0x120 output\stm32f4xx_tim.o
 .text.TIM_OC4Init
                0x00000000       0xe0 output\stm32f4xx_tim.o
 .text.TIM_OCStructInit
                0x00000000       0x54 output\stm32f4xx_tim.o
 .text.TIM_SelectOCxM
                0x00000000       0xc0 output\stm32f4xx_tim.o
 .text.TIM_SetCompare1
                0x00000000       0x1c output\stm32f4xx_tim.o
 .text.TIM_SetCompare2
                0x00000000       0x1c output\stm32f4xx_tim.o
 .text.TIM_SetCompare3
                0x00000000       0x1c output\stm32f4xx_tim.o
 .text.TIM_SetCompare4
                0x00000000       0x1c output\stm32f4xx_tim.o
 .text.TIM_ForcedOC1Config
                0x00000000       0x38 output\stm32f4xx_tim.o
 .text.TIM_ForcedOC2Config
                0x00000000       0x40 output\stm32f4xx_tim.o
 .text.TIM_ForcedOC3Config
                0x00000000       0x38 output\stm32f4xx_tim.o
 .text.TIM_ForcedOC4Config
                0x00000000       0x40 output\stm32f4xx_tim.o
 .text.TIM_OC1PreloadConfig
                0x00000000       0x38 output\stm32f4xx_tim.o
 .text.TIM_OC2PreloadConfig
                0x00000000       0x40 output\stm32f4xx_tim.o
 .text.TIM_OC3PreloadConfig
                0x00000000       0x38 output\stm32f4xx_tim.o
 .text.TIM_OC4PreloadConfig
                0x00000000       0x40 output\stm32f4xx_tim.o
 .text.TIM_OC1FastConfig
                0x00000000       0x38 output\stm32f4xx_tim.o
 .text.TIM_OC2FastConfig
                0x00000000       0x40 output\stm32f4xx_tim.o
 .text.TIM_OC3FastConfig
                0x00000000       0x38 output\stm32f4xx_tim.o
 .text.TIM_OC4FastConfig
                0x00000000       0x40 output\stm32f4xx_tim.o
 .text.TIM_ClearOC1Ref
                0x00000000       0x38 output\stm32f4xx_tim.o
 .text.TIM_ClearOC2Ref
                0x00000000       0x44 output\stm32f4xx_tim.o
 .text.TIM_ClearOC3Ref
                0x00000000       0x38 output\stm32f4xx_tim.o
 .text.TIM_ClearOC4Ref
                0x00000000       0x44 output\stm32f4xx_tim.o
 .text.TIM_OC1PolarityConfig
                0x00000000       0x38 output\stm32f4xx_tim.o
 .text.TIM_OC1NPolarityConfig
                0x00000000       0x38 output\stm32f4xx_tim.o
 .text.TIM_OC2PolarityConfig
                0x00000000       0x40 output\stm32f4xx_tim.o
 .text.TIM_OC2NPolarityConfig
                0x00000000       0x40 output\stm32f4xx_tim.o
 .text.TIM_OC3PolarityConfig
                0x00000000       0x40 output\stm32f4xx_tim.o
 .text.TIM_OC3NPolarityConfig
                0x00000000       0x40 output\stm32f4xx_tim.o
 .text.TIM_OC4PolarityConfig
                0x00000000       0x40 output\stm32f4xx_tim.o
 .text.TIM_CCxCmd
                0x00000000       0x5c output\stm32f4xx_tim.o
 .text.TIM_CCxNCmd
                0x00000000       0x5c output\stm32f4xx_tim.o
 .text.TIM_ICInit
                0x00000000       0xa8 output\stm32f4xx_tim.o
 .text.TIM_ICStructInit
                0x00000000       0x3c output\stm32f4xx_tim.o
 .text.TIM_PWMIConfig
                0x00000000       0xc4 output\stm32f4xx_tim.o
 .text.TIM_GetCapture1
                0x00000000       0x18 output\stm32f4xx_tim.o
 .text.TIM_GetCapture2
                0x00000000       0x18 output\stm32f4xx_tim.o
 .text.TIM_GetCapture3
                0x00000000       0x18 output\stm32f4xx_tim.o
 .text.TIM_GetCapture4
                0x00000000       0x18 output\stm32f4xx_tim.o
 .text.TIM_SetIC1Prescaler
                0x00000000       0x38 output\stm32f4xx_tim.o
 .text.TIM_SetIC2Prescaler
                0x00000000       0x3c output\stm32f4xx_tim.o
 .text.TIM_SetIC3Prescaler
                0x00000000       0x38 output\stm32f4xx_tim.o
 .text.TIM_SetIC4Prescaler
                0x00000000       0x3c output\stm32f4xx_tim.o
 .text.TIM_BDTRConfig
                0x00000000       0x50 output\stm32f4xx_tim.o
 .text.TIM_BDTRStructInit
                0x00000000       0x4c output\stm32f4xx_tim.o
 .text.TIM_CtrlPWMOutputs
                0x00000000       0x50 output\stm32f4xx_tim.o
 .text.TIM_SelectCOM
                0x00000000       0x40 output\stm32f4xx_tim.o
 .text.TIM_CCPreloadControl
                0x00000000       0x40 output\stm32f4xx_tim.o
 .text.TIM_GenerateEvent
                0x00000000       0x1c output\stm32f4xx_tim.o
 .text.TIM_GetFlagStatus
                0x00000000       0x40 output\stm32f4xx_tim.o
 .text.TIM_ClearFlag
                0x00000000       0x24 output\stm32f4xx_tim.o
 .text.TIM_DMAConfig
                0x00000000       0x28 output\stm32f4xx_tim.o
 .text.TIM_DMACmd
                0x00000000       0x48 output\stm32f4xx_tim.o
 .text.TIM_SelectCCDMA
                0x00000000       0x40 output\stm32f4xx_tim.o
 .text.TIM_InternalClockConfig
                0x00000000       0x24 output\stm32f4xx_tim.o
 .text.TIM_ITRxExternalClockConfig
                0x00000000       0x30 output\stm32f4xx_tim.o
 .text.TIM_TIxExternalClockConfig
                0x00000000       0x58 output\stm32f4xx_tim.o
 .text.TIM_ETRClockMode1Config
                0x00000000       0x54 output\stm32f4xx_tim.o
 .text.TIM_ETRClockMode2Config
                0x00000000       0x34 output\stm32f4xx_tim.o
 .text.TIM_SelectInputTrigger
                0x00000000       0x38 output\stm32f4xx_tim.o
 .text.TIM_SelectOutputTrigger
                0x00000000       0x38 output\stm32f4xx_tim.o
 .text.TIM_SelectSlaveMode
                0x00000000       0x38 output\stm32f4xx_tim.o
 .text.TIM_SelectMasterSlaveMode
                0x00000000       0x38 output\stm32f4xx_tim.o
 .text.TIM_ETRConfig
                0x00000000       0x4c output\stm32f4xx_tim.o
 .text.TIM_EncoderInterfaceConfig
                0x00000000       0x94 output\stm32f4xx_tim.o
 .text.TIM_SelectHallSensor
                0x00000000       0x40 output\stm32f4xx_tim.o
 .text.TIM_RemapConfig
                0x00000000       0x20 output\stm32f4xx_tim.o
 .text.TI1_Config
                0x00000000       0x80 output\stm32f4xx_tim.o
 .text.TI2_Config
                0x00000000       0x9c output\stm32f4xx_tim.o
 .text.TI3_Config
                0x00000000       0x8c output\stm32f4xx_tim.o
 .text.TI4_Config
                0x00000000       0xa4 output\stm32f4xx_tim.o
 .text          0x00000000        0x0 output\stm32f4xx_usart.o
 .data          0x00000000        0x0 output\stm32f4xx_usart.o
 .bss           0x00000000        0x0 output\stm32f4xx_usart.o
 .text.USART_DeInit
                0x00000000      0x150 output\stm32f4xx_usart.o
 .text.USART_StructInit
                0x00000000       0x44 output\stm32f4xx_usart.o
 .text.USART_ClockInit
                0x00000000       0x54 output\stm32f4xx_usart.o
 .text.USART_ClockStructInit
                0x00000000       0x34 output\stm32f4xx_usart.o
 .text.USART_SetPrescaler
                0x00000000       0x38 output\stm32f4xx_usart.o
 .text.USART_OverSampling8Cmd
                0x00000000       0x48 output\stm32f4xx_usart.o
 .text.USART_OneBitMethodCmd
                0x00000000       0x40 output\stm32f4xx_usart.o
 .text.USART_SendData
                0x00000000       0x28 output\stm32f4xx_usart.o
 .text.USART_SetAddress
                0x00000000       0x38 output\stm32f4xx_usart.o
 .text.USART_ReceiverWakeUpCmd
                0x00000000       0x40 output\stm32f4xx_usart.o
 .text.USART_WakeUpConfig
                0x00000000       0x38 output\stm32f4xx_usart.o
 .text.USART_LINBreakDetectLengthConfig
                0x00000000       0x38 output\stm32f4xx_usart.o
 .text.USART_LINCmd
                0x00000000       0x40 output\stm32f4xx_usart.o
 .text.USART_SendBreak
                0x00000000       0x24 output\stm32f4xx_usart.o
 .text.USART_HalfDuplexCmd
                0x00000000       0x40 output\stm32f4xx_usart.o
 .text.USART_SetGuardTime
                0x00000000       0x3c output\stm32f4xx_usart.o
 .text.USART_SmartCardCmd
                0x00000000       0x40 output\stm32f4xx_usart.o
 .text.USART_SmartCardNACKCmd
                0x00000000       0x40 output\stm32f4xx_usart.o
 .text.USART_IrDAConfig
                0x00000000       0x38 output\stm32f4xx_usart.o
 .text.USART_IrDACmd
                0x00000000       0x40 output\stm32f4xx_usart.o
 .text.USART_DMACmd
                0x00000000       0x48 output\stm32f4xx_usart.o
 .text.USART_GetFlagStatus
                0x00000000       0x40 output\stm32f4xx_usart.o
 .text.USART_ClearFlag
                0x00000000       0x24 output\stm32f4xx_usart.o
 .text.USART_GetITStatus
                0x00000000       0xc4 output\stm32f4xx_usart.o
 .text.USART_ClearITPendingBit
                0x00000000       0x44 output\stm32f4xx_usart.o
 .text          0x00000000        0x0 output\system_stm32f4xx.o
 .data          0x00000000       0x14 output\system_stm32f4xx.o
 .bss           0x00000000        0x0 output\system_stm32f4xx.o
 .text.SystemCoreClockUpdate
                0x00000000      0x170 output\system_stm32f4xx.o
 .data          0x00000000        0x0 c:/program files (x86)/gnu tools arm embedded/4.7 2013q2/bin/../lib/gcc/arm-none-eabi/4.7.4/armv7e-m\libgcc.a(_arm_addsubdf3.o)
 .bss           0x00000000        0x0 c:/program files (x86)/gnu tools arm embedded/4.7 2013q2/bin/../lib/gcc/arm-none-eabi/4.7.4/armv7e-m\libgcc.a(_arm_addsubdf3.o)
 .data          0x00000000        0x0 c:/program files (x86)/gnu tools arm embedded/4.7 2013q2/bin/../lib/gcc/arm-none-eabi/4.7.4/armv7e-m\libgcc.a(_arm_muldivdf3.o)
 .bss           0x00000000        0x0 c:/program files (x86)/gnu tools arm embedded/4.7 2013q2/bin/../lib/gcc/arm-none-eabi/4.7.4/armv7e-m\libgcc.a(_arm_muldivdf3.o)
 .data          0x00000000        0x0 c:/program files (x86)/gnu tools arm embedded/4.7 2013q2/bin/../lib/gcc/arm-none-eabi/4.7.4/armv7e-m\libgcc.a(_arm_truncdfsf2.o)
 .bss           0x00000000        0x0 c:/program files (x86)/gnu tools arm embedded/4.7 2013q2/bin/../lib/gcc/arm-none-eabi/4.7.4/armv7e-m\libgcc.a(_arm_truncdfsf2.o)
 .data          0x00000000        0x0 c:/program files (x86)/gnu tools arm embedded/4.7 2013q2/bin/../lib/gcc/arm-none-eabi/4.7.4/armv7e-m\libgcc.a(_arm_addsubsf3.o)
 .bss           0x00000000        0x0 c:/program files (x86)/gnu tools arm embedded/4.7 2013q2/bin/../lib/gcc/arm-none-eabi/4.7.4/armv7e-m\libgcc.a(_arm_addsubsf3.o)
 .data          0x00000000        0x0 c:/program files (x86)/gnu tools arm embedded/4.7 2013q2/bin/../lib/gcc/arm-none-eabi/4.7.4/armv7e-m\libgcc.a(_arm_muldivsf3.o)
 .bss           0x00000000        0x0 c:/program files (x86)/gnu tools arm embedded/4.7 2013q2/bin/../lib/gcc/arm-none-eabi/4.7.4/armv7e-m\libgcc.a(_arm_muldivsf3.o)

Memory Configuration

Name             Origin             Length             Attributes
rom              0x08000000         0x00100000         xr
ram              0x20000000         0x00020000         xrw
ram1             0x10000000         0x00010000         xrw
*default*        0x00000000         0xffffffff

Linker script and memory map

                0x20020000                _eram = 0x20020000

.text           0x08000000     0x4550
 *(.isr_vector .isr_vector.*)
 .isr_vector    0x08000000      0x188 output\startup_stm32f4xx.o
                0x08000000                g_pfnVectors
 *(.text .text.* .gnu.linkonce.t.*)
 .text.initADC  0x08000188      0x2f0 output\analogue.o
                0x08000188                initADC
 .text.initIMU  0x08000478      0x128 output\imu.o
                0x08000478                initIMU
 .text.IMUReadByte
                0x080005a0      0x154 output\imu.o
                0x080005a0                IMUReadByte
 .text.IMUWriteByte
                0x080006f4       0xec output\imu.o
                0x080006f4                IMUWriteByte
 .text.IMUGetMotion
                0x080007e0      0x2f8 output\imu.o
                0x080007e0                IMUGetMotion
 .text.IMUConfig
                0x08000ad8      0x174 output\imu.o
                0x08000ad8                IMUConfig
 .text.initInputs
                0x08000c4c      0x510 output\inputs.o
                0x08000c4c                initInputs
 .text.TIM2_IRQHandler
                0x0800115c       0x34 output\inputs.o
                0x0800115c                TIM2_IRQHandler
 .text.EXTI0_IRQHandler
                0x08001190       0x98 output\inputs.o
                0x08001190                EXTI0_IRQHandler
 .text.EXTI1_IRQHandler
                0x08001228       0x60 output\inputs.o
                0x08001228                EXTI1_IRQHandler
 .text.EXTI2_IRQHandler
                0x08001288       0x18 output\inputs.o
                0x08001288                EXTI2_IRQHandler
 .text.EXTI3_IRQHandler
                0x080012a0       0x18 output\inputs.o
                0x080012a0                EXTI3_IRQHandler
 .text.TIM8_CC_IRQHandler
                0x080012b8       0x4c output\inputs.o
                0x080012b8                TIM8_CC_IRQHandler
 .text.TIM1_BRK_TIM9_IRQHandler
                0x08001304       0x4c output\inputs.o
                0x08001304                TIM1_BRK_TIM9_IRQHandler
 .text.TIM1_UP_TIM10_IRQHandler
                0x08001350       0x4c output\inputs.o
                0x08001350                TIM1_UP_TIM10_IRQHandler
 .text.TIM1_TRG_COM_TIM11_IRQHandler
                0x0800139c       0x4c output\inputs.o
                0x0800139c                TIM1_TRG_COM_TIM11_IRQHandler
 .text.EXTI4_IRQHandler
                0x080013e8       0x58 output\inputs.o
                0x080013e8                EXTI4_IRQHandler
 .text.EXTI9_5_IRQHandler
                0x08001440       0xfc output\inputs.o
                0x08001440                EXTI9_5_IRQHandler
 *fill*         0x0800153c        0x4 00
 .text.CalculateWheelRPM
                0x08001540       0x68 output\inputs.o
                0x08001540                CalculateWheelRPM
 .text.ClearInterupt
                0x080015a8       0x24 output\inputs.o
                0x080015a8                ClearInterupt
 .text.main     0x080015cc       0xe8 output\main.o
                0x080015cc                main
 .text.NVIC_Init
                0x080016b4       0xe4 output\misc.o
                0x080016b4                NVIC_Init
 .text.initOutputs
                0x08001798      0x168 output\outputs.o
                0x08001798                initOutputs
 .text.TIM3_IRQHandler
                0x08001900      0x1ec output\outputs.o
                0x08001900                TIM3_IRQHandler
 .text.initSerial
                0x08001aec      0x170 output\serial.o
                0x08001aec                initSerial
 .text.USART1_IRQHandler
                0x08001c5c       0x60 output\serial.o
                0x08001c5c                USART1_IRQHandler
 .text.Default_Reset_Handler
                0x08001cbc       0x6c output\startup_stm32f4xx.o
                0x08001cbc                Default_Reset_Handler
                0x08001cbc                Reset_Handler
 .text.Default_Handler
                0x08001d28        0x8 output\startup_stm32f4xx.o
                0x08001d28                RTC_Alarm_IRQHandler
                0x08001d28                HASH_RNG_IRQHandler
                0x08001d28                DebugMon_Handler
                0x08001d28                TIM1_CC_IRQHandler
                0x08001d28                DMA2_Stream5_IRQHandler
                0x08001d28                HardFault_Handler
                0x08001d28                DMA1_Stream5_IRQHandler
                0x08001d28                SysTick_Handler
                0x08001d28                PVD_IRQHandler
                0x08001d28                SDIO_IRQHandler
                0x08001d28                TAMP_STAMP_IRQHandler
                0x08001d28                PendSV_Handler
                0x08001d28                NMI_Handler
                0x08001d28                CAN2_RX1_IRQHandler
                0x08001d28                TIM8_TRG_COM_TIM14_IRQHandler
                0x08001d28                TIM8_UP_TIM13_IRQHandler
                0x08001d28                I2C3_ER_IRQHandler
                0x08001d28                I2C2_EV_IRQHandler
                0x08001d28                DMA1_Stream2_IRQHandler
                0x08001d28                CAN1_RX0_IRQHandler
                0x08001d28                FPU_IRQHandler
                0x08001d28                OTG_HS_WKUP_IRQHandler
                0x08001d28                UsageFault_Handler
                0x08001d28                CAN2_SCE_IRQHandler
                0x08001d28                DMA2_Stream2_IRQHandler
                0x08001d28                SPI1_IRQHandler
                0x08001d28                TIM6_DAC_IRQHandler
                0x08001d28                DCMI_IRQHandler
                0x08001d28                CAN2_RX0_IRQHandler
                0x08001d28                DMA2_Stream3_IRQHandler
                0x08001d28                USART6_IRQHandler
                0x08001d28                USART3_IRQHandler
                0x08001d28                CRYP_IRQHandler
                0x08001d28                CAN1_RX1_IRQHandler
                0x08001d28                UART5_IRQHandler
                0x08001d28                DMA2_Stream0_IRQHandler
                0x08001d28                TIM4_IRQHandler
                0x08001d28                I2C1_EV_IRQHandler
                0x08001d28                DMA1_Stream6_IRQHandler
                0x08001d28                DMA1_Stream1_IRQHandler
                0x08001d28                UART4_IRQHandler
                0x08001d28                RCC_IRQHandler
                0x08001d28                TIM8_BRK_TIM12_IRQHandler
                0x08001d28                EXTI15_10_IRQHandler
                0x08001d28                ADC_IRQHandler
                0x08001d28                DMA1_Stream7_IRQHandler
                0x08001d28                TIM7_IRQHandler
                0x08001d28                CAN2_TX_IRQHandler
                0x08001d28                TIM5_IRQHandler
                0x08001d28                DMA2_Stream7_IRQHandler
                0x08001d28                I2C3_EV_IRQHandler
                0x08001d28                RTC_WKUP_IRQHandler
                0x08001d28                ETH_WKUP_IRQHandler
                0x08001d28                SPI2_IRQHandler
                0x08001d28                OTG_HS_EP1_IN_IRQHandler
                0x08001d28                MemManage_Handler
                0x08001d28                DMA1_Stream0_IRQHandler
                0x08001d28                CAN1_TX_IRQHandler
                0x08001d28                SVC_Handler
                0x08001d28                FSMC_IRQHandler
                0x08001d28                ETH_IRQHandler
                0x08001d28                OTG_HS_EP1_OUT_IRQHandler
                0x08001d28                WWDG_IRQHandler
                0x08001d28                OTG_FS_WKUP_IRQHandler
                0x08001d28                OTG_HS_IRQHandler
                0x08001d28                USART2_IRQHandler
                0x08001d28                I2C2_ER_IRQHandler
                0x08001d28                DMA2_Stream1_IRQHandler
                0x08001d28                CAN1_SCE_IRQHandler
                0x08001d28                FLASH_IRQHandler
                0x08001d28                DMA2_Stream4_IRQHandler
                0x08001d28                BusFault_Handler
                0x08001d28                OTG_FS_IRQHandler
                0x08001d28                SPI3_IRQHandler
                0x08001d28                DMA1_Stream4_IRQHandler
                0x08001d28                I2C1_ER_IRQHandler
                0x08001d28                DMA2_Stream6_IRQHandler
                0x08001d28                DMA1_Stream3_IRQHandler
 .text.ADC_DeInit
                0x08001d30       0x20 output\stm32f4xx_adc.o
                0x08001d30                ADC_DeInit
 .text.ADC_Init
                0x08001d50       0xb8 output\stm32f4xx_adc.o
                0x08001d50                ADC_Init
 .text.ADC_StructInit
                0x08001e08       0x4c output\stm32f4xx_adc.o
                0x08001e08                ADC_StructInit
 .text.ADC_CommonInit
                0x08001e54       0x5c output\stm32f4xx_adc.o
                0x08001e54                ADC_CommonInit
 .text.ADC_CommonStructInit
                0x08001eb0       0x34 output\stm32f4xx_adc.o
                0x08001eb0                ADC_CommonStructInit
 .text.ADC_Cmd  0x08001ee4       0x38 output\stm32f4xx_adc.o
                0x08001ee4                ADC_Cmd
 .text.ADC_RegularChannelConfig
                0x08001f1c      0x1bc output\stm32f4xx_adc.o
                0x08001f1c                ADC_RegularChannelConfig
 .text.ADC_SoftwareStartConv
                0x080020d8       0x20 output\stm32f4xx_adc.o
                0x080020d8                ADC_SoftwareStartConv
 .text.ADC_DMACmd
                0x080020f8       0x38 output\stm32f4xx_adc.o
                0x080020f8                ADC_DMACmd
 .text.ADC_DMARequestAfterLastTransferCmd
                0x08002130       0x38 output\stm32f4xx_adc.o
                0x08002130                ADC_DMARequestAfterLastTransferCmd
 .text.DMA_DeInit
                0x08002168      0x244 output\stm32f4xx_dma.o
                0x08002168                DMA_DeInit
 .text.DMA_Init
                0x080023ac       0xb0 output\stm32f4xx_dma.o
                0x080023ac                DMA_Init
 .text.DMA_StructInit
                0x0800245c       0x8c output\stm32f4xx_dma.o
                0x0800245c                DMA_StructInit
 .text.DMA_Cmd  0x080024e8       0x38 output\stm32f4xx_dma.o
                0x080024e8                DMA_Cmd
 .text.EXTI_Init
                0x08002520      0x138 output\stm32f4xx_exti.o
                0x08002520                EXTI_Init
 .text.EXTI_GetITStatus
                0x08002658       0x3c output\stm32f4xx_exti.o
                0x08002658                EXTI_GetITStatus
 .text.EXTI_ClearITPendingBit
                0x08002694       0x20 output\stm32f4xx_exti.o
                0x08002694                EXTI_ClearITPendingBit
 .text.GPIO_Init
                0x080026b4      0x144 output\stm32f4xx_gpio.o
                0x080026b4                GPIO_Init
 .text.GPIO_StructInit
                0x080027f8       0x3c output\stm32f4xx_gpio.o
                0x080027f8                GPIO_StructInit
 .text.GPIO_ReadInputDataBit
                0x08002834       0x3c output\stm32f4xx_gpio.o
                0x08002834                GPIO_ReadInputDataBit
 .text.GPIO_SetBits
                0x08002870       0x1c output\stm32f4xx_gpio.o
                0x08002870                GPIO_SetBits
 .text.GPIO_ResetBits
                0x0800288c       0x1c output\stm32f4xx_gpio.o
                0x0800288c                GPIO_ResetBits
 .text.GPIO_PinAFConfig
                0x080028a8       0xa8 output\stm32f4xx_gpio.o
                0x080028a8                GPIO_PinAFConfig
 .text.I2C_Init
                0x08002950      0x1ac output\stm32f4xx_i2c.o
                0x08002950                I2C_Init
 .text.I2C_Cmd  0x08002afc       0x40 output\stm32f4xx_i2c.o
                0x08002afc                I2C_Cmd
 .text.I2C_GenerateSTART
                0x08002b3c       0x40 output\stm32f4xx_i2c.o
                0x08002b3c                I2C_GenerateSTART
 .text.I2C_GenerateSTOP
                0x08002b7c       0x40 output\stm32f4xx_i2c.o
                0x08002b7c                I2C_GenerateSTOP
 .text.I2C_Send7bitAddress
                0x08002bbc       0x3c output\stm32f4xx_i2c.o
                0x08002bbc                I2C_Send7bitAddress
 .text.I2C_AcknowledgeConfig
                0x08002bf8       0x40 output\stm32f4xx_i2c.o
                0x08002bf8                I2C_AcknowledgeConfig
 .text.I2C_SendData
                0x08002c38       0x20 output\stm32f4xx_i2c.o
                0x08002c38                I2C_SendData
 .text.I2C_ReceiveData
                0x08002c58       0x1c output\stm32f4xx_i2c.o
                0x08002c58                I2C_ReceiveData
 .text.I2C_CheckEvent
                0x08002c74       0x70 output\stm32f4xx_i2c.o
                0x08002c74                I2C_CheckEvent
 .text.IWDG_WriteAccessCmd
                0x08002ce4       0x20 output\stm32f4xx_iwdg.o
                0x08002ce4                IWDG_WriteAccessCmd
 .text.IWDG_SetPrescaler
                0x08002d04       0x20 output\stm32f4xx_iwdg.o
                0x08002d04                IWDG_SetPrescaler
 .text.IWDG_SetReload
                0x08002d24       0x20 output\stm32f4xx_iwdg.o
                0x08002d24                IWDG_SetReload
 .text.IWDG_ReloadCounter
                0x08002d44       0x18 output\stm32f4xx_iwdg.o
                0x08002d44                IWDG_ReloadCounter
 .text.IWDG_Enable
                0x08002d5c       0x18 output\stm32f4xx_iwdg.o
                0x08002d5c                IWDG_Enable
 .text.RCC_GetClocksFreq
                0x08002d74      0x1cc output\stm32f4xx_rcc.o
                0x08002d74                RCC_GetClocksFreq
 .text.RCC_AHB1PeriphClockCmd
                0x08002f40       0x54 output\stm32f4xx_rcc.o
                0x08002f40                RCC_AHB1PeriphClockCmd
 .text.RCC_APB1PeriphClockCmd
                0x08002f94       0x54 output\stm32f4xx_rcc.o
                0x08002f94                RCC_APB1PeriphClockCmd
 .text.RCC_APB2PeriphClockCmd
                0x08002fe8       0x54 output\stm32f4xx_rcc.o
                0x08002fe8                RCC_APB2PeriphClockCmd
 .text.RCC_APB2PeriphResetCmd
                0x0800303c       0x54 output\stm32f4xx_rcc.o
                0x0800303c                RCC_APB2PeriphResetCmd
 .text.SYSCFG_EXTILineConfig
                0x08003090       0xb0 output\stm32f4xx_syscfg.o
                0x08003090                SYSCFG_EXTILineConfig
 .text.TIM_TimeBaseInit
                0x08003140       0xf4 output\stm32f4xx_tim.o
                0x08003140                TIM_TimeBaseInit
 .text.TIM_SetCounter
                0x08003234       0x1c output\stm32f4xx_tim.o
                0x08003234                TIM_SetCounter
 .text.TIM_SetAutoreload
                0x08003250       0x1c output\stm32f4xx_tim.o
                0x08003250                TIM_SetAutoreload
 .text.TIM_GetCounter
                0x0800326c       0x18 output\stm32f4xx_tim.o
                0x0800326c                TIM_GetCounter
 .text.TIM_Cmd  0x08003284       0x40 output\stm32f4xx_tim.o
                0x08003284                TIM_Cmd
 .text.TIM_ITConfig
                0x080032c4       0x48 output\stm32f4xx_tim.o
                0x080032c4                TIM_ITConfig
 .text.TIM_GetITStatus
                0x0800330c       0x60 output\stm32f4xx_tim.o
                0x0800330c                TIM_GetITStatus
 .text.TIM_ClearITPendingBit
                0x0800336c       0x24 output\stm32f4xx_tim.o
                0x0800336c                TIM_ClearITPendingBit
 .text.USART_Init
                0x08003390      0x1ac output\stm32f4xx_usart.o
                0x08003390                USART_Init
 .text.USART_Cmd
                0x0800353c       0x40 output\stm32f4xx_usart.o
                0x0800353c                USART_Cmd
 .text.USART_ReceiveData
                0x0800357c       0x24 output\stm32f4xx_usart.o
                0x0800357c                USART_ReceiveData
 .text.USART_ITConfig
                0x080035a0       0xa4 output\stm32f4xx_usart.o
                0x080035a0                USART_ITConfig
 .text.SystemInit
                0x08003644       0x94 output\system_stm32f4xx.o
                0x08003644                SystemInit
 .text.SetSysClock
                0x080036d8      0x188 output\system_stm32f4xx.o
 .text          0x08003860      0x370 c:/program files (x86)/gnu tools arm embedded/4.7 2013q2/bin/../lib/gcc/arm-none-eabi/4.7.4/armv7e-m\libgcc.a(_arm_addsubdf3.o)
                0x08003860                __aeabi_drsub
                0x08003868                __aeabi_dsub
                0x08003868                __subdf3
                0x0800386c                __aeabi_dadd
                0x0800386c                __adddf3
                0x08003ae4                __floatunsidf
                0x08003ae4                __aeabi_ui2d
                0x08003b04                __floatsidf
                0x08003b04                __aeabi_i2d
                0x08003b28                __aeabi_f2d
                0x08003b28                __extendsfdf2
                0x08003b64                __floatundidf
                0x08003b64                __aeabi_ul2d
                0x08003b74                __floatdidf
                0x08003b74                __aeabi_l2d
 .text          0x08003bd0      0x424 c:/program files (x86)/gnu tools arm embedded/4.7 2013q2/bin/../lib/gcc/arm-none-eabi/4.7.4/armv7e-m\libgcc.a(_arm_muldivdf3.o)
                0x08003bd0                __aeabi_dmul
                0x08003bd0                __muldf3
                0x08003e24                __divdf3
                0x08003e24                __aeabi_ddiv
 .text          0x08003ff4       0xa0 c:/program files (x86)/gnu tools arm embedded/4.7 2013q2/bin/../lib/gcc/arm-none-eabi/4.7.4/armv7e-m\libgcc.a(_arm_truncdfsf2.o)
                0x08003ff4                __truncdfsf2
                0x08003ff4                __aeabi_d2f
 .text          0x08004094      0x21c c:/program files (x86)/gnu tools arm embedded/4.7 2013q2/bin/../lib/gcc/arm-none-eabi/4.7.4/armv7e-m\libgcc.a(_arm_addsubsf3.o)
                0x08004094                __aeabi_frsub
                0x0800409c                __subsf3
                0x0800409c                __aeabi_fsub
                0x080040a0                __aeabi_fadd
                0x080040a0                __addsf3
                0x08004200                __aeabi_ui2f
                0x08004200                __floatunsisf
                0x08004208                __aeabi_i2f
                0x08004208                __floatsisf
                0x08004224                __aeabi_ul2f
                0x08004224                __floatundisf
                0x08004234                __aeabi_l2f
                0x08004234                __floatdisf
 .text          0x080042b0      0x2a0 c:/program files (x86)/gnu tools arm embedded/4.7 2013q2/bin/../lib/gcc/arm-none-eabi/4.7.4/armv7e-m\libgcc.a(_arm_muldivsf3.o)
                0x080042b0                __mulsf3
                0x080042b0                __aeabi_fmul
                0x08004418                __aeabi_fdiv
                0x08004418                __divsf3
 *(.glue_7t)
 .glue_7t       0x00000000        0x0 linker stubs
 *(.glue_7)
 .glue_7        0x00000000        0x0 linker stubs
 *(.rodata .rodata* .gnu.linkonce.r.*)

.vfp11_veneer   0x08004550        0x0
 .vfp11_veneer  0x00000000        0x0 linker stubs

.v4_bx          0x08004550        0x0
 .v4_bx         0x00000000        0x0 linker stubs

.iplt           0x08004550        0x0
 .iplt          0x00000000        0x0 output\analogue.o

.rel.dyn        0x08004550        0x0
 .rel.iplt      0x00000000        0x0 output\analogue.o

.ARM.extab
 *(.ARM.extab* .gnu.linkonce.armextab.*)
                0x08004550                __exidx_start = .

.ARM.exidx
 *(.ARM.exidx* .gnu.linkonce.armexidx.*)
                0x08004550                __exidx_end = .
                0x08004550                . = ALIGN (0x4)
                0x08004550                _etext = .
                0x08004550                _sidata = .

.data           0x20000000       0x38 load address 0x08004550
                0x20000000                _sdata = .
 *(.data .data.*)
 .data          0x20000000        0x8 output\imu.o
                0x20000000                accelConvFactor
                0x20000004                gyroConvFactor
 .data          0x20000008       0x20 output\outputs.o
                0x20000008                PPMOutputStructure
 .data          0x20000028       0x10 output\stm32f4xx_rcc.o
                0x20000038                . = ALIGN (0x4)
                0x20000038                _edata = .

.igot.plt       0x20000038        0x0 load address 0x08004588
 .igot.plt      0x00000000        0x0 output\analogue.o

.bss            0x20000038      0x1a4 load address 0x08004588
                0x20000038                _sbss = .
 *(.bss .bss.*)
 .bss           0x20000038       0x48 output\imu.o
                0x20000038                Motion
                0x20000058                MotionRaw
                0x20000078                accelRegister
                0x2000007c                gyroRegister
 .bss           0x20000080       0x48 output\inputs.o
                0x20000080                RCRadioStructure
                0x20000098                WheelRPMStructure
                0x200000b8                WheelCountStructure
 .bss           0x200000c8        0x4 output\outputs.o
                0x200000c8                pulseIndex
 *(COMMON)
 COMMON         0x200000cc       0x74 output\analogue.o
                0x200000cc                ADC_InitStructure
                0x200000e4                rawADC
                0x200000ec                GPIO_InitStructure
                0x200000f4                DMA_InitStructure
                0x20000130                ADC_CommonInitStructure
 COMMON         0x20000140       0x10 output\imu.o
                0x20000140                I2C_InitStructure
 COMMON         0x20000150       0x18 output\inputs.o
                0x20000150                TIM_InitStructure
                0x2000015c                NVIC_InitStructure
                0x20000160                EXTI_InitStructure
 COMMON         0x20000168       0x74 output\serial.o
                0x20000168                USART_InitStructure
                0x20000178                received_string
                0x200001dc                . = ALIGN (0x4)
                0x200001dc                _ebss = .

.co_stack       0x200001dc      0x804 load address 0x0800472c
                0x200001e0                . = ALIGN (0x8)
 *fill*         0x200001dc        0x4 00
 *(.co_stack .co_stack.*)
 .co_stack      0x200001e0      0x800 output\startup_stm32f4xx.o
                0x200001e0                pulStack
                0x200009e0                . = ALIGN (0x4)
                0x200009e0                _end = .
LOAD output\analogue.o
LOAD output\imu.o
LOAD output\inputs.o
LOAD output\main.o
LOAD output\misc.o
LOAD output\outputs.o
LOAD output\serial.o
LOAD output\startup_stm32f4xx.o
LOAD output\stm32f4xx_adc.o
LOAD output\stm32f4xx_dma.o
LOAD output\stm32f4xx_exti.o
LOAD output\stm32f4xx_gpio.o
LOAD output\stm32f4xx_i2c.o
LOAD output\stm32f4xx_iwdg.o
LOAD output\stm32f4xx_rcc.o
LOAD output\stm32f4xx_syscfg.o
LOAD output\stm32f4xx_tim.o
LOAD output\stm32f4xx_usart.o
LOAD output\system_stm32f4xx.o
START GROUP
LOAD c:/program files (x86)/gnu tools arm embedded/4.7 2013q2/bin/../lib/gcc/arm-none-eabi/4.7.4/armv7e-m\libgcc.a
LOAD c:/program files (x86)/gnu tools arm embedded/4.7 2013q2/bin/../lib/gcc/arm-none-eabi/4.7.4/../../../../arm-none-eabi/lib/armv7e-m\libg.a
LOAD c:/program files (x86)/gnu tools arm embedded/4.7 2013q2/bin/../lib/gcc/arm-none-eabi/4.7.4/../../../../arm-none-eabi/lib/armv7e-m\libc.a
END GROUP
OUTPUT(output\output.elf elf32-littlearm)

.debug_info     0x00000000     0x9ebd
 .debug_info    0x00000000      0x680 output\analogue.o
 .debug_info    0x00000680      0x62b output\imu.o
 .debug_info    0x00000cab      0xb4d output\inputs.o
 .debug_info    0x000017f8      0x1f1 output\main.o
 .debug_info    0x000019e9      0x596 output\misc.o
 .debug_info    0x00001f7f      0x8df output\outputs.o
 .debug_info    0x0000285e      0x798 output\serial.o
 .debug_info    0x00002ff6      0x107 output\startup_stm32f4xx.o
 .debug_info    0x000030fd      0xd18 output\stm32f4xx_adc.o
 .debug_info    0x00003e15      0x7b3 output\stm32f4xx_dma.o
 .debug_info    0x000045c8      0x368 output\stm32f4xx_exti.o
 .debug_info    0x00004930      0x647 output\stm32f4xx_gpio.o
 .debug_info    0x00004f77      0xc50 output\stm32f4xx_i2c.o
 .debug_info    0x00005bc7      0x20e output\stm32f4xx_iwdg.o
 .debug_info    0x00005dd5      0xf30 output\stm32f4xx_rcc.o
 .debug_info    0x00006d05      0x2a6 output\stm32f4xx_syscfg.o
 .debug_info    0x00006fab     0x1e81 output\stm32f4xx_tim.o
 .debug_info    0x00008e2c      0xa69 output\stm32f4xx_usart.o
 .debug_info    0x00009895      0x628 output\system_stm32f4xx.o

.debug_abbrev   0x00000000     0x18c2
 .debug_abbrev  0x00000000      0x103 output\analogue.o
 .debug_abbrev  0x00000103      0x157 output\imu.o
 .debug_abbrev  0x0000025a      0x190 output\inputs.o
 .debug_abbrev  0x000003ea       0xb2 output\main.o
 .debug_abbrev  0x0000049c      0x12b output\misc.o
 .debug_abbrev  0x000005c7      0x11b output\outputs.o
 .debug_abbrev  0x000006e2      0x16b output\serial.o
 .debug_abbrev  0x0000084d       0xb4 output\startup_stm32f4xx.o
 .debug_abbrev  0x00000901      0x19a output\stm32f4xx_adc.o
 .debug_abbrev  0x00000a9b      0x159 output\stm32f4xx_dma.o
 .debug_abbrev  0x00000bf4      0x1a9 output\stm32f4xx_exti.o
 .debug_abbrev  0x00000d9d      0x1a7 output\stm32f4xx_gpio.o
 .debug_abbrev  0x00000f44      0x168 output\stm32f4xx_i2c.o
 .debug_abbrev  0x000010ac      0x105 output\stm32f4xx_iwdg.o
 .debug_abbrev  0x000011b1      0x1be output\stm32f4xx_rcc.o
 .debug_abbrev  0x0000136f      0x135 output\stm32f4xx_syscfg.o
 .debug_abbrev  0x000014a4      0x18b output\stm32f4xx_tim.o
 .debug_abbrev  0x0000162f      0x159 output\stm32f4xx_usart.o
 .debug_abbrev  0x00001788      0x13a output\system_stm32f4xx.o

.debug_loc      0x00000000     0x4824
 .debug_loc     0x00000000       0x2c output\analogue.o
 .debug_loc     0x0000002c      0x100 output\imu.o
 .debug_loc     0x0000012c      0x280 output\inputs.o
 .debug_loc     0x000003ac       0x38 output\main.o
 .debug_loc     0x000003e4      0x118 output\misc.o
 .debug_loc     0x000004fc       0x58 output\outputs.o
 .debug_loc     0x00000554       0x9c output\serial.o
 .debug_loc     0x000005f0       0x64 output\startup_stm32f4xx.o
 .debug_loc     0x00000654      0x838 output\stm32f4xx_adc.o
 .debug_loc     0x00000e8c      0x428 output\stm32f4xx_dma.o
 .debug_loc     0x000012b4      0x1b4 output\stm32f4xx_exti.o
 .debug_loc     0x00001468      0x310 output\stm32f4xx_gpio.o
 .debug_loc     0x00001778      0x7a8 output\stm32f4xx_i2c.o
 .debug_loc     0x00001f20      0x138 output\stm32f4xx_iwdg.o
 .debug_loc     0x00002058      0xb3c output\stm32f4xx_rcc.o
 .debug_loc     0x00002b94      0x17c output\stm32f4xx_syscfg.o
 .debug_loc     0x00002d10     0x1420 output\stm32f4xx_tim.o
 .debug_loc     0x00004130      0x658 output\stm32f4xx_usart.o
 .debug_loc     0x00004788       0x9c output\system_stm32f4xx.o

.debug_aranges  0x00000000      0xc48
 .debug_aranges
                0x00000000       0x20 output\analogue.o
 .debug_aranges
                0x00000020       0x40 output\imu.o
 .debug_aranges
                0x00000060       0x88 output\inputs.o
 .debug_aranges
                0x000000e8       0x20 output\main.o
 .debug_aranges
                0x00000108       0x40 output\misc.o
 .debug_aranges
                0x00000148       0x28 output\outputs.o
 .debug_aranges
                0x00000170       0x30 output\serial.o
 .debug_aranges
                0x000001a0       0x28 output\startup_stm32f4xx.o
 .debug_aranges
                0x000001c8      0x148 output\stm32f4xx_adc.o
 .debug_aranges
                0x00000310       0xb0 output\stm32f4xx_dma.o
 .debug_aranges
                0x000003c0       0x58 output\stm32f4xx_exti.o
 .debug_aranges
                0x00000418       0x88 output\stm32f4xx_gpio.o
 .debug_aranges
                0x000004a0      0x130 output\stm32f4xx_i2c.o
 .debug_aranges
                0x000005d0       0x48 output\stm32f4xx_iwdg.o
 .debug_aranges
                0x00000618      0x1b8 output\stm32f4xx_rcc.o
 .debug_aranges
                0x000007d0       0x50 output\stm32f4xx_syscfg.o
 .debug_aranges
                0x00000820      0x2f8 output\stm32f4xx_tim.o
 .debug_aranges
                0x00000b18      0x100 output\stm32f4xx_usart.o
 .debug_aranges
                0x00000c18       0x30 output\system_stm32f4xx.o

.debug_ranges   0x00000000      0xb18
 .debug_ranges  0x00000000       0x10 output\analogue.o
 .debug_ranges  0x00000010       0x30 output\imu.o
 .debug_ranges  0x00000040       0x78 output\inputs.o
 .debug_ranges  0x000000b8       0x10 output\main.o
 .debug_ranges  0x000000c8       0x30 output\misc.o
 .debug_ranges  0x000000f8       0x18 output\outputs.o
 .debug_ranges  0x00000110       0x20 output\serial.o
 .debug_ranges  0x00000130       0x18 output\startup_stm32f4xx.o
 .debug_ranges  0x00000148      0x138 output\stm32f4xx_adc.o
 .debug_ranges  0x00000280       0xa0 output\stm32f4xx_dma.o
 .debug_ranges  0x00000320       0x48 output\stm32f4xx_exti.o
 .debug_ranges  0x00000368       0x78 output\stm32f4xx_gpio.o
 .debug_ranges  0x000003e0      0x120 output\stm32f4xx_i2c.o
 .debug_ranges  0x00000500       0x38 output\stm32f4xx_iwdg.o
 .debug_ranges  0x00000538      0x1a8 output\stm32f4xx_rcc.o
 .debug_ranges  0x000006e0       0x40 output\stm32f4xx_syscfg.o
 .debug_ranges  0x00000720      0x2e8 output\stm32f4xx_tim.o
 .debug_ranges  0x00000a08       0xf0 output\stm32f4xx_usart.o
 .debug_ranges  0x00000af8       0x20 output\system_stm32f4xx.o

.debug_line     0x00000000     0x360d
 .debug_line    0x00000000      0x198 output\analogue.o
 .debug_line    0x00000198      0x27f output\imu.o
 .debug_line    0x00000417      0x30b output\inputs.o
 .debug_line    0x00000722      0x144 output\main.o
 .debug_line    0x00000866      0x18a output\misc.o
 .debug_line    0x000009f0      0x1c9 output\outputs.o
 .debug_line    0x00000bb9      0x1c0 output\serial.o
 .debug_line    0x00000d79       0x72 output\startup_stm32f4xx.o
 .debug_line    0x00000deb      0x499 output\stm32f4xx_adc.o
 .debug_line    0x00001284      0x321 output\stm32f4xx_dma.o
 .debug_line    0x000015a5      0x1e1 output\stm32f4xx_exti.o
 .debug_line    0x00001786      0x28a output\stm32f4xx_gpio.o
 .debug_line    0x00001a10      0x44b output\stm32f4xx_i2c.o
 .debug_line    0x00001e5b      0x177 output\stm32f4xx_iwdg.o
 .debug_line    0x00001fd2      0x588 output\stm32f4xx_rcc.o
 .debug_line    0x0000255a      0x192 output\stm32f4xx_syscfg.o
 .debug_line    0x000026ec      0x9be output\stm32f4xx_tim.o
 .debug_line    0x000030aa      0x3ef output\stm32f4xx_usart.o
 .debug_line    0x00003499      0x174 output\system_stm32f4xx.o

.debug_str      0x00000000     0x3905
 .debug_str     0x00000000      0x58f output\analogue.o
                                0x5cb (size before relaxing)
 .debug_str     0x0000058f      0x1d6 output\imu.o
                                0x4cf (size before relaxing)
 .debug_str     0x00000765      0x8f2 output\inputs.o
                                0xc65 (size before relaxing)
 .debug_str     0x00001057       0x6c output\main.o
                                0x1e8 (size before relaxing)
 .debug_str     0x000010c3      0x194 output\misc.o
                                0x388 (size before relaxing)
 .debug_str     0x00001257       0x4b output\outputs.o
                                0xa6d (size before relaxing)
 .debug_str     0x000012a2       0xfa output\serial.o
                                0x9c6 (size before relaxing)
 .debug_str     0x0000139c       0x81 output\startup_stm32f4xx.o
                                0x114 (size before relaxing)
 .debug_str     0x0000141d      0x4ec output\stm32f4xx_adc.o
                                0x7b3 (size before relaxing)
 .debug_str     0x00001909      0x244 output\stm32f4xx_dma.o
                                0x4fb (size before relaxing)
 .debug_str     0x00001b4d       0xdd output\stm32f4xx_exti.o
                                0x310 (size before relaxing)
 .debug_str     0x00001c2a      0x17a output\stm32f4xx_gpio.o
                                0x44f (size before relaxing)
 .debug_str     0x00001da4      0x3ce output\stm32f4xx_i2c.o
                                0x661 (size before relaxing)
 .debug_str     0x00002172       0xc5 output\stm32f4xx_iwdg.o
                                0x21b (size before relaxing)
 .debug_str     0x00002237      0x6eb output\stm32f4xx_rcc.o
                                0x944 (size before relaxing)
 .debug_str     0x00002922      0x15a output\stm32f4xx_syscfg.o
                                0x2c8 (size before relaxing)
 .debug_str     0x00002a7c      0xa5e output\stm32f4xx_tim.o
                                0xd7f (size before relaxing)
 .debug_str     0x000034da      0x387 output\stm32f4xx_usart.o
                                0x63e (size before relaxing)
 .debug_str     0x00003861       0xa4 output\system_stm32f4xx.o
                                0x36f (size before relaxing)

.comment        0x00000000       0x70
 .comment       0x00000000       0x70 output\analogue.o
                                 0x71 (size before relaxing)
 .comment       0x00000000       0x71 output\imu.o
 .comment       0x00000000       0x71 output\inputs.o
 .comment       0x00000000       0x71 output\main.o
 .comment       0x00000000       0x71 output\misc.o
 .comment       0x00000000       0x71 output\outputs.o
 .comment       0x00000000       0x71 output\serial.o
 .comment       0x00000000       0x71 output\startup_stm32f4xx.o
 .comment       0x00000000       0x71 output\stm32f4xx_adc.o
 .comment       0x00000000       0x71 output\stm32f4xx_dma.o
 .comment       0x00000000       0x71 output\stm32f4xx_exti.o
 .comment       0x00000000       0x71 output\stm32f4xx_gpio.o
 .comment       0x00000000       0x71 output\stm32f4xx_i2c.o
 .comment       0x00000000       0x71 output\stm32f4xx_iwdg.o
 .comment       0x00000000       0x71 output\stm32f4xx_rcc.o
 .comment       0x00000000       0x71 output\stm32f4xx_syscfg.o
 .comment       0x00000000       0x71 output\stm32f4xx_tim.o
 .comment       0x00000000       0x71 output\stm32f4xx_usart.o
 .comment       0x00000000       0x71 output\system_stm32f4xx.o

.ARM.attributes
                0x00000000       0x33
 .ARM.attributes
                0x00000000       0x33 output\analogue.o
 .ARM.attributes
                0x00000033       0x33 output\imu.o
 .ARM.attributes
                0x00000066       0x33 output\inputs.o
 .ARM.attributes
                0x00000099       0x33 output\main.o
 .ARM.attributes
                0x000000cc       0x33 output\misc.o
 .ARM.attributes
                0x000000ff       0x33 output\outputs.o
 .ARM.attributes
                0x00000132       0x33 output\serial.o
 .ARM.attributes
                0x00000165       0x33 output\startup_stm32f4xx.o
 .ARM.attributes
                0x00000198       0x33 output\stm32f4xx_adc.o
 .ARM.attributes
                0x000001cb       0x33 output\stm32f4xx_dma.o
 .ARM.attributes
                0x000001fe       0x33 output\stm32f4xx_exti.o
 .ARM.attributes
                0x00000231       0x33 output\stm32f4xx_gpio.o
 .ARM.attributes
                0x00000264       0x33 output\stm32f4xx_i2c.o
 .ARM.attributes
                0x00000297       0x33 output\stm32f4xx_iwdg.o
 .ARM.attributes
                0x000002ca       0x33 output\stm32f4xx_rcc.o
 .ARM.attributes
                0x000002fd       0x33 output\stm32f4xx_syscfg.o
 .ARM.attributes
                0x00000330       0x33 output\stm32f4xx_tim.o
 .ARM.attributes
                0x00000363       0x33 output\stm32f4xx_usart.o
 .ARM.attributes
                0x00000396       0x33 output\system_stm32f4xx.o
 .ARM.attributes
                0x000003c9       0x1e c:/program files (x86)/gnu tools arm embedded/4.7 2013q2/bin/../lib/gcc/arm-none-eabi/4.7.4/armv7e-m\libgcc.a(_arm_addsubdf3.o)
 .ARM.attributes
                0x000003e7       0x1e c:/program files (x86)/gnu tools arm embedded/4.7 2013q2/bin/../lib/gcc/arm-none-eabi/4.7.4/armv7e-m\libgcc.a(_arm_muldivdf3.o)
 .ARM.attributes
                0x00000405       0x1e c:/program files (x86)/gnu tools arm embedded/4.7 2013q2/bin/../lib/gcc/arm-none-eabi/4.7.4/armv7e-m\libgcc.a(_arm_truncdfsf2.o)
 .ARM.attributes
                0x00000423       0x1e c:/program files (x86)/gnu tools arm embedded/4.7 2013q2/bin/../lib/gcc/arm-none-eabi/4.7.4/armv7e-m\libgcc.a(_arm_addsubsf3.o)
 .ARM.attributes
                0x00000441       0x1e c:/program files (x86)/gnu tools arm embedded/4.7 2013q2/bin/../lib/gcc/arm-none-eabi/4.7.4/armv7e-m\libgcc.a(_arm_muldivsf3.o)

.debug_frame    0x00000000     0x2630
 .debug_frame   0x00000000       0x2c output\analogue.o
 .debug_frame   0x0000002c       0xac output\imu.o
 .debug_frame   0x000000d8      0x1a0 output\inputs.o
 .debug_frame   0x00000278       0x30 output\main.o
 .debug_frame   0x000002a8       0x9c output\misc.o
 .debug_frame   0x00000344       0x48 output\outputs.o
 .debug_frame   0x0000038c       0x6c output\serial.o
 .debug_frame   0x000003f8       0x48 output\startup_stm32f4xx.o
 .debug_frame   0x00000440      0x434 output\stm32f4xx_adc.o
 .debug_frame   0x00000874      0x224 output\stm32f4xx_dma.o
 .debug_frame   0x00000a98       0xec output\stm32f4xx_exti.o
 .debug_frame   0x00000b84      0x19c output\stm32f4xx_gpio.o
 .debug_frame   0x00000d20      0x3ec output\stm32f4xx_i2c.o
 .debug_frame   0x0000110c       0xb0 output\stm32f4xx_iwdg.o
 .debug_frame   0x000011bc      0x5b8 output\stm32f4xx_rcc.o
 .debug_frame   0x00001774       0xd8 output\stm32f4xx_syscfg.o
 .debug_frame   0x0000184c      0xa3c output\stm32f4xx_tim.o
 .debug_frame   0x00002288      0x344 output\stm32f4xx_usart.o
 .debug_frame   0x000025cc       0x64 output\system_stm32f4xx.o
