Archive member included because of file (symbol)

c:/program files (x86)/gnu tools arm embedded/4.7 2013q2/bin/../lib/gcc/arm-none-eabi/4.7.4/armv7e-m\libgcc.a(_arm_addsubdf3.o)
                              output\imu.o (__aeabi_dadd)
c:/program files (x86)/gnu tools arm embedded/4.7 2013q2/bin/../lib/gcc/arm-none-eabi/4.7.4/armv7e-m\libgcc.a(_arm_muldivdf3.o)
                              output\inputs.o (__aeabi_dmul)
c:/program files (x86)/gnu tools arm embedded/4.7 2013q2/bin/../lib/gcc/arm-none-eabi/4.7.4/armv7e-m\libgcc.a(_arm_truncdfsf2.o)
                              output\imu.o (__aeabi_d2f)
c:/program files (x86)/gnu tools arm embedded/4.7 2013q2/bin/../lib/gcc/arm-none-eabi/4.7.4/armv7e-m\libgcc.a(_arm_addsubsf3.o)
                              output\imu.o (__aeabi_i2f)
c:/program files (x86)/gnu tools arm embedded/4.7 2013q2/bin/../lib/gcc/arm-none-eabi/4.7.4/armv7e-m\libgcc.a(_arm_muldivsf3.o)
                              output\imu.o (__aeabi_fdiv)

Allocating common symbols
Common symbol       size              file

ADC_InitStructure   0x18              output\analogue.o
I2C_InitStructure   0x10              output\imu.o
rawADC              0x8               output\analogue.o
TIM_InitStructure   0xc               output\inputs.o
GPIO_InitStructure  0x8               output\analogue.o
USART_InitStructure
                    0x10              output\serial.o
NVIC_InitStructure  0x4               output\inputs.o
EXTI_InitStructure  0x8               output\inputs.o
DMA_InitStructure   0x3c              output\analogue.o
ADC_CommonInitStructure
                    0x10              output\analogue.o
received_string     0x64              output\serial.o

Discarded input sections

 .text          0x00000000        0x0 output\analogue.o
 .data          0x00000000        0x0 output\analogue.o
 .bss           0x00000000        0x0 output\analogue.o
 .text          0x00000000        0x0 output\imu.o
 .data          0x00000000        0x0 output\imu.o
 .text          0x00000000        0x0 output\inputs.o
 .data          0x00000000        0x0 output\inputs.o
 .text          0x00000000        0x0 output\main.o
 .data          0x00000000        0x0 output\main.o
 .bss           0x00000000        0x0 output\main.o
 .text          0x00000000        0x0 output\misc.o
 .data          0x00000000        0x0 output\misc.o
 .bss           0x00000000        0x0 output\misc.o
 .text.NVIC_PriorityGroupConfig
                0x00000000       0x28 output\misc.o
 .text.NVIC_SetVectorTable
                0x00000000       0x2c output\misc.o
 .text.NVIC_SystemLPConfig
                0x00000000       0x54 output\misc.o
 .text.SysTick_CLKSourceConfig
                0x00000000       0x4c output\misc.o
 .text          0x00000000        0x0 output\outputs.o
 .data          0x00000000        0x0 output\outputs.o
 .bss           0x00000000        0x0 output\outputs.o
 .text          0x00000000        0x0 output\serial.o
 .data          0x00000000        0x1 output\serial.o
 .bss           0x00000000        0x8 output\serial.o
 .text.USARTSendString
                0x00000000       0x98 output\serial.o
 .text          0x00000000        0x0 output\startup_stm32f4xx.o
 .data          0x00000000        0x0 output\startup_stm32f4xx.o
 .bss           0x00000000        0x0 output\startup_stm32f4xx.o
 .text          0x00000000        0x0 output\stm32f4xx_adc.o
 .data          0x00000000        0x0 output\stm32f4xx_adc.o
 .bss           0x00000000        0x0 output\stm32f4xx_adc.o
 .text.ADC_AnalogWatchdogCmd
                0x00000000       0x3c output\stm32f4xx_adc.o
 .text.ADC_AnalogWatchdogThresholdsConfig
                0x00000000       0x28 output\stm32f4xx_adc.o
 .text.ADC_AnalogWatchdogSingleChannelConfig
                0x00000000       0x38 output\stm32f4xx_adc.o
 .text.ADC_TempSensorVrefintCmd
                0x00000000       0x4c output\stm32f4xx_adc.o
 .text.ADC_VBATCmd
                0x00000000       0x4c output\stm32f4xx_adc.o
 .text.ADC_GetSoftwareStartConvStatus
                0x00000000       0x38 output\stm32f4xx_adc.o
 .text.ADC_EOCOnEachRegularChannelCmd
                0x00000000       0x38 output\stm32f4xx_adc.o
 .text.ADC_ContinuousModeCmd
                0x00000000       0x38 output\stm32f4xx_adc.o
 .text.ADC_DiscModeChannelCountConfig
                0x00000000       0x4c output\stm32f4xx_adc.o
 .text.ADC_DiscModeCmd
                0x00000000       0x38 output\stm32f4xx_adc.o
 .text.ADC_GetConversionValue
                0x00000000       0x1c output\stm32f4xx_adc.o
 .text.ADC_GetMultiModeConversionValue
                0x00000000       0x18 output\stm32f4xx_adc.o
 .text.ADC_MultiModeDMARequestAfterLastTransferCmd
                0x00000000       0x4c output\stm32f4xx_adc.o
 .text.ADC_InjectedChannelConfig
                0x00000000      0x144 output\stm32f4xx_adc.o
 .text.ADC_InjectedSequencerLengthConfig
                0x00000000       0x4c output\stm32f4xx_adc.o
 .text.ADC_SetInjectedOffset
                0x00000000       0x34 output\stm32f4xx_adc.o
 .text.ADC_ExternalTrigInjectedConvConfig
                0x00000000       0x38 output\stm32f4xx_adc.o
 .text.ADC_ExternalTrigInjectedConvEdgeConfig
                0x00000000       0x38 output\stm32f4xx_adc.o
 .text.ADC_SoftwareStartInjectedConv
                0x00000000       0x20 output\stm32f4xx_adc.o
 .text.ADC_GetSoftwareStartInjectedConvCmdStatus
                0x00000000       0x38 output\stm32f4xx_adc.o
 .text.ADC_AutoInjectedConvCmd
                0x00000000       0x38 output\stm32f4xx_adc.o
 .text.ADC_InjectedDiscModeCmd
                0x00000000       0x38 output\stm32f4xx_adc.o
 .text.ADC_GetInjectedConversionValue
                0x00000000       0x34 output\stm32f4xx_adc.o
 .text.ADC_ITConfig
                0x00000000       0x58 output\stm32f4xx_adc.o
 .text.ADC_GetFlagStatus
                0x00000000       0x3c output\stm32f4xx_adc.o
 .text.ADC_ClearFlag
                0x00000000       0x20 output\stm32f4xx_adc.o
 .text.ADC_GetITStatus
                0x00000000       0x6c output\stm32f4xx_adc.o
 .text.ADC_ClearITPendingBit
                0x00000000       0x30 output\stm32f4xx_adc.o
 .text          0x00000000        0x0 output\stm32f4xx_dma.o
 .data          0x00000000        0x0 output\stm32f4xx_dma.o
 .bss           0x00000000        0x0 output\stm32f4xx_dma.o
 .text.DMA_PeriphIncOffsetSizeConfig
                0x00000000       0x34 output\stm32f4xx_dma.o
 .text.DMA_FlowControllerConfig
                0x00000000       0x34 output\stm32f4xx_dma.o
 .text.DMA_SetCurrDataCounter
                0x00000000       0x1c output\stm32f4xx_dma.o
 .text.DMA_GetCurrDataCounter
                0x00000000       0x1c output\stm32f4xx_dma.o
 .text.DMA_DoubleBufferModeConfig
                0x00000000       0x3c output\stm32f4xx_dma.o
 .text.DMA_DoubleBufferModeCmd
                0x00000000       0x38 output\stm32f4xx_dma.o
 .text.DMA_MemoryTargetConfig
                0x00000000       0x2c output\stm32f4xx_dma.o
 .text.DMA_GetCurrentMemoryTarget
                0x00000000       0x38 output\stm32f4xx_dma.o
 .text.DMA_GetCmdStatus
                0x00000000       0x38 output\stm32f4xx_dma.o
 .text.DMA_GetFIFOStatus
                0x00000000       0x28 output\stm32f4xx_dma.o
 .text.DMA_GetFlagStatus
                0x00000000       0x84 output\stm32f4xx_dma.o
 .text.DMA_ClearFlag
                0x00000000       0x60 output\stm32f4xx_dma.o
 .text.DMA_ITConfig
                0x00000000       0x74 output\stm32f4xx_dma.o
 .text.DMA_GetITStatus
                0x00000000       0xc0 output\stm32f4xx_dma.o
 .text.DMA_ClearITPendingBit
                0x00000000       0x60 output\stm32f4xx_dma.o
 .text          0x00000000        0x0 output\stm32f4xx_exti.o
 .data          0x00000000        0x0 output\stm32f4xx_exti.o
 .bss           0x00000000        0x0 output\stm32f4xx_exti.o
 .text.EXTI_DeInit
                0x00000000       0x54 output\stm32f4xx_exti.o
 .text.EXTI_StructInit
                0x00000000       0x34 output\stm32f4xx_exti.o
 .text.EXTI_GenerateSWInterrupt
                0x00000000       0x2c output\stm32f4xx_exti.o
 .text.EXTI_GetFlagStatus
                0x00000000       0x3c output\stm32f4xx_exti.o
 .text.EXTI_ClearFlag
                0x00000000       0x20 output\stm32f4xx_exti.o
 .text          0x00000000        0x0 output\stm32f4xx_gpio.o
 .data          0x00000000        0x0 output\stm32f4xx_gpio.o
 .bss           0x00000000        0x0 output\stm32f4xx_gpio.o
 .text.GPIO_DeInit
                0x00000000      0x1c8 output\stm32f4xx_gpio.o
 .text.GPIO_PinLockConfig
                0x00000000       0x44 output\stm32f4xx_gpio.o
 .text.GPIO_ReadInputData
                0x00000000       0x1c output\stm32f4xx_gpio.o
 .text.GPIO_ReadOutputDataBit
                0x00000000       0x3c output\stm32f4xx_gpio.o
 .text.GPIO_ReadOutputData
                0x00000000       0x1c output\stm32f4xx_gpio.o
 .text.GPIO_WriteBit
                0x00000000       0x30 output\stm32f4xx_gpio.o
 .text.GPIO_Write
                0x00000000       0x1c output\stm32f4xx_gpio.o
 .text.GPIO_ToggleBits
                0x00000000       0x24 output\stm32f4xx_gpio.o
 .text          0x00000000        0x0 output\stm32f4xx_i2c.o
 .data          0x00000000        0x0 output\stm32f4xx_i2c.o
 .bss           0x00000000        0x0 output\stm32f4xx_i2c.o
 .text.I2C_DeInit
                0x00000000       0x88 output\stm32f4xx_i2c.o
 .text.I2C_StructInit
                0x00000000       0x44 output\stm32f4xx_i2c.o
 .text.I2C_AnalogFilterCmd
                0x00000000       0x40 output\stm32f4xx_i2c.o
 .text.I2C_DigitalFilterConfig
                0x00000000       0x40 output\stm32f4xx_i2c.o
 .text.I2C_OwnAddress2Config
                0x00000000       0x44 output\stm32f4xx_i2c.o
 .text.I2C_DualAddressCmd
                0x00000000       0x40 output\stm32f4xx_i2c.o
 .text.I2C_GeneralCallCmd
                0x00000000       0x40 output\stm32f4xx_i2c.o
 .text.I2C_SoftwareResetCmd
                0x00000000       0x48 output\stm32f4xx_i2c.o
 .text.I2C_StretchClockCmd
                0x00000000       0x40 output\stm32f4xx_i2c.o
 .text.I2C_FastModeDutyCycleConfig
                0x00000000       0x40 output\stm32f4xx_i2c.o
 .text.I2C_NACKPositionConfig
                0x00000000       0x40 output\stm32f4xx_i2c.o
 .text.I2C_SMBusAlertConfig
                0x00000000       0x40 output\stm32f4xx_i2c.o
 .text.I2C_ARPCmd
                0x00000000       0x40 output\stm32f4xx_i2c.o
 .text.I2C_TransmitPEC
                0x00000000       0x40 output\stm32f4xx_i2c.o
 .text.I2C_PECPositionConfig
                0x00000000       0x40 output\stm32f4xx_i2c.o
 .text.I2C_CalculatePEC
                0x00000000       0x40 output\stm32f4xx_i2c.o
 .text.I2C_GetPEC
                0x00000000       0x24 output\stm32f4xx_i2c.o
 .text.I2C_DMACmd
                0x00000000       0x40 output\stm32f4xx_i2c.o
 .text.I2C_DMALastTransferCmd
                0x00000000       0x40 output\stm32f4xx_i2c.o
 .text.I2C_ReadRegister
                0x00000000       0x30 output\stm32f4xx_i2c.o
 .text.I2C_ITConfig
                0x00000000       0x48 output\stm32f4xx_i2c.o
 .text.I2C_GetLastEvent
                0x00000000       0x4c output\stm32f4xx_i2c.o
 .text.I2C_GetFlagStatus
                0x00000000       0x78 output\stm32f4xx_i2c.o
 .text.I2C_ClearFlag
                0x00000000       0x30 output\stm32f4xx_i2c.o
 .text.I2C_GetITStatus
                0x00000000       0x64 output\stm32f4xx_i2c.o
 .text.I2C_ClearITPendingBit
                0x00000000       0x30 output\stm32f4xx_i2c.o
 .text          0x00000000        0x0 output\stm32f4xx_rcc.o
 .bss           0x00000000        0x0 output\stm32f4xx_rcc.o
 .text.RCC_DeInit
                0x00000000       0xbc output\stm32f4xx_rcc.o
 .text.RCC_HSEConfig
                0x00000000       0x30 output\stm32f4xx_rcc.o
 .text.RCC_WaitForHSEStartUp
                0x00000000       0x64 output\stm32f4xx_rcc.o
 .text.RCC_AdjustHSICalibrationValue
                0x00000000       0x48 output\stm32f4xx_rcc.o
 .text.RCC_HSICmd
                0x00000000       0x20 output\stm32f4xx_rcc.o
 .text.RCC_LSEConfig
                0x00000000       0x60 output\stm32f4xx_rcc.o
 .text.RCC_LSICmd
                0x00000000       0x20 output\stm32f4xx_rcc.o
 .text.RCC_PLLConfig
                0x00000000       0x48 output\stm32f4xx_rcc.o
 .text.RCC_PLLCmd
                0x00000000       0x20 output\stm32f4xx_rcc.o
 .text.RCC_PLLI2SConfig
                0x00000000       0x30 output\stm32f4xx_rcc.o
 .text.RCC_PLLI2SCmd
                0x00000000       0x20 output\stm32f4xx_rcc.o
 .text.RCC_PLLSAIConfig
                0x00000000       0x38 output\stm32f4xx_rcc.o
 .text.RCC_PLLSAICmd
                0x00000000       0x20 output\stm32f4xx_rcc.o
 .text.RCC_ClockSecuritySystemCmd
                0x00000000       0x20 output\stm32f4xx_rcc.o
 .text.RCC_MCO1Config
                0x00000000       0x48 output\stm32f4xx_rcc.o
 .text.RCC_MCO2Config
                0x00000000       0x48 output\stm32f4xx_rcc.o
 .text.RCC_SYSCLKConfig
                0x00000000       0x40 output\stm32f4xx_rcc.o
 .text.RCC_GetSYSCLKSource
                0x00000000       0x20 output\stm32f4xx_rcc.o
 .text.RCC_HCLKConfig
                0x00000000       0x40 output\stm32f4xx_rcc.o
 .text.RCC_PCLK1Config
                0x00000000       0x40 output\stm32f4xx_rcc.o
 .text.RCC_PCLK2Config
                0x00000000       0x44 output\stm32f4xx_rcc.o
 .text.RCC_RTCCLKConfig
                0x00000000       0x74 output\stm32f4xx_rcc.o
 .text.RCC_RTCCLKCmd
                0x00000000       0x20 output\stm32f4xx_rcc.o
 .text.RCC_BackupResetCmd
                0x00000000       0x20 output\stm32f4xx_rcc.o
 .text.RCC_I2SCLKConfig
                0x00000000       0x20 output\stm32f4xx_rcc.o
 .text.RCC_SAIPLLI2SClkDivConfig
                0x00000000       0x48 output\stm32f4xx_rcc.o
 .text.RCC_SAIPLLSAIClkDivConfig
                0x00000000       0x4c output\stm32f4xx_rcc.o
 .text.RCC_SAIBlockACLKConfig
                0x00000000       0x44 output\stm32f4xx_rcc.o
 .text.RCC_SAIBlockBCLKConfig
                0x00000000       0x44 output\stm32f4xx_rcc.o
 .text.RCC_LTDCCLKDivConfig
                0x00000000       0x44 output\stm32f4xx_rcc.o
 .text.RCC_TIMCLKPresConfig
                0x00000000       0x20 output\stm32f4xx_rcc.o
 .text.RCC_AHB2PeriphClockCmd
                0x00000000       0x54 output\stm32f4xx_rcc.o
 .text.RCC_AHB3PeriphClockCmd
                0x00000000       0x54 output\stm32f4xx_rcc.o
 .text.RCC_AHB1PeriphResetCmd
                0x00000000       0x54 output\stm32f4xx_rcc.o
 .text.RCC_AHB2PeriphResetCmd
                0x00000000       0x54 output\stm32f4xx_rcc.o
 .text.RCC_AHB3PeriphResetCmd
                0x00000000       0x54 output\stm32f4xx_rcc.o
 .text.RCC_APB1PeriphResetCmd
                0x00000000       0x54 output\stm32f4xx_rcc.o
 .text.RCC_AHB1PeriphClockLPModeCmd
                0x00000000       0x54 output\stm32f4xx_rcc.o
 .text.RCC_AHB2PeriphClockLPModeCmd
                0x00000000       0x54 output\stm32f4xx_rcc.o
 .text.RCC_AHB3PeriphClockLPModeCmd
                0x00000000       0x54 output\stm32f4xx_rcc.o
 .text.RCC_APB1PeriphClockLPModeCmd
                0x00000000       0x54 output\stm32f4xx_rcc.o
 .text.RCC_APB2PeriphClockLPModeCmd
                0x00000000       0x54 output\stm32f4xx_rcc.o
 .text.RCC_ITConfig
                0x00000000       0x60 output\stm32f4xx_rcc.o
 .text.RCC_GetFlagStatus
                0x00000000       0x90 output\stm32f4xx_rcc.o
 .text.RCC_ClearFlag
                0x00000000       0x24 output\stm32f4xx_rcc.o
 .text.RCC_GetITStatus
                0x00000000       0x40 output\stm32f4xx_rcc.o
 .text.RCC_ClearITPendingBit
                0x00000000       0x20 output\stm32f4xx_rcc.o
 .text          0x00000000        0x0 output\stm32f4xx_syscfg.o
 .data          0x00000000        0x0 output\stm32f4xx_syscfg.o
 .bss           0x00000000        0x0 output\stm32f4xx_syscfg.o
 .text.SYSCFG_DeInit
                0x00000000       0x20 output\stm32f4xx_syscfg.o
 .text.SYSCFG_MemoryRemapConfig
                0x00000000       0x20 output\stm32f4xx_syscfg.o
 .text.SYSCFG_MemorySwappingBank
                0x00000000       0x20 output\stm32f4xx_syscfg.o
 .text.SYSCFG_ETH_MediaInterfaceConfig
                0x00000000       0x20 output\stm32f4xx_syscfg.o
 .text.SYSCFG_CompensationCellCmd
                0x00000000       0x20 output\stm32f4xx_syscfg.o
 .text.SYSCFG_GetCompensationCellStatus
                0x00000000       0x3c output\stm32f4xx_syscfg.o
 .text          0x00000000        0x0 output\stm32f4xx_tim.o
 .data          0x00000000        0x0 output\stm32f4xx_tim.o
 .bss           0x00000000        0x0 output\stm32f4xx_tim.o
 .text.TIM_DeInit
                0x00000000      0x238 output\stm32f4xx_tim.o
 .text.TIM_TimeBaseStructInit
                0x00000000       0x3c output\stm32f4xx_tim.o
 .text.TIM_PrescalerConfig
                0x00000000       0x28 output\stm32f4xx_tim.o
 .text.TIM_CounterModeConfig
                0x00000000       0x38 output\stm32f4xx_tim.o
 .text.TIM_SetAutoreload
                0x00000000       0x1c output\stm32f4xx_tim.o
 .text.TIM_GetPrescaler
                0x00000000       0x1c output\stm32f4xx_tim.o
 .text.TIM_UpdateDisableConfig
                0x00000000       0x40 output\stm32f4xx_tim.o
 .text.TIM_UpdateRequestConfig
                0x00000000       0x40 output\stm32f4xx_tim.o
 .text.TIM_ARRPreloadConfig
                0x00000000       0x40 output\stm32f4xx_tim.o
 .text.TIM_SelectOnePulseMode
                0x00000000       0x38 output\stm32f4xx_tim.o
 .text.TIM_SetClockDivision
                0x00000000       0x38 output\stm32f4xx_tim.o
 .text.TIM_OC1Init
                0x00000000       0xfc output\stm32f4xx_tim.o
 .text.TIM_OC2Init
                0x00000000      0x128 output\stm32f4xx_tim.o
 .text.TIM_OC3Init
                0x00000000      0x120 output\stm32f4xx_tim.o
 .text.TIM_OC4Init
                0x00000000       0xe0 output\stm32f4xx_tim.o
 .text.TIM_OCStructInit
                0x00000000       0x54 output\stm32f4xx_tim.o
 .text.TIM_SelectOCxM
                0x00000000       0xc0 output\stm32f4xx_tim.o
 .text.TIM_SetCompare1
                0x00000000       0x1c output\stm32f4xx_tim.o
 .text.TIM_SetCompare2
                0x00000000       0x1c output\stm32f4xx_tim.o
 .text.TIM_SetCompare3
                0x00000000       0x1c output\stm32f4xx_tim.o
 .text.TIM_SetCompare4
                0x00000000       0x1c output\stm32f4xx_tim.o
 .text.TIM_ForcedOC1Config
                0x00000000       0x38 output\stm32f4xx_tim.o
 .text.TIM_ForcedOC2Config
                0x00000000       0x40 output\stm32f4xx_tim.o
 .text.TIM_ForcedOC3Config
                0x00000000       0x38 output\stm32f4xx_tim.o
 .text.TIM_ForcedOC4Config
                0x00000000       0x40 output\stm32f4xx_tim.o
 .text.TIM_OC1PreloadConfig
                0x00000000       0x38 output\stm32f4xx_tim.o
 .text.TIM_OC2PreloadConfig
                0x00000000       0x40 output\stm32f4xx_tim.o
 .text.TIM_OC3PreloadConfig
                0x00000000       0x38 output\stm32f4xx_tim.o
 .text.TIM_OC4PreloadConfig
                0x00000000       0x40 output\stm32f4xx_tim.o
 .text.TIM_OC1FastConfig
                0x00000000       0x38 output\stm32f4xx_tim.o
 .text.TIM_OC2FastConfig
                0x00000000       0x40 output\stm32f4xx_tim.o
 .text.TIM_OC3FastConfig
                0x00000000       0x38 output\stm32f4xx_tim.o
 .text.TIM_OC4FastConfig
                0x00000000       0x40 output\stm32f4xx_tim.o
 .text.TIM_ClearOC1Ref
                0x00000000       0x38 output\stm32f4xx_tim.o
 .text.TIM_ClearOC2Ref
                0x00000000       0x44 output\stm32f4xx_tim.o
 .text.TIM_ClearOC3Ref
                0x00000000       0x38 output\stm32f4xx_tim.o
 .text.TIM_ClearOC4Ref
                0x00000000       0x44 output\stm32f4xx_tim.o
 .text.TIM_OC1PolarityConfig
                0x00000000       0x38 output\stm32f4xx_tim.o
 .text.TIM_OC1NPolarityConfig
                0x00000000       0x38 output\stm32f4xx_tim.o
 .text.TIM_OC2PolarityConfig
                0x00000000       0x40 output\stm32f4xx_tim.o
 .text.TIM_OC2NPolarityConfig
                0x00000000       0x40 output\stm32f4xx_tim.o
 .text.TIM_OC3PolarityConfig
                0x00000000       0x40 output\stm32f4xx_tim.o
 .text.TIM_OC3NPolarityConfig
                0x00000000       0x40 output\stm32f4xx_tim.o
 .text.TIM_OC4PolarityConfig
                0x00000000       0x40 output\stm32f4xx_tim.o
 .text.TIM_CCxCmd
                0x00000000       0x5c output\stm32f4xx_tim.o
 .text.TIM_CCxNCmd
                0x00000000       0x5c output\stm32f4xx_tim.o
 .text.TIM_ICInit
                0x00000000       0xa8 output\stm32f4xx_tim.o
 .text.TIM_ICStructInit
                0x00000000       0x3c output\stm32f4xx_tim.o
 .text.TIM_PWMIConfig
                0x00000000       0xc4 output\stm32f4xx_tim.o
 .text.TIM_GetCapture1
                0x00000000       0x18 output\stm32f4xx_tim.o
 .text.TIM_GetCapture2
                0x00000000       0x18 output\stm32f4xx_tim.o
 .text.TIM_GetCapture3
                0x00000000       0x18 output\stm32f4xx_tim.o
 .text.TIM_GetCapture4
                0x00000000       0x18 output\stm32f4xx_tim.o
 .text.TIM_SetIC1Prescaler
                0x00000000       0x38 output\stm32f4xx_tim.o
 .text.TIM_SetIC2Prescaler
                0x00000000       0x3c output\stm32f4xx_tim.o
 .text.TIM_SetIC3Prescaler
                0x00000000       0x38 output\stm32f4xx_tim.o
 .text.TIM_SetIC4Prescaler
                0x00000000       0x3c output\stm32f4xx_tim.o
 .text.TIM_BDTRConfig
                0x00000000       0x50 output\stm32f4xx_tim.o
 .text.TIM_BDTRStructInit
                0x00000000       0x4c output\stm32f4xx_tim.o
 .text.TIM_CtrlPWMOutputs
                0x00000000       0x50 output\stm32f4xx_tim.o
 .text.TIM_SelectCOM
                0x00000000       0x40 output\stm32f4xx_tim.o
 .text.TIM_CCPreloadControl
                0x00000000       0x40 output\stm32f4xx_tim.o
 .text.TIM_GenerateEvent
                0x00000000       0x1c output\stm32f4xx_tim.o
 .text.TIM_GetFlagStatus
                0x00000000       0x40 output\stm32f4xx_tim.o
 .text.TIM_ClearFlag
                0x00000000       0x24 output\stm32f4xx_tim.o
 .text.TIM_DMAConfig
                0x00000000       0x28 output\stm32f4xx_tim.o
 .text.TIM_DMACmd
                0x00000000       0x48 output\stm32f4xx_tim.o
 .text.TIM_SelectCCDMA
                0x00000000       0x40 output\stm32f4xx_tim.o
 .text.TIM_InternalClockConfig
                0x00000000       0x24 output\stm32f4xx_tim.o
 .text.TIM_ITRxExternalClockConfig
                0x00000000       0x30 output\stm32f4xx_tim.o
 .text.TIM_TIxExternalClockConfig
                0x00000000       0x58 output\stm32f4xx_tim.o
 .text.TIM_ETRClockMode1Config
                0x00000000       0x54 output\stm32f4xx_tim.o
 .text.TIM_ETRClockMode2Config
                0x00000000       0x34 output\stm32f4xx_tim.o
 .text.TIM_SelectInputTrigger
                0x00000000       0x38 output\stm32f4xx_tim.o
 .text.TIM_SelectOutputTrigger
                0x00000000       0x38 output\stm32f4xx_tim.o
 .text.TIM_SelectSlaveMode
                0x00000000       0x38 output\stm32f4xx_tim.o
 .text.TIM_SelectMasterSlaveMode
                0x00000000       0x38 output\stm32f4xx_tim.o
 .text.TIM_ETRConfig
                0x00000000       0x4c output\stm32f4xx_tim.o
 .text.TIM_EncoderInterfaceConfig
                0x00000000       0x94 output\stm32f4xx_tim.o
 .text.TIM_SelectHallSensor
                0x00000000       0x40 output\stm32f4xx_tim.o
 .text.TIM_RemapConfig
                0x00000000       0x20 output\stm32f4xx_tim.o
 .text.TI1_Config
                0x00000000       0x80 output\stm32f4xx_tim.o
 .text.TI2_Config
                0x00000000       0x9c output\stm32f4xx_tim.o
 .text.TI3_Config
                0x00000000       0x8c output\stm32f4xx_tim.o
 .text.TI4_Config
                0x00000000       0xa4 output\stm32f4xx_tim.o
 .text          0x00000000        0x0 output\stm32f4xx_usart.o
 .data          0x00000000        0x0 output\stm32f4xx_usart.o
 .bss           0x00000000        0x0 output\stm32f4xx_usart.o
 .text.USART_DeInit
                0x00000000      0x150 output\stm32f4xx_usart.o
 .text.USART_StructInit
                0x00000000       0x44 output\stm32f4xx_usart.o
 .text.USART_ClockInit
                0x00000000       0x54 output\stm32f4xx_usart.o
 .text.USART_ClockStructInit
                0x00000000       0x34 output\stm32f4xx_usart.o
 .text.USART_SetPrescaler
                0x00000000       0x38 output\stm32f4xx_usart.o
 .text.USART_OverSampling8Cmd
                0x00000000       0x48 output\stm32f4xx_usart.o
 .text.USART_OneBitMethodCmd
                0x00000000       0x40 output\stm32f4xx_usart.o
 .text.USART_SendData
                0x00000000       0x28 output\stm32f4xx_usart.o
 .text.USART_SetAddress
                0x00000000       0x38 output\stm32f4xx_usart.o
 .text.USART_ReceiverWakeUpCmd
                0x00000000       0x40 output\stm32f4xx_usart.o
 .text.USART_WakeUpConfig
                0x00000000       0x38 output\stm32f4xx_usart.o
 .text.USART_LINBreakDetectLengthConfig
                0x00000000       0x38 output\stm32f4xx_usart.o
 .text.USART_LINCmd
                0x00000000       0x40 output\stm32f4xx_usart.o
 .text.USART_SendBreak
                0x00000000       0x24 output\stm32f4xx_usart.o
 .text.USART_HalfDuplexCmd
                0x00000000       0x40 output\stm32f4xx_usart.o
 .text.USART_SetGuardTime
                0x00000000       0x3c output\stm32f4xx_usart.o
 .text.USART_SmartCardCmd
                0x00000000       0x40 output\stm32f4xx_usart.o
 .text.USART_SmartCardNACKCmd
                0x00000000       0x40 output\stm32f4xx_usart.o
 .text.USART_IrDAConfig
                0x00000000       0x38 output\stm32f4xx_usart.o
 .text.USART_IrDACmd
                0x00000000       0x40 output\stm32f4xx_usart.o
 .text.USART_DMACmd
                0x00000000       0x48 output\stm32f4xx_usart.o
 .text.USART_GetFlagStatus
                0x00000000       0x40 output\stm32f4xx_usart.o
 .text.USART_ClearFlag
                0x00000000       0x24 output\stm32f4xx_usart.o
 .text.USART_GetITStatus
                0x00000000       0xc4 output\stm32f4xx_usart.o
 .text.USART_ClearITPendingBit
                0x00000000       0x44 output\stm32f4xx_usart.o
 .text          0x00000000        0x0 output\system_stm32f4xx.o
 .data          0x00000000       0x14 output\system_stm32f4xx.o
 .bss           0x00000000        0x0 output\system_stm32f4xx.o
 .text.SystemCoreClockUpdate
                0x00000000      0x170 output\system_stm32f4xx.o
 .text          0x00000000        0x0 output\watchdogs.o
 .data          0x00000000        0x0 output\watchdogs.o
 .bss           0x00000000        0x0 output\watchdogs.o
 .text.initWatchdogs
                0x00000000        0xc output\watchdogs.o
 .debug_info    0x00000000       0xaa output\watchdogs.o
 .debug_abbrev  0x00000000       0x67 output\watchdogs.o
 .debug_loc     0x00000000       0x2c output\watchdogs.o
 .debug_aranges
                0x00000000       0x20 output\watchdogs.o
 .debug_ranges  0x00000000       0x10 output\watchdogs.o
 .debug_line    0x00000000       0xfb output\watchdogs.o
 .debug_str     0x00000000      0x14e output\watchdogs.o
 .comment       0x00000000       0x71 output\watchdogs.o
 .ARM.attributes
                0x00000000       0x33 output\watchdogs.o
 .debug_frame   0x00000000       0x28 output\watchdogs.o
 .data          0x00000000        0x0 c:/program files (x86)/gnu tools arm embedded/4.7 2013q2/bin/../lib/gcc/arm-none-eabi/4.7.4/armv7e-m\libgcc.a(_arm_addsubdf3.o)
 .bss           0x00000000        0x0 c:/program files (x86)/gnu tools arm embedded/4.7 2013q2/bin/../lib/gcc/arm-none-eabi/4.7.4/armv7e-m\libgcc.a(_arm_addsubdf3.o)
 .data          0x00000000        0x0 c:/program files (x86)/gnu tools arm embedded/4.7 2013q2/bin/../lib/gcc/arm-none-eabi/4.7.4/armv7e-m\libgcc.a(_arm_muldivdf3.o)
 .bss           0x00000000        0x0 c:/program files (x86)/gnu tools arm embedded/4.7 2013q2/bin/../lib/gcc/arm-none-eabi/4.7.4/armv7e-m\libgcc.a(_arm_muldivdf3.o)
 .data          0x00000000        0x0 c:/program files (x86)/gnu tools arm embedded/4.7 2013q2/bin/../lib/gcc/arm-none-eabi/4.7.4/armv7e-m\libgcc.a(_arm_truncdfsf2.o)
 .bss           0x00000000        0x0 c:/program files (x86)/gnu tools arm embedded/4.7 2013q2/bin/../lib/gcc/arm-none-eabi/4.7.4/armv7e-m\libgcc.a(_arm_truncdfsf2.o)
 .data          0x00000000        0x0 c:/program files (x86)/gnu tools arm embedded/4.7 2013q2/bin/../lib/gcc/arm-none-eabi/4.7.4/armv7e-m\libgcc.a(_arm_addsubsf3.o)
 .bss           0x00000000        0x0 c:/program files (x86)/gnu tools arm embedded/4.7 2013q2/bin/../lib/gcc/arm-none-eabi/4.7.4/armv7e-m\libgcc.a(_arm_addsubsf3.o)
 .data          0x00000000        0x0 c:/program files (x86)/gnu tools arm embedded/4.7 2013q2/bin/../lib/gcc/arm-none-eabi/4.7.4/armv7e-m\libgcc.a(_arm_muldivsf3.o)
 .bss           0x00000000        0x0 c:/program files (x86)/gnu tools arm embedded/4.7 2013q2/bin/../lib/gcc/arm-none-eabi/4.7.4/armv7e-m\libgcc.a(_arm_muldivsf3.o)

Memory Configuration

Name             Origin             Length             Attributes
rom              0x08000000         0x00100000         xr
ram              0x20000000         0x00020000         xrw
ram1             0x10000000         0x00010000         xrw
*default*        0x00000000         0xffffffff

Linker script and memory map

                0x20020000                _eram = 0x20020000

.text           0x08000000     0x3f88
 *(.isr_vector .isr_vector.*)
 .isr_vector    0x08000000      0x188 output\startup_stm32f4xx.o
                0x08000000                g_pfnVectors
 *(.text .text.* .gnu.linkonce.t.*)
 .text.initADC  0x08000188      0x2f0 output\analogue.o
                0x08000188                initADC
 .text.initIMU  0x08000478      0x154 output\imu.o
                0x08000478                initIMU
 .text.IMUReadByte
                0x080005cc      0x154 output\imu.o
                0x080005cc                IMUReadByte
 .text.IMUWriteByte
                0x08000720       0xec output\imu.o
                0x08000720                IMUWriteByte
 *fill*         0x0800080c        0x4 00
 .text.IMUGetMotion
                0x08000810      0x2a8 output\imu.o
                0x08000810                IMUGetMotion
 .text.initInputs
                0x08000ab8      0x4c4 output\inputs.o
                0x08000ab8                initInputs
 .text.TIM2_IRQHandler
                0x08000f7c       0x34 output\inputs.o
                0x08000f7c                TIM2_IRQHandler
 .text.EXTI0_IRQHandler
                0x08000fb0       0x9c output\inputs.o
                0x08000fb0                EXTI0_IRQHandler
 .text.EXTI1_IRQHandler
                0x0800104c       0x64 output\inputs.o
                0x0800104c                EXTI1_IRQHandler
 .text.EXTI2_IRQHandler
                0x080010b0       0x18 output\inputs.o
                0x080010b0                EXTI2_IRQHandler
 .text.EXTI3_IRQHandler
                0x080010c8       0x18 output\inputs.o
                0x080010c8                EXTI3_IRQHandler
 .text.TIM8_CC_IRQHandler
                0x080010e0       0x4c output\inputs.o
                0x080010e0                TIM8_CC_IRQHandler
 .text.TIM1_BRK_TIM9_IRQHandler
                0x0800112c       0x4c output\inputs.o
                0x0800112c                TIM1_BRK_TIM9_IRQHandler
 .text.TIM1_UP_TIM10_IRQHandler
                0x08001178       0x4c output\inputs.o
                0x08001178                TIM1_UP_TIM10_IRQHandler
 .text.TIM1_TRG_COM_TIM11_IRQHandler
                0x080011c4       0x4c output\inputs.o
                0x080011c4                TIM1_TRG_COM_TIM11_IRQHandler
 .text.EXTI4_IRQHandler
                0x08001210       0x58 output\inputs.o
                0x08001210                EXTI4_IRQHandler
 .text.EXTI9_5_IRQHandler
                0x08001268       0xfc output\inputs.o
                0x08001268                EXTI9_5_IRQHandler
 *fill*         0x08001364        0x4 00
 .text.CalculateWheelRPM
                0x08001368       0x68 output\inputs.o
                0x08001368                CalculateWheelRPM
 .text.ClearInterupt
                0x080013d0       0x24 output\inputs.o
                0x080013d0                ClearInterupt
 .text.main     0x080013f4       0x28 output\main.o
                0x080013f4                main
 .text.NVIC_Init
                0x0800141c       0xe4 output\misc.o
                0x0800141c                NVIC_Init
 .text.initOutputs
                0x08001500       0x9c output\outputs.o
                0x08001500                initOutputs
 .text.initSerial
                0x0800159c      0x184 output\serial.o
                0x0800159c                initSerial
 .text.USART1_IRQHandler
                0x08001720       0x80 output\serial.o
                0x08001720                USART1_IRQHandler
 .text.Default_Reset_Handler
                0x080017a0       0x6c output\startup_stm32f4xx.o
                0x080017a0                Default_Reset_Handler
                0x080017a0                Reset_Handler
 .text.Default_Handler
                0x0800180c        0x8 output\startup_stm32f4xx.o
                0x0800180c                RTC_Alarm_IRQHandler
                0x0800180c                HASH_RNG_IRQHandler
                0x0800180c                DebugMon_Handler
                0x0800180c                TIM1_CC_IRQHandler
                0x0800180c                DMA2_Stream5_IRQHandler
                0x0800180c                HardFault_Handler
                0x0800180c                DMA1_Stream5_IRQHandler
                0x0800180c                SysTick_Handler
                0x0800180c                PVD_IRQHandler
                0x0800180c                SDIO_IRQHandler
                0x0800180c                TAMP_STAMP_IRQHandler
                0x0800180c                PendSV_Handler
                0x0800180c                NMI_Handler
                0x0800180c                CAN2_RX1_IRQHandler
                0x0800180c                TIM8_TRG_COM_TIM14_IRQHandler
                0x0800180c                TIM8_UP_TIM13_IRQHandler
                0x0800180c                I2C3_ER_IRQHandler
                0x0800180c                I2C2_EV_IRQHandler
                0x0800180c                DMA1_Stream2_IRQHandler
                0x0800180c                CAN1_RX0_IRQHandler
                0x0800180c                FPU_IRQHandler
                0x0800180c                OTG_HS_WKUP_IRQHandler
                0x0800180c                UsageFault_Handler
                0x0800180c                CAN2_SCE_IRQHandler
                0x0800180c                DMA2_Stream2_IRQHandler
                0x0800180c                SPI1_IRQHandler
                0x0800180c                TIM6_DAC_IRQHandler
                0x0800180c                DCMI_IRQHandler
                0x0800180c                CAN2_RX0_IRQHandler
                0x0800180c                DMA2_Stream3_IRQHandler
                0x0800180c                USART6_IRQHandler
                0x0800180c                USART3_IRQHandler
                0x0800180c                CRYP_IRQHandler
                0x0800180c                CAN1_RX1_IRQHandler
                0x0800180c                UART5_IRQHandler
                0x0800180c                DMA2_Stream0_IRQHandler
                0x0800180c                TIM4_IRQHandler
                0x0800180c                I2C1_EV_IRQHandler
                0x0800180c                DMA1_Stream6_IRQHandler
                0x0800180c                DMA1_Stream1_IRQHandler
                0x0800180c                UART4_IRQHandler
                0x0800180c                TIM3_IRQHandler
                0x0800180c                RCC_IRQHandler
                0x0800180c                TIM8_BRK_TIM12_IRQHandler
                0x0800180c                EXTI15_10_IRQHandler
                0x0800180c                ADC_IRQHandler
                0x0800180c                DMA1_Stream7_IRQHandler
                0x0800180c                TIM7_IRQHandler
                0x0800180c                CAN2_TX_IRQHandler
                0x0800180c                TIM5_IRQHandler
                0x0800180c                DMA2_Stream7_IRQHandler
                0x0800180c                I2C3_EV_IRQHandler
                0x0800180c                RTC_WKUP_IRQHandler
                0x0800180c                ETH_WKUP_IRQHandler
                0x0800180c                SPI2_IRQHandler
                0x0800180c                OTG_HS_EP1_IN_IRQHandler
                0x0800180c                MemManage_Handler
                0x0800180c                DMA1_Stream0_IRQHandler
                0x0800180c                CAN1_TX_IRQHandler
                0x0800180c                SVC_Handler
                0x0800180c                FSMC_IRQHandler
                0x0800180c                ETH_IRQHandler
                0x0800180c                OTG_HS_EP1_OUT_IRQHandler
                0x0800180c                WWDG_IRQHandler
                0x0800180c                OTG_FS_WKUP_IRQHandler
                0x0800180c                OTG_HS_IRQHandler
                0x0800180c                USART2_IRQHandler
                0x0800180c                I2C2_ER_IRQHandler
                0x0800180c                DMA2_Stream1_IRQHandler
                0x0800180c                CAN1_SCE_IRQHandler
                0x0800180c                FLASH_IRQHandler
                0x0800180c                DMA2_Stream4_IRQHandler
                0x0800180c                BusFault_Handler
                0x0800180c                OTG_FS_IRQHandler
                0x0800180c                SPI3_IRQHandler
                0x0800180c                DMA1_Stream4_IRQHandler
                0x0800180c                I2C1_ER_IRQHandler
                0x0800180c                DMA2_Stream6_IRQHandler
                0x0800180c                DMA1_Stream3_IRQHandler
 .text.ADC_DeInit
                0x08001814       0x20 output\stm32f4xx_adc.o
                0x08001814                ADC_DeInit
 .text.ADC_Init
                0x08001834       0xb8 output\stm32f4xx_adc.o
                0x08001834                ADC_Init
 .text.ADC_StructInit
                0x080018ec       0x4c output\stm32f4xx_adc.o
                0x080018ec                ADC_StructInit
 .text.ADC_CommonInit
                0x08001938       0x5c output\stm32f4xx_adc.o
                0x08001938                ADC_CommonInit
 .text.ADC_CommonStructInit
                0x08001994       0x34 output\stm32f4xx_adc.o
                0x08001994                ADC_CommonStructInit
 .text.ADC_Cmd  0x080019c8       0x38 output\stm32f4xx_adc.o
                0x080019c8                ADC_Cmd
 .text.ADC_RegularChannelConfig
                0x08001a00      0x1bc output\stm32f4xx_adc.o
                0x08001a00                ADC_RegularChannelConfig
 .text.ADC_SoftwareStartConv
                0x08001bbc       0x20 output\stm32f4xx_adc.o
                0x08001bbc                ADC_SoftwareStartConv
 .text.ADC_DMACmd
                0x08001bdc       0x38 output\stm32f4xx_adc.o
                0x08001bdc                ADC_DMACmd
 .text.ADC_DMARequestAfterLastTransferCmd
                0x08001c14       0x38 output\stm32f4xx_adc.o
                0x08001c14                ADC_DMARequestAfterLastTransferCmd
 .text.DMA_DeInit
                0x08001c4c      0x244 output\stm32f4xx_dma.o
                0x08001c4c                DMA_DeInit
 .text.DMA_Init
                0x08001e90       0xb0 output\stm32f4xx_dma.o
                0x08001e90                DMA_Init
 .text.DMA_StructInit
                0x08001f40       0x8c output\stm32f4xx_dma.o
                0x08001f40                DMA_StructInit
 .text.DMA_Cmd  0x08001fcc       0x38 output\stm32f4xx_dma.o
                0x08001fcc                DMA_Cmd
 .text.EXTI_Init
                0x08002004      0x138 output\stm32f4xx_exti.o
                0x08002004                EXTI_Init
 .text.EXTI_GetITStatus
                0x0800213c       0x3c output\stm32f4xx_exti.o
                0x0800213c                EXTI_GetITStatus
 .text.EXTI_ClearITPendingBit
                0x08002178       0x20 output\stm32f4xx_exti.o
                0x08002178                EXTI_ClearITPendingBit
 .text.GPIO_Init
                0x08002198      0x144 output\stm32f4xx_gpio.o
                0x08002198                GPIO_Init
 .text.GPIO_StructInit
                0x080022dc       0x3c output\stm32f4xx_gpio.o
                0x080022dc                GPIO_StructInit
 .text.GPIO_ReadInputDataBit
                0x08002318       0x3c output\stm32f4xx_gpio.o
                0x08002318                GPIO_ReadInputDataBit
 .text.GPIO_SetBits
                0x08002354       0x1c output\stm32f4xx_gpio.o
                0x08002354                GPIO_SetBits
 .text.GPIO_ResetBits
                0x08002370       0x1c output\stm32f4xx_gpio.o
                0x08002370                GPIO_ResetBits
 .text.GPIO_PinAFConfig
                0x0800238c       0xa8 output\stm32f4xx_gpio.o
                0x0800238c                GPIO_PinAFConfig
 .text.I2C_Init
                0x08002434      0x1ac output\stm32f4xx_i2c.o
                0x08002434                I2C_Init
 .text.I2C_Cmd  0x080025e0       0x40 output\stm32f4xx_i2c.o
                0x080025e0                I2C_Cmd
 .text.I2C_GenerateSTART
                0x08002620       0x40 output\stm32f4xx_i2c.o
                0x08002620                I2C_GenerateSTART
 .text.I2C_GenerateSTOP
                0x08002660       0x40 output\stm32f4xx_i2c.o
                0x08002660                I2C_GenerateSTOP
 .text.I2C_Send7bitAddress
                0x080026a0       0x3c output\stm32f4xx_i2c.o
                0x080026a0                I2C_Send7bitAddress
 .text.I2C_AcknowledgeConfig
                0x080026dc       0x40 output\stm32f4xx_i2c.o
                0x080026dc                I2C_AcknowledgeConfig
 .text.I2C_SendData
                0x0800271c       0x20 output\stm32f4xx_i2c.o
                0x0800271c                I2C_SendData
 .text.I2C_ReceiveData
                0x0800273c       0x1c output\stm32f4xx_i2c.o
                0x0800273c                I2C_ReceiveData
 .text.I2C_CheckEvent
                0x08002758       0x70 output\stm32f4xx_i2c.o
                0x08002758                I2C_CheckEvent
 .text.RCC_GetClocksFreq
                0x080027c8      0x1cc output\stm32f4xx_rcc.o
                0x080027c8                RCC_GetClocksFreq
 .text.RCC_AHB1PeriphClockCmd
                0x08002994       0x54 output\stm32f4xx_rcc.o
                0x08002994                RCC_AHB1PeriphClockCmd
 .text.RCC_APB1PeriphClockCmd
                0x080029e8       0x54 output\stm32f4xx_rcc.o
                0x080029e8                RCC_APB1PeriphClockCmd
 .text.RCC_APB2PeriphClockCmd
                0x08002a3c       0x54 output\stm32f4xx_rcc.o
                0x08002a3c                RCC_APB2PeriphClockCmd
 .text.RCC_APB2PeriphResetCmd
                0x08002a90       0x54 output\stm32f4xx_rcc.o
                0x08002a90                RCC_APB2PeriphResetCmd
 .text.SYSCFG_EXTILineConfig
                0x08002ae4       0xb0 output\stm32f4xx_syscfg.o
                0x08002ae4                SYSCFG_EXTILineConfig
 .text.TIM_TimeBaseInit
                0x08002b94       0xf4 output\stm32f4xx_tim.o
                0x08002b94                TIM_TimeBaseInit
 .text.TIM_SetCounter
                0x08002c88       0x1c output\stm32f4xx_tim.o
                0x08002c88                TIM_SetCounter
 .text.TIM_GetCounter
                0x08002ca4       0x18 output\stm32f4xx_tim.o
                0x08002ca4                TIM_GetCounter
 .text.TIM_Cmd  0x08002cbc       0x40 output\stm32f4xx_tim.o
                0x08002cbc                TIM_Cmd
 .text.TIM_ITConfig
                0x08002cfc       0x48 output\stm32f4xx_tim.o
                0x08002cfc                TIM_ITConfig
 .text.TIM_GetITStatus
                0x08002d44       0x60 output\stm32f4xx_tim.o
                0x08002d44                TIM_GetITStatus
 .text.TIM_ClearITPendingBit
                0x08002da4       0x24 output\stm32f4xx_tim.o
                0x08002da4                TIM_ClearITPendingBit
 .text.USART_Init
                0x08002dc8      0x1ac output\stm32f4xx_usart.o
                0x08002dc8                USART_Init
 .text.USART_Cmd
                0x08002f74       0x40 output\stm32f4xx_usart.o
                0x08002f74                USART_Cmd
 .text.USART_ReceiveData
                0x08002fb4       0x24 output\stm32f4xx_usart.o
                0x08002fb4                USART_ReceiveData
 .text.USART_ITConfig
                0x08002fd8       0xa4 output\stm32f4xx_usart.o
                0x08002fd8                USART_ITConfig
 .text.SystemInit
                0x0800307c       0x94 output\system_stm32f4xx.o
                0x0800307c                SystemInit
 .text.SetSysClock
                0x08003110      0x188 output\system_stm32f4xx.o
 .text          0x08003298      0x370 c:/program files (x86)/gnu tools arm embedded/4.7 2013q2/bin/../lib/gcc/arm-none-eabi/4.7.4/armv7e-m\libgcc.a(_arm_addsubdf3.o)
                0x08003298                __aeabi_drsub
                0x080032a0                __aeabi_dsub
                0x080032a0                __subdf3
                0x080032a4                __aeabi_dadd
                0x080032a4                __adddf3
                0x0800351c                __floatunsidf
                0x0800351c                __aeabi_ui2d
                0x0800353c                __floatsidf
                0x0800353c                __aeabi_i2d
                0x08003560                __aeabi_f2d
                0x08003560                __extendsfdf2
                0x0800359c                __floatundidf
                0x0800359c                __aeabi_ul2d
                0x080035ac                __floatdidf
                0x080035ac                __aeabi_l2d
 .text          0x08003608      0x424 c:/program files (x86)/gnu tools arm embedded/4.7 2013q2/bin/../lib/gcc/arm-none-eabi/4.7.4/armv7e-m\libgcc.a(_arm_muldivdf3.o)
                0x08003608                __aeabi_dmul
                0x08003608                __muldf3
                0x0800385c                __divdf3
                0x0800385c                __aeabi_ddiv
 .text          0x08003a2c       0xa0 c:/program files (x86)/gnu tools arm embedded/4.7 2013q2/bin/../lib/gcc/arm-none-eabi/4.7.4/armv7e-m\libgcc.a(_arm_truncdfsf2.o)
                0x08003a2c                __truncdfsf2
                0x08003a2c                __aeabi_d2f
 .text          0x08003acc      0x21c c:/program files (x86)/gnu tools arm embedded/4.7 2013q2/bin/../lib/gcc/arm-none-eabi/4.7.4/armv7e-m\libgcc.a(_arm_addsubsf3.o)
                0x08003acc                __aeabi_frsub
                0x08003ad4                __subsf3
                0x08003ad4                __aeabi_fsub
                0x08003ad8                __aeabi_fadd
                0x08003ad8                __addsf3
                0x08003c38                __aeabi_ui2f
                0x08003c38                __floatunsisf
                0x08003c40                __aeabi_i2f
                0x08003c40                __floatsisf
                0x08003c5c                __aeabi_ul2f
                0x08003c5c                __floatundisf
                0x08003c6c                __aeabi_l2f
                0x08003c6c                __floatdisf
 .text          0x08003ce8      0x2a0 c:/program files (x86)/gnu tools arm embedded/4.7 2013q2/bin/../lib/gcc/arm-none-eabi/4.7.4/armv7e-m\libgcc.a(_arm_muldivsf3.o)
                0x08003ce8                __mulsf3
                0x08003ce8                __aeabi_fmul
                0x08003e50                __aeabi_fdiv
                0x08003e50                __divsf3
 *(.glue_7t)
 .glue_7t       0x00000000        0x0 linker stubs
 *(.glue_7)
 .glue_7        0x00000000        0x0 linker stubs
 *(.rodata .rodata* .gnu.linkonce.r.*)

.vfp11_veneer   0x08003f88        0x0
 .vfp11_veneer  0x00000000        0x0 linker stubs

.v4_bx          0x08003f88        0x0
 .v4_bx         0x00000000        0x0 linker stubs

.iplt           0x08003f88        0x0
 .iplt          0x00000000        0x0 output\analogue.o

.rel.dyn        0x08003f88        0x0
 .rel.iplt      0x00000000        0x0 output\analogue.o

.ARM.extab
 *(.ARM.extab* .gnu.linkonce.armextab.*)
                0x08003f88                __exidx_start = .

.ARM.exidx
 *(.ARM.exidx* .gnu.linkonce.armexidx.*)
                0x08003f88                __exidx_end = .
                0x08003f88                . = ALIGN (0x4)
                0x08003f88                _etext = .
                0x08003f88                _sidata = .

.data           0x20000000       0x10 load address 0x08003f88
                0x20000000                _sdata = .
 *(.data .data.*)
 .data          0x20000000       0x10 output\stm32f4xx_rcc.o
                0x20000010                . = ALIGN (0x4)
                0x20000010                _edata = .

.igot.plt       0x20000010        0x0 load address 0x08003f98
 .igot.plt      0x00000000        0x0 output\analogue.o

.bss            0x20000010      0x198 load address 0x08003f98
                0x20000010                _sbss = .
 *(.bss .bss.*)
 .bss           0x20000010       0x40 output\imu.o
                0x20000010                MotionRaw
                0x20000030                Motion
 .bss           0x20000050       0x48 output\inputs.o
                0x20000050                RCRadioStructure
                0x20000068                WheelRPMStructure
                0x20000088                WheelCountStructure
 *(COMMON)
 COMMON         0x20000098       0x74 output\analogue.o
                0x20000098                ADC_InitStructure
                0x200000b0                rawADC
                0x200000b8                GPIO_InitStructure
                0x200000c0                DMA_InitStructure
                0x200000fc                ADC_CommonInitStructure
 COMMON         0x2000010c       0x10 output\imu.o
                0x2000010c                I2C_InitStructure
 COMMON         0x2000011c       0x18 output\inputs.o
                0x2000011c                TIM_InitStructure
                0x20000128                NVIC_InitStructure
                0x2000012c                EXTI_InitStructure
 COMMON         0x20000134       0x74 output\serial.o
                0x20000134                USART_InitStructure
                0x20000144                received_string
                0x200001a8                . = ALIGN (0x4)
                0x200001a8                _ebss = .

.co_stack       0x200001a8      0x800 load address 0x08004130
                0x200001a8                . = ALIGN (0x8)
 *(.co_stack .co_stack.*)
 .co_stack      0x200001a8      0x800 output\startup_stm32f4xx.o
                0x200001a8                pulStack
                0x200009a8                . = ALIGN (0x4)
                0x200009a8                _end = .
LOAD output\analogue.o
LOAD output\imu.o
LOAD output\inputs.o
LOAD output\main.o
LOAD output\misc.o
LOAD output\outputs.o
LOAD output\serial.o
LOAD output\startup_stm32f4xx.o
LOAD output\stm32f4xx_adc.o
LOAD output\stm32f4xx_dma.o
LOAD output\stm32f4xx_exti.o
LOAD output\stm32f4xx_gpio.o
LOAD output\stm32f4xx_i2c.o
LOAD output\stm32f4xx_rcc.o
LOAD output\stm32f4xx_syscfg.o
LOAD output\stm32f4xx_tim.o
LOAD output\stm32f4xx_usart.o
LOAD output\system_stm32f4xx.o
LOAD output\watchdogs.o
START GROUP
LOAD c:/program files (x86)/gnu tools arm embedded/4.7 2013q2/bin/../lib/gcc/arm-none-eabi/4.7.4/armv7e-m\libgcc.a
LOAD c:/program files (x86)/gnu tools arm embedded/4.7 2013q2/bin/../lib/gcc/arm-none-eabi/4.7.4/../../../../arm-none-eabi/lib/armv7e-m\libg.a
LOAD c:/program files (x86)/gnu tools arm embedded/4.7 2013q2/bin/../lib/gcc/arm-none-eabi/4.7.4/../../../../arm-none-eabi/lib/armv7e-m\libc.a
END GROUP
OUTPUT(output\output.elf elf32-littlearm)

.debug_info     0x00000000     0x9584
 .debug_info    0x00000000      0x672 output\analogue.o
 .debug_info    0x00000672      0x5a0 output\imu.o
 .debug_info    0x00000c12      0xb3b output\inputs.o
 .debug_info    0x0000174d       0xbd output\main.o
 .debug_info    0x0000180a      0x596 output\misc.o
 .debug_info    0x00001da0      0x38d output\outputs.o
 .debug_info    0x0000212d      0x79e output\serial.o
 .debug_info    0x000028cb      0x107 output\startup_stm32f4xx.o
 .debug_info    0x000029d2      0xd18 output\stm32f4xx_adc.o
 .debug_info    0x000036ea      0x7b3 output\stm32f4xx_dma.o
 .debug_info    0x00003e9d      0x368 output\stm32f4xx_exti.o
 .debug_info    0x00004205      0x647 output\stm32f4xx_gpio.o
 .debug_info    0x0000484c      0xc50 output\stm32f4xx_i2c.o
 .debug_info    0x0000549c      0xf30 output\stm32f4xx_rcc.o
 .debug_info    0x000063cc      0x2a6 output\stm32f4xx_syscfg.o
 .debug_info    0x00006672     0x1e81 output\stm32f4xx_tim.o
 .debug_info    0x000084f3      0xa69 output\stm32f4xx_usart.o
 .debug_info    0x00008f5c      0x628 output\system_stm32f4xx.o

.debug_abbrev   0x00000000     0x1757
 .debug_abbrev  0x00000000      0x103 output\analogue.o
 .debug_abbrev  0x00000103      0x157 output\imu.o
 .debug_abbrev  0x0000025a      0x190 output\inputs.o
 .debug_abbrev  0x000003ea       0x6b output\main.o
 .debug_abbrev  0x00000455      0x12b output\misc.o
 .debug_abbrev  0x00000580      0x103 output\outputs.o
 .debug_abbrev  0x00000683      0x164 output\serial.o
 .debug_abbrev  0x000007e7       0xb4 output\startup_stm32f4xx.o
 .debug_abbrev  0x0000089b      0x19a output\stm32f4xx_adc.o
 .debug_abbrev  0x00000a35      0x159 output\stm32f4xx_dma.o
 .debug_abbrev  0x00000b8e      0x1a9 output\stm32f4xx_exti.o
 .debug_abbrev  0x00000d37      0x1a7 output\stm32f4xx_gpio.o
 .debug_abbrev  0x00000ede      0x168 output\stm32f4xx_i2c.o
 .debug_abbrev  0x00001046      0x1be output\stm32f4xx_rcc.o
 .debug_abbrev  0x00001204      0x135 output\stm32f4xx_syscfg.o
 .debug_abbrev  0x00001339      0x18b output\stm32f4xx_tim.o
 .debug_abbrev  0x000014c4      0x159 output\stm32f4xx_usart.o
 .debug_abbrev  0x0000161d      0x13a output\system_stm32f4xx.o

.debug_loc      0x00000000     0x4688
 .debug_loc     0x00000000       0x2c output\analogue.o
 .debug_loc     0x0000002c       0xc8 output\imu.o
 .debug_loc     0x000000f4      0x280 output\inputs.o
 .debug_loc     0x00000374       0x2c output\main.o
 .debug_loc     0x000003a0      0x118 output\misc.o
 .debug_loc     0x000004b8       0x2c output\outputs.o
 .debug_loc     0x000004e4       0xa8 output\serial.o
 .debug_loc     0x0000058c       0x64 output\startup_stm32f4xx.o
 .debug_loc     0x000005f0      0x838 output\stm32f4xx_adc.o
 .debug_loc     0x00000e28      0x428 output\stm32f4xx_dma.o
 .debug_loc     0x00001250      0x1b4 output\stm32f4xx_exti.o
 .debug_loc     0x00001404      0x310 output\stm32f4xx_gpio.o
 .debug_loc     0x00001714      0x7a8 output\stm32f4xx_i2c.o
 .debug_loc     0x00001ebc      0xb3c output\stm32f4xx_rcc.o
 .debug_loc     0x000029f8      0x17c output\stm32f4xx_syscfg.o
 .debug_loc     0x00002b74     0x1420 output\stm32f4xx_tim.o
 .debug_loc     0x00003f94      0x658 output\stm32f4xx_usart.o
 .debug_loc     0x000045ec       0x9c output\system_stm32f4xx.o

.debug_aranges  0x00000000      0xbf0
 .debug_aranges
                0x00000000       0x20 output\analogue.o
 .debug_aranges
                0x00000020       0x38 output\imu.o
 .debug_aranges
                0x00000058       0x88 output\inputs.o
 .debug_aranges
                0x000000e0       0x20 output\main.o
 .debug_aranges
                0x00000100       0x40 output\misc.o
 .debug_aranges
                0x00000140       0x20 output\outputs.o
 .debug_aranges
                0x00000160       0x30 output\serial.o
 .debug_aranges
                0x00000190       0x28 output\startup_stm32f4xx.o
 .debug_aranges
                0x000001b8      0x148 output\stm32f4xx_adc.o
 .debug_aranges
                0x00000300       0xb0 output\stm32f4xx_dma.o
 .debug_aranges
                0x000003b0       0x58 output\stm32f4xx_exti.o
 .debug_aranges
                0x00000408       0x88 output\stm32f4xx_gpio.o
 .debug_aranges
                0x00000490      0x130 output\stm32f4xx_i2c.o
 .debug_aranges
                0x000005c0      0x1b8 output\stm32f4xx_rcc.o
 .debug_aranges
                0x00000778       0x50 output\stm32f4xx_syscfg.o
 .debug_aranges
                0x000007c8      0x2f8 output\stm32f4xx_tim.o
 .debug_aranges
                0x00000ac0      0x100 output\stm32f4xx_usart.o
 .debug_aranges
                0x00000bc0       0x30 output\system_stm32f4xx.o

.debug_ranges   0x00000000      0xad0
 .debug_ranges  0x00000000       0x10 output\analogue.o
 .debug_ranges  0x00000010       0x28 output\imu.o
 .debug_ranges  0x00000038       0x78 output\inputs.o
 .debug_ranges  0x000000b0       0x10 output\main.o
 .debug_ranges  0x000000c0       0x30 output\misc.o
 .debug_ranges  0x000000f0       0x10 output\outputs.o
 .debug_ranges  0x00000100       0x20 output\serial.o
 .debug_ranges  0x00000120       0x18 output\startup_stm32f4xx.o
 .debug_ranges  0x00000138      0x138 output\stm32f4xx_adc.o
 .debug_ranges  0x00000270       0xa0 output\stm32f4xx_dma.o
 .debug_ranges  0x00000310       0x48 output\stm32f4xx_exti.o
 .debug_ranges  0x00000358       0x78 output\stm32f4xx_gpio.o
 .debug_ranges  0x000003d0      0x120 output\stm32f4xx_i2c.o
 .debug_ranges  0x000004f0      0x1a8 output\stm32f4xx_rcc.o
 .debug_ranges  0x00000698       0x40 output\stm32f4xx_syscfg.o
 .debug_ranges  0x000006d8      0x2e8 output\stm32f4xx_tim.o
 .debug_ranges  0x000009c0       0xf0 output\stm32f4xx_usart.o
 .debug_ranges  0x00000ab0       0x20 output\system_stm32f4xx.o

.debug_line     0x00000000     0x33af
 .debug_line    0x00000000      0x198 output\analogue.o
 .debug_line    0x00000198      0x237 output\imu.o
 .debug_line    0x000003cf      0x306 output\inputs.o
 .debug_line    0x000006d5      0x10a output\main.o
 .debug_line    0x000007df      0x18a output\misc.o
 .debug_line    0x00000969      0x166 output\outputs.o
 .debug_line    0x00000acf      0x1c3 output\serial.o
 .debug_line    0x00000c92       0x72 output\startup_stm32f4xx.o
 .debug_line    0x00000d04      0x499 output\stm32f4xx_adc.o
 .debug_line    0x0000119d      0x321 output\stm32f4xx_dma.o
 .debug_line    0x000014be      0x1e1 output\stm32f4xx_exti.o
 .debug_line    0x0000169f      0x28a output\stm32f4xx_gpio.o
 .debug_line    0x00001929      0x44b output\stm32f4xx_i2c.o
 .debug_line    0x00001d74      0x588 output\stm32f4xx_rcc.o
 .debug_line    0x000022fc      0x192 output\stm32f4xx_syscfg.o
 .debug_line    0x0000248e      0x9be output\stm32f4xx_tim.o
 .debug_line    0x00002e4c      0x3ef output\stm32f4xx_usart.o
 .debug_line    0x0000323b      0x174 output\system_stm32f4xx.o

.debug_str      0x00000000     0x378f
 .debug_str     0x00000000      0x582 output\analogue.o
                                0x5be (size before relaxing)
 .debug_str     0x00000582      0x183 output\imu.o
                                0x46f (size before relaxing)
 .debug_str     0x00000705      0x8f9 output\inputs.o
                                0xc5f (size before relaxing)
 .debug_str     0x00000ffe       0x26 output\main.o
                                0x14d (size before relaxing)
 .debug_str     0x00001024      0x194 output\misc.o
                                0x388 (size before relaxing)
 .debug_str     0x000011b8       0x30 output\outputs.o
                                0x417 (size before relaxing)
 .debug_str     0x000011e8      0x103 output\serial.o
                                0x9c2 (size before relaxing)
 .debug_str     0x000012eb       0x81 output\startup_stm32f4xx.o
                                0x114 (size before relaxing)
 .debug_str     0x0000136c      0x4ec output\stm32f4xx_adc.o
                                0x7b3 (size before relaxing)
 .debug_str     0x00001858      0x244 output\stm32f4xx_dma.o
                                0x4fb (size before relaxing)
 .debug_str     0x00001a9c       0xdd output\stm32f4xx_exti.o
                                0x310 (size before relaxing)
 .debug_str     0x00001b79      0x17a output\stm32f4xx_gpio.o
                                0x44f (size before relaxing)
 .debug_str     0x00001cf3      0x3ce output\stm32f4xx_i2c.o
                                0x661 (size before relaxing)
 .debug_str     0x000020c1      0x6eb output\stm32f4xx_rcc.o
                                0x944 (size before relaxing)
 .debug_str     0x000027ac      0x15a output\stm32f4xx_syscfg.o
                                0x2c8 (size before relaxing)
 .debug_str     0x00002906      0xa5e output\stm32f4xx_tim.o
                                0xd7f (size before relaxing)
 .debug_str     0x00003364      0x387 output\stm32f4xx_usart.o
                                0x63e (size before relaxing)
 .debug_str     0x000036eb       0xa4 output\system_stm32f4xx.o
                                0x36f (size before relaxing)

.comment        0x00000000       0x70
 .comment       0x00000000       0x70 output\analogue.o
                                 0x71 (size before relaxing)
 .comment       0x00000000       0x71 output\imu.o
 .comment       0x00000000       0x71 output\inputs.o
 .comment       0x00000000       0x71 output\main.o
 .comment       0x00000000       0x71 output\misc.o
 .comment       0x00000000       0x71 output\outputs.o
 .comment       0x00000000       0x71 output\serial.o
 .comment       0x00000000       0x71 output\startup_stm32f4xx.o
 .comment       0x00000000       0x71 output\stm32f4xx_adc.o
 .comment       0x00000000       0x71 output\stm32f4xx_dma.o
 .comment       0x00000000       0x71 output\stm32f4xx_exti.o
 .comment       0x00000000       0x71 output\stm32f4xx_gpio.o
 .comment       0x00000000       0x71 output\stm32f4xx_i2c.o
 .comment       0x00000000       0x71 output\stm32f4xx_rcc.o
 .comment       0x00000000       0x71 output\stm32f4xx_syscfg.o
 .comment       0x00000000       0x71 output\stm32f4xx_tim.o
 .comment       0x00000000       0x71 output\stm32f4xx_usart.o
 .comment       0x00000000       0x71 output\system_stm32f4xx.o

.ARM.attributes
                0x00000000       0x33
 .ARM.attributes
                0x00000000       0x33 output\analogue.o
 .ARM.attributes
                0x00000033       0x33 output\imu.o
 .ARM.attributes
                0x00000066       0x33 output\inputs.o
 .ARM.attributes
                0x00000099       0x33 output\main.o
 .ARM.attributes
                0x000000cc       0x33 output\misc.o
 .ARM.attributes
                0x000000ff       0x33 output\outputs.o
 .ARM.attributes
                0x00000132       0x33 output\serial.o
 .ARM.attributes
                0x00000165       0x33 output\startup_stm32f4xx.o
 .ARM.attributes
                0x00000198       0x33 output\stm32f4xx_adc.o
 .ARM.attributes
                0x000001cb       0x33 output\stm32f4xx_dma.o
 .ARM.attributes
                0x000001fe       0x33 output\stm32f4xx_exti.o
 .ARM.attributes
                0x00000231       0x33 output\stm32f4xx_gpio.o
 .ARM.attributes
                0x00000264       0x33 output\stm32f4xx_i2c.o
 .ARM.attributes
                0x00000297       0x33 output\stm32f4xx_rcc.o
 .ARM.attributes
                0x000002ca       0x33 output\stm32f4xx_syscfg.o
 .ARM.attributes
                0x000002fd       0x33 output\stm32f4xx_tim.o
 .ARM.attributes
                0x00000330       0x33 output\stm32f4xx_usart.o
 .ARM.attributes
                0x00000363       0x33 output\system_stm32f4xx.o
 .ARM.attributes
                0x00000396       0x1e c:/program files (x86)/gnu tools arm embedded/4.7 2013q2/bin/../lib/gcc/arm-none-eabi/4.7.4/armv7e-m\libgcc.a(_arm_addsubdf3.o)
 .ARM.attributes
                0x000003b4       0x1e c:/program files (x86)/gnu tools arm embedded/4.7 2013q2/bin/../lib/gcc/arm-none-eabi/4.7.4/armv7e-m\libgcc.a(_arm_muldivdf3.o)
 .ARM.attributes
                0x000003d2       0x1e c:/program files (x86)/gnu tools arm embedded/4.7 2013q2/bin/../lib/gcc/arm-none-eabi/4.7.4/armv7e-m\libgcc.a(_arm_truncdfsf2.o)
 .ARM.attributes
                0x000003f0       0x1e c:/program files (x86)/gnu tools arm embedded/4.7 2013q2/bin/../lib/gcc/arm-none-eabi/4.7.4/armv7e-m\libgcc.a(_arm_addsubsf3.o)
 .ARM.attributes
                0x0000040e       0x1e c:/program files (x86)/gnu tools arm embedded/4.7 2013q2/bin/../lib/gcc/arm-none-eabi/4.7.4/armv7e-m\libgcc.a(_arm_muldivsf3.o)

.debug_frame    0x00000000     0x2544
 .debug_frame   0x00000000       0x2c output\analogue.o
 .debug_frame   0x0000002c       0x8c output\imu.o
 .debug_frame   0x000000b8      0x1a0 output\inputs.o
 .debug_frame   0x00000258       0x2c output\main.o
 .debug_frame   0x00000284       0x9c output\misc.o
 .debug_frame   0x00000320       0x2c output\outputs.o
 .debug_frame   0x0000034c       0x70 output\serial.o
 .debug_frame   0x000003bc       0x48 output\startup_stm32f4xx.o
 .debug_frame   0x00000404      0x434 output\stm32f4xx_adc.o
 .debug_frame   0x00000838      0x224 output\stm32f4xx_dma.o
 .debug_frame   0x00000a5c       0xec output\stm32f4xx_exti.o
 .debug_frame   0x00000b48      0x19c output\stm32f4xx_gpio.o
 .debug_frame   0x00000ce4      0x3ec output\stm32f4xx_i2c.o
 .debug_frame   0x000010d0      0x5b8 output\stm32f4xx_rcc.o
 .debug_frame   0x00001688       0xd8 output\stm32f4xx_syscfg.o
 .debug_frame   0x00001760      0xa3c output\stm32f4xx_tim.o
 .debug_frame   0x0000219c      0x344 output\stm32f4xx_usart.o
 .debug_frame   0x000024e0       0x64 output\system_stm32f4xx.o
