Archive member included because of file (symbol)

c:/program files (x86)/gnu tools arm embedded/4.7 2013q2/bin/../lib/gcc/arm-none-eabi/4.7.4/armv7e-m\libgcc.a(_arm_addsubdf3.o)
                              output\hallsensors.o (__aeabi_i2d)
c:/program files (x86)/gnu tools arm embedded/4.7 2013q2/bin/../lib/gcc/arm-none-eabi/4.7.4/armv7e-m\libgcc.a(_arm_muldivdf3.o)
                              output\hallsensors.o (__aeabi_dmul)

Allocating common symbols
Common symbol       size              file

GPIOA_InitStructure
                    0x8               output\hallsensors.o
GPIOD_InitStructure
                    0x8               output\rcradio.o
ADC_InitStructure   0x18              output\analogue.o
I2C_InitStructure   0x10              output\imu.o
rawADC              0x8               output\analogue.o
TIM_InitStructure   0xc               output\hallsensors.o
GPIO_InitStructure  0x8               output\analogue.o
USART_InitStructure
                    0x10              output\serial.o
NVIC_InitStructure  0x4               output\hallsensors.o
EXTI_InitStructure  0x8               output\hallsensors.o
DMA_InitStructure   0x3c              output\analogue.o
received_string     0x64              output\serial.o

Discarded input sections

 .text          0x00000000        0x0 output\analogue.o
 .data          0x00000000        0x0 output\analogue.o
 .bss           0x00000000        0x0 output\analogue.o
 .text.initADC  0x00000000      0x210 output\analogue.o
 .debug_info    0x00000000      0x69e output\analogue.o
 .debug_abbrev  0x00000000      0x114 output\analogue.o
 .debug_loc     0x00000000       0x3a output\analogue.o
 .debug_aranges
                0x00000000       0x20 output\analogue.o
 .debug_ranges  0x00000000       0x10 output\analogue.o
 .debug_line    0x00000000      0x198 output\analogue.o
 .debug_str     0x00000000      0x5be output\analogue.o
 .comment       0x00000000       0x71 output\analogue.o
 .ARM.attributes
                0x00000000       0x33 output\analogue.o
 .debug_frame   0x00000000       0x30 output\analogue.o
 COMMON         0x00000000       0x64 output\analogue.o
 .text          0x00000000        0x0 output\hallsensors.o
 .data          0x00000000        0x0 output\hallsensors.o
 .text          0x00000000        0x0 output\imu.o
 .data          0x00000000        0x0 output\imu.o
 .bss           0x00000000       0x2c output\imu.o
 .text.initIMU  0x00000000      0x128 output\imu.o
 .text.IMUReadByte
                0x00000000      0x164 output\imu.o
 .text.IMUWriteByte
                0x00000000       0xec output\imu.o
 .text.IMUReadMotion
                0x00000000      0x2f8 output\imu.o
 .debug_info    0x00000000      0x666 output\imu.o
 .debug_abbrev  0x00000000      0x148 output\imu.o
 .debug_loc     0x00000000       0xc8 output\imu.o
 .debug_aranges
                0x00000000       0x38 output\imu.o
 .debug_ranges  0x00000000       0x28 output\imu.o
 .debug_line    0x00000000      0x269 output\imu.o
 .debug_str     0x00000000      0x4e8 output\imu.o
 .comment       0x00000000       0x71 output\imu.o
 .ARM.attributes
                0x00000000       0x33 output\imu.o
 .debug_frame   0x00000000       0x88 output\imu.o
 COMMON         0x00000000       0x10 output\imu.o
 .text          0x00000000        0x0 output\main.o
 .data          0x00000000        0x0 output\main.o
 .bss           0x00000000        0x0 output\main.o
 .text          0x00000000        0x0 output\misc.o
 .data          0x00000000        0x0 output\misc.o
 .bss           0x00000000        0x0 output\misc.o
 .text.NVIC_PriorityGroupConfig
                0x00000000       0x28 output\misc.o
 .text.NVIC_SetVectorTable
                0x00000000       0x2c output\misc.o
 .text.NVIC_SystemLPConfig
                0x00000000       0x54 output\misc.o
 .text.SysTick_CLKSourceConfig
                0x00000000       0x4c output\misc.o
 .text          0x00000000        0x0 output\ppmoutput.o
 .data          0x00000000        0x0 output\ppmoutput.o
 .bss           0x00000000        0x0 output\ppmoutput.o
 .debug_line    0x00000000        0x0 output\ppmoutput.o
 .comment       0x00000000       0x71 output\ppmoutput.o
 .ARM.attributes
                0x00000000       0x33 output\ppmoutput.o
 .text          0x00000000        0x0 output\rcradio.o
 .text          0x00000000        0x0 output\serial.o
 .data          0x00000000        0x1 output\serial.o
 .bss           0x00000000        0x8 output\serial.o
 .text.initSerial
                0x00000000      0x184 output\serial.o
 .text.USARTSendString
                0x00000000       0x98 output\serial.o
 .text          0x00000000        0x0 output\startup_stm32f4xx.o
 .data          0x00000000        0x0 output\startup_stm32f4xx.o
 .bss           0x00000000        0x0 output\startup_stm32f4xx.o
 .text          0x00000000        0x0 output\stm32f4xx_adc.o
 .data          0x00000000        0x0 output\stm32f4xx_adc.o
 .bss           0x00000000        0x0 output\stm32f4xx_adc.o
 .text.ADC_DeInit
                0x00000000       0x20 output\stm32f4xx_adc.o
 .text.ADC_Init
                0x00000000       0xb8 output\stm32f4xx_adc.o
 .text.ADC_StructInit
                0x00000000       0x4c output\stm32f4xx_adc.o
 .text.ADC_CommonInit
                0x00000000       0x5c output\stm32f4xx_adc.o
 .text.ADC_CommonStructInit
                0x00000000       0x34 output\stm32f4xx_adc.o
 .text.ADC_Cmd  0x00000000       0x38 output\stm32f4xx_adc.o
 .text.ADC_AnalogWatchdogCmd
                0x00000000       0x3c output\stm32f4xx_adc.o
 .text.ADC_AnalogWatchdogThresholdsConfig
                0x00000000       0x28 output\stm32f4xx_adc.o
 .text.ADC_AnalogWatchdogSingleChannelConfig
                0x00000000       0x38 output\stm32f4xx_adc.o
 .text.ADC_TempSensorVrefintCmd
                0x00000000       0x4c output\stm32f4xx_adc.o
 .text.ADC_VBATCmd
                0x00000000       0x4c output\stm32f4xx_adc.o
 .text.ADC_RegularChannelConfig
                0x00000000      0x1bc output\stm32f4xx_adc.o
 .text.ADC_SoftwareStartConv
                0x00000000       0x20 output\stm32f4xx_adc.o
 .text.ADC_GetSoftwareStartConvStatus
                0x00000000       0x38 output\stm32f4xx_adc.o
 .text.ADC_EOCOnEachRegularChannelCmd
                0x00000000       0x38 output\stm32f4xx_adc.o
 .text.ADC_ContinuousModeCmd
                0x00000000       0x38 output\stm32f4xx_adc.o
 .text.ADC_DiscModeChannelCountConfig
                0x00000000       0x4c output\stm32f4xx_adc.o
 .text.ADC_DiscModeCmd
                0x00000000       0x38 output\stm32f4xx_adc.o
 .text.ADC_GetConversionValue
                0x00000000       0x1c output\stm32f4xx_adc.o
 .text.ADC_GetMultiModeConversionValue
                0x00000000       0x18 output\stm32f4xx_adc.o
 .text.ADC_DMACmd
                0x00000000       0x38 output\stm32f4xx_adc.o
 .text.ADC_DMARequestAfterLastTransferCmd
                0x00000000       0x38 output\stm32f4xx_adc.o
 .text.ADC_MultiModeDMARequestAfterLastTransferCmd
                0x00000000       0x4c output\stm32f4xx_adc.o
 .text.ADC_InjectedChannelConfig
                0x00000000      0x144 output\stm32f4xx_adc.o
 .text.ADC_InjectedSequencerLengthConfig
                0x00000000       0x4c output\stm32f4xx_adc.o
 .text.ADC_SetInjectedOffset
                0x00000000       0x34 output\stm32f4xx_adc.o
 .text.ADC_ExternalTrigInjectedConvConfig
                0x00000000       0x38 output\stm32f4xx_adc.o
 .text.ADC_ExternalTrigInjectedConvEdgeConfig
                0x00000000       0x38 output\stm32f4xx_adc.o
 .text.ADC_SoftwareStartInjectedConv
                0x00000000       0x20 output\stm32f4xx_adc.o
 .text.ADC_GetSoftwareStartInjectedConvCmdStatus
                0x00000000       0x38 output\stm32f4xx_adc.o
 .text.ADC_AutoInjectedConvCmd
                0x00000000       0x38 output\stm32f4xx_adc.o
 .text.ADC_InjectedDiscModeCmd
                0x00000000       0x38 output\stm32f4xx_adc.o
 .text.ADC_GetInjectedConversionValue
                0x00000000       0x34 output\stm32f4xx_adc.o
 .text.ADC_ITConfig
                0x00000000       0x58 output\stm32f4xx_adc.o
 .text.ADC_GetFlagStatus
                0x00000000       0x3c output\stm32f4xx_adc.o
 .text.ADC_ClearFlag
                0x00000000       0x20 output\stm32f4xx_adc.o
 .text.ADC_GetITStatus
                0x00000000       0x6c output\stm32f4xx_adc.o
 .text.ADC_ClearITPendingBit
                0x00000000       0x30 output\stm32f4xx_adc.o
 .debug_info    0x00000000      0xd18 output\stm32f4xx_adc.o
 .debug_abbrev  0x00000000      0x19a output\stm32f4xx_adc.o
 .debug_loc     0x00000000      0x838 output\stm32f4xx_adc.o
 .debug_aranges
                0x00000000      0x148 output\stm32f4xx_adc.o
 .debug_ranges  0x00000000      0x138 output\stm32f4xx_adc.o
 .debug_line    0x00000000      0x499 output\stm32f4xx_adc.o
 .debug_str     0x00000000      0x7b3 output\stm32f4xx_adc.o
 .comment       0x00000000       0x71 output\stm32f4xx_adc.o
 .ARM.attributes
                0x00000000       0x33 output\stm32f4xx_adc.o
 .debug_frame   0x00000000      0x434 output\stm32f4xx_adc.o
 .text          0x00000000        0x0 output\stm32f4xx_dma.o
 .data          0x00000000        0x0 output\stm32f4xx_dma.o
 .bss           0x00000000        0x0 output\stm32f4xx_dma.o
 .text.DMA_DeInit
                0x00000000      0x244 output\stm32f4xx_dma.o
 .text.DMA_Init
                0x00000000       0xb0 output\stm32f4xx_dma.o
 .text.DMA_StructInit
                0x00000000       0x8c output\stm32f4xx_dma.o
 .text.DMA_Cmd  0x00000000       0x38 output\stm32f4xx_dma.o
 .text.DMA_PeriphIncOffsetSizeConfig
                0x00000000       0x34 output\stm32f4xx_dma.o
 .text.DMA_FlowControllerConfig
                0x00000000       0x34 output\stm32f4xx_dma.o
 .text.DMA_SetCurrDataCounter
                0x00000000       0x1c output\stm32f4xx_dma.o
 .text.DMA_GetCurrDataCounter
                0x00000000       0x1c output\stm32f4xx_dma.o
 .text.DMA_DoubleBufferModeConfig
                0x00000000       0x3c output\stm32f4xx_dma.o
 .text.DMA_DoubleBufferModeCmd
                0x00000000       0x38 output\stm32f4xx_dma.o
 .text.DMA_MemoryTargetConfig
                0x00000000       0x2c output\stm32f4xx_dma.o
 .text.DMA_GetCurrentMemoryTarget
                0x00000000       0x38 output\stm32f4xx_dma.o
 .text.DMA_GetCmdStatus
                0x00000000       0x38 output\stm32f4xx_dma.o
 .text.DMA_GetFIFOStatus
                0x00000000       0x28 output\stm32f4xx_dma.o
 .text.DMA_GetFlagStatus
                0x00000000       0x84 output\stm32f4xx_dma.o
 .text.DMA_ClearFlag
                0x00000000       0x60 output\stm32f4xx_dma.o
 .text.DMA_ITConfig
                0x00000000       0x74 output\stm32f4xx_dma.o
 .text.DMA_GetITStatus
                0x00000000       0xc0 output\stm32f4xx_dma.o
 .text.DMA_ClearITPendingBit
                0x00000000       0x60 output\stm32f4xx_dma.o
 .debug_info    0x00000000      0x7b3 output\stm32f4xx_dma.o
 .debug_abbrev  0x00000000      0x159 output\stm32f4xx_dma.o
 .debug_loc     0x00000000      0x428 output\stm32f4xx_dma.o
 .debug_aranges
                0x00000000       0xb0 output\stm32f4xx_dma.o
 .debug_ranges  0x00000000       0xa0 output\stm32f4xx_dma.o
 .debug_line    0x00000000      0x321 output\stm32f4xx_dma.o
 .debug_str     0x00000000      0x4fb output\stm32f4xx_dma.o
 .comment       0x00000000       0x71 output\stm32f4xx_dma.o
 .ARM.attributes
                0x00000000       0x33 output\stm32f4xx_dma.o
 .debug_frame   0x00000000      0x224 output\stm32f4xx_dma.o
 .text          0x00000000        0x0 output\stm32f4xx_exti.o
 .data          0x00000000        0x0 output\stm32f4xx_exti.o
 .bss           0x00000000        0x0 output\stm32f4xx_exti.o
 .text.EXTI_DeInit
                0x00000000       0x54 output\stm32f4xx_exti.o
 .text.EXTI_StructInit
                0x00000000       0x34 output\stm32f4xx_exti.o
 .text.EXTI_GenerateSWInterrupt
                0x00000000       0x2c output\stm32f4xx_exti.o
 .text.EXTI_GetFlagStatus
                0x00000000       0x3c output\stm32f4xx_exti.o
 .text.EXTI_ClearFlag
                0x00000000       0x20 output\stm32f4xx_exti.o
 .text          0x00000000        0x0 output\stm32f4xx_gpio.o
 .data          0x00000000        0x0 output\stm32f4xx_gpio.o
 .bss           0x00000000        0x0 output\stm32f4xx_gpio.o
 .text.GPIO_DeInit
                0x00000000      0x1c8 output\stm32f4xx_gpio.o
 .text.GPIO_StructInit
                0x00000000       0x3c output\stm32f4xx_gpio.o
 .text.GPIO_PinLockConfig
                0x00000000       0x44 output\stm32f4xx_gpio.o
 .text.GPIO_ReadInputData
                0x00000000       0x1c output\stm32f4xx_gpio.o
 .text.GPIO_ReadOutputDataBit
                0x00000000       0x3c output\stm32f4xx_gpio.o
 .text.GPIO_ReadOutputData
                0x00000000       0x1c output\stm32f4xx_gpio.o
 .text.GPIO_WriteBit
                0x00000000       0x30 output\stm32f4xx_gpio.o
 .text.GPIO_Write
                0x00000000       0x1c output\stm32f4xx_gpio.o
 .text.GPIO_PinAFConfig
                0x00000000       0xa8 output\stm32f4xx_gpio.o
 .text          0x00000000        0x0 output\stm32f4xx_i2c.o
 .data          0x00000000        0x0 output\stm32f4xx_i2c.o
 .bss           0x00000000        0x0 output\stm32f4xx_i2c.o
 .text.I2C_DeInit
                0x00000000       0x88 output\stm32f4xx_i2c.o
 .text.I2C_Init
                0x00000000      0x1ac output\stm32f4xx_i2c.o
 .text.I2C_StructInit
                0x00000000       0x44 output\stm32f4xx_i2c.o
 .text.I2C_Cmd  0x00000000       0x40 output\stm32f4xx_i2c.o
 .text.I2C_AnalogFilterCmd
                0x00000000       0x40 output\stm32f4xx_i2c.o
 .text.I2C_DigitalFilterConfig
                0x00000000       0x40 output\stm32f4xx_i2c.o
 .text.I2C_GenerateSTART
                0x00000000       0x40 output\stm32f4xx_i2c.o
 .text.I2C_GenerateSTOP
                0x00000000       0x40 output\stm32f4xx_i2c.o
 .text.I2C_Send7bitAddress
                0x00000000       0x3c output\stm32f4xx_i2c.o
 .text.I2C_AcknowledgeConfig
                0x00000000       0x40 output\stm32f4xx_i2c.o
 .text.I2C_OwnAddress2Config
                0x00000000       0x44 output\stm32f4xx_i2c.o
 .text.I2C_DualAddressCmd
                0x00000000       0x40 output\stm32f4xx_i2c.o
 .text.I2C_GeneralCallCmd
                0x00000000       0x40 output\stm32f4xx_i2c.o
 .text.I2C_SoftwareResetCmd
                0x00000000       0x48 output\stm32f4xx_i2c.o
 .text.I2C_StretchClockCmd
                0x00000000       0x40 output\stm32f4xx_i2c.o
 .text.I2C_FastModeDutyCycleConfig
                0x00000000       0x40 output\stm32f4xx_i2c.o
 .text.I2C_NACKPositionConfig
                0x00000000       0x40 output\stm32f4xx_i2c.o
 .text.I2C_SMBusAlertConfig
                0x00000000       0x40 output\stm32f4xx_i2c.o
 .text.I2C_ARPCmd
                0x00000000       0x40 output\stm32f4xx_i2c.o
 .text.I2C_SendData
                0x00000000       0x20 output\stm32f4xx_i2c.o
 .text.I2C_ReceiveData
                0x00000000       0x1c output\stm32f4xx_i2c.o
 .text.I2C_TransmitPEC
                0x00000000       0x40 output\stm32f4xx_i2c.o
 .text.I2C_PECPositionConfig
                0x00000000       0x40 output\stm32f4xx_i2c.o
 .text.I2C_CalculatePEC
                0x00000000       0x40 output\stm32f4xx_i2c.o
 .text.I2C_GetPEC
                0x00000000       0x24 output\stm32f4xx_i2c.o
 .text.I2C_DMACmd
                0x00000000       0x40 output\stm32f4xx_i2c.o
 .text.I2C_DMALastTransferCmd
                0x00000000       0x40 output\stm32f4xx_i2c.o
 .text.I2C_ReadRegister
                0x00000000       0x30 output\stm32f4xx_i2c.o
 .text.I2C_ITConfig
                0x00000000       0x48 output\stm32f4xx_i2c.o
 .text.I2C_CheckEvent
                0x00000000       0x70 output\stm32f4xx_i2c.o
 .text.I2C_GetLastEvent
                0x00000000       0x4c output\stm32f4xx_i2c.o
 .text.I2C_GetFlagStatus
                0x00000000       0x78 output\stm32f4xx_i2c.o
 .text.I2C_ClearFlag
                0x00000000       0x30 output\stm32f4xx_i2c.o
 .text.I2C_GetITStatus
                0x00000000       0x64 output\stm32f4xx_i2c.o
 .text.I2C_ClearITPendingBit
                0x00000000       0x30 output\stm32f4xx_i2c.o
 .debug_info    0x00000000      0xc50 output\stm32f4xx_i2c.o
 .debug_abbrev  0x00000000      0x168 output\stm32f4xx_i2c.o
 .debug_loc     0x00000000      0x7a8 output\stm32f4xx_i2c.o
 .debug_aranges
                0x00000000      0x130 output\stm32f4xx_i2c.o
 .debug_ranges  0x00000000      0x120 output\stm32f4xx_i2c.o
 .debug_line    0x00000000      0x44b output\stm32f4xx_i2c.o
 .debug_str     0x00000000      0x661 output\stm32f4xx_i2c.o
 .comment       0x00000000       0x71 output\stm32f4xx_i2c.o
 .ARM.attributes
                0x00000000       0x33 output\stm32f4xx_i2c.o
 .debug_frame   0x00000000      0x3ec output\stm32f4xx_i2c.o
 .text          0x00000000        0x0 output\stm32f4xx_rcc.o
 .data          0x00000000       0x10 output\stm32f4xx_rcc.o
 .bss           0x00000000        0x0 output\stm32f4xx_rcc.o
 .text.RCC_DeInit
                0x00000000       0xbc output\stm32f4xx_rcc.o
 .text.RCC_HSEConfig
                0x00000000       0x30 output\stm32f4xx_rcc.o
 .text.RCC_WaitForHSEStartUp
                0x00000000       0x64 output\stm32f4xx_rcc.o
 .text.RCC_AdjustHSICalibrationValue
                0x00000000       0x48 output\stm32f4xx_rcc.o
 .text.RCC_HSICmd
                0x00000000       0x20 output\stm32f4xx_rcc.o
 .text.RCC_LSEConfig
                0x00000000       0x60 output\stm32f4xx_rcc.o
 .text.RCC_LSICmd
                0x00000000       0x20 output\stm32f4xx_rcc.o
 .text.RCC_PLLConfig
                0x00000000       0x48 output\stm32f4xx_rcc.o
 .text.RCC_PLLCmd
                0x00000000       0x20 output\stm32f4xx_rcc.o
 .text.RCC_PLLI2SConfig
                0x00000000       0x30 output\stm32f4xx_rcc.o
 .text.RCC_PLLI2SCmd
                0x00000000       0x20 output\stm32f4xx_rcc.o
 .text.RCC_PLLSAIConfig
                0x00000000       0x38 output\stm32f4xx_rcc.o
 .text.RCC_PLLSAICmd
                0x00000000       0x20 output\stm32f4xx_rcc.o
 .text.RCC_ClockSecuritySystemCmd
                0x00000000       0x20 output\stm32f4xx_rcc.o
 .text.RCC_MCO1Config
                0x00000000       0x48 output\stm32f4xx_rcc.o
 .text.RCC_MCO2Config
                0x00000000       0x48 output\stm32f4xx_rcc.o
 .text.RCC_SYSCLKConfig
                0x00000000       0x40 output\stm32f4xx_rcc.o
 .text.RCC_GetSYSCLKSource
                0x00000000       0x20 output\stm32f4xx_rcc.o
 .text.RCC_HCLKConfig
                0x00000000       0x40 output\stm32f4xx_rcc.o
 .text.RCC_PCLK1Config
                0x00000000       0x40 output\stm32f4xx_rcc.o
 .text.RCC_PCLK2Config
                0x00000000       0x44 output\stm32f4xx_rcc.o
 .text.RCC_GetClocksFreq
                0x00000000      0x1cc output\stm32f4xx_rcc.o
 .text.RCC_RTCCLKConfig
                0x00000000       0x74 output\stm32f4xx_rcc.o
 .text.RCC_RTCCLKCmd
                0x00000000       0x20 output\stm32f4xx_rcc.o
 .text.RCC_BackupResetCmd
                0x00000000       0x20 output\stm32f4xx_rcc.o
 .text.RCC_I2SCLKConfig
                0x00000000       0x20 output\stm32f4xx_rcc.o
 .text.RCC_SAIPLLI2SClkDivConfig
                0x00000000       0x48 output\stm32f4xx_rcc.o
 .text.RCC_SAIPLLSAIClkDivConfig
                0x00000000       0x4c output\stm32f4xx_rcc.o
 .text.RCC_SAIBlockACLKConfig
                0x00000000       0x44 output\stm32f4xx_rcc.o
 .text.RCC_SAIBlockBCLKConfig
                0x00000000       0x44 output\stm32f4xx_rcc.o
 .text.RCC_LTDCCLKDivConfig
                0x00000000       0x44 output\stm32f4xx_rcc.o
 .text.RCC_TIMCLKPresConfig
                0x00000000       0x20 output\stm32f4xx_rcc.o
 .text.RCC_AHB2PeriphClockCmd
                0x00000000       0x54 output\stm32f4xx_rcc.o
 .text.RCC_AHB3PeriphClockCmd
                0x00000000       0x54 output\stm32f4xx_rcc.o
 .text.RCC_AHB1PeriphResetCmd
                0x00000000       0x54 output\stm32f4xx_rcc.o
 .text.RCC_AHB2PeriphResetCmd
                0x00000000       0x54 output\stm32f4xx_rcc.o
 .text.RCC_AHB3PeriphResetCmd
                0x00000000       0x54 output\stm32f4xx_rcc.o
 .text.RCC_APB1PeriphResetCmd
                0x00000000       0x54 output\stm32f4xx_rcc.o
 .text.RCC_APB2PeriphResetCmd
                0x00000000       0x54 output\stm32f4xx_rcc.o
 .text.RCC_AHB1PeriphClockLPModeCmd
                0x00000000       0x54 output\stm32f4xx_rcc.o
 .text.RCC_AHB2PeriphClockLPModeCmd
                0x00000000       0x54 output\stm32f4xx_rcc.o
 .text.RCC_AHB3PeriphClockLPModeCmd
                0x00000000       0x54 output\stm32f4xx_rcc.o
 .text.RCC_APB1PeriphClockLPModeCmd
                0x00000000       0x54 output\stm32f4xx_rcc.o
 .text.RCC_APB2PeriphClockLPModeCmd
                0x00000000       0x54 output\stm32f4xx_rcc.o
 .text.RCC_ITConfig
                0x00000000       0x60 output\stm32f4xx_rcc.o
 .text.RCC_GetFlagStatus
                0x00000000       0x90 output\stm32f4xx_rcc.o
 .text.RCC_ClearFlag
                0x00000000       0x24 output\stm32f4xx_rcc.o
 .text.RCC_GetITStatus
                0x00000000       0x40 output\stm32f4xx_rcc.o
 .text.RCC_ClearITPendingBit
                0x00000000       0x20 output\stm32f4xx_rcc.o
 .text          0x00000000        0x0 output\stm32f4xx_syscfg.o
 .data          0x00000000        0x0 output\stm32f4xx_syscfg.o
 .bss           0x00000000        0x0 output\stm32f4xx_syscfg.o
 .text.SYSCFG_DeInit
                0x00000000       0x20 output\stm32f4xx_syscfg.o
 .text.SYSCFG_MemoryRemapConfig
                0x00000000       0x20 output\stm32f4xx_syscfg.o
 .text.SYSCFG_MemorySwappingBank
                0x00000000       0x20 output\stm32f4xx_syscfg.o
 .text.SYSCFG_ETH_MediaInterfaceConfig
                0x00000000       0x20 output\stm32f4xx_syscfg.o
 .text.SYSCFG_CompensationCellCmd
                0x00000000       0x20 output\stm32f4xx_syscfg.o
 .text.SYSCFG_GetCompensationCellStatus
                0x00000000       0x3c output\stm32f4xx_syscfg.o
 .text          0x00000000        0x0 output\stm32f4xx_tim.o
 .data          0x00000000        0x0 output\stm32f4xx_tim.o
 .bss           0x00000000        0x0 output\stm32f4xx_tim.o
 .text.TIM_DeInit
                0x00000000      0x238 output\stm32f4xx_tim.o
 .text.TIM_TimeBaseStructInit
                0x00000000       0x3c output\stm32f4xx_tim.o
 .text.TIM_PrescalerConfig
                0x00000000       0x28 output\stm32f4xx_tim.o
 .text.TIM_CounterModeConfig
                0x00000000       0x38 output\stm32f4xx_tim.o
 .text.TIM_SetAutoreload
                0x00000000       0x1c output\stm32f4xx_tim.o
 .text.TIM_GetPrescaler
                0x00000000       0x1c output\stm32f4xx_tim.o
 .text.TIM_UpdateDisableConfig
                0x00000000       0x40 output\stm32f4xx_tim.o
 .text.TIM_UpdateRequestConfig
                0x00000000       0x40 output\stm32f4xx_tim.o
 .text.TIM_ARRPreloadConfig
                0x00000000       0x40 output\stm32f4xx_tim.o
 .text.TIM_SelectOnePulseMode
                0x00000000       0x38 output\stm32f4xx_tim.o
 .text.TIM_SetClockDivision
                0x00000000       0x38 output\stm32f4xx_tim.o
 .text.TIM_OC1Init
                0x00000000       0xfc output\stm32f4xx_tim.o
 .text.TIM_OC2Init
                0x00000000      0x128 output\stm32f4xx_tim.o
 .text.TIM_OC3Init
                0x00000000      0x120 output\stm32f4xx_tim.o
 .text.TIM_OC4Init
                0x00000000       0xe0 output\stm32f4xx_tim.o
 .text.TIM_OCStructInit
                0x00000000       0x54 output\stm32f4xx_tim.o
 .text.TIM_SelectOCxM
                0x00000000       0xc0 output\stm32f4xx_tim.o
 .text.TIM_SetCompare1
                0x00000000       0x1c output\stm32f4xx_tim.o
 .text.TIM_SetCompare2
                0x00000000       0x1c output\stm32f4xx_tim.o
 .text.TIM_SetCompare3
                0x00000000       0x1c output\stm32f4xx_tim.o
 .text.TIM_SetCompare4
                0x00000000       0x1c output\stm32f4xx_tim.o
 .text.TIM_ForcedOC1Config
                0x00000000       0x38 output\stm32f4xx_tim.o
 .text.TIM_ForcedOC2Config
                0x00000000       0x40 output\stm32f4xx_tim.o
 .text.TIM_ForcedOC3Config
                0x00000000       0x38 output\stm32f4xx_tim.o
 .text.TIM_ForcedOC4Config
                0x00000000       0x40 output\stm32f4xx_tim.o
 .text.TIM_OC1PreloadConfig
                0x00000000       0x38 output\stm32f4xx_tim.o
 .text.TIM_OC2PreloadConfig
                0x00000000       0x40 output\stm32f4xx_tim.o
 .text.TIM_OC3PreloadConfig
                0x00000000       0x38 output\stm32f4xx_tim.o
 .text.TIM_OC4PreloadConfig
                0x00000000       0x40 output\stm32f4xx_tim.o
 .text.TIM_OC1FastConfig
                0x00000000       0x38 output\stm32f4xx_tim.o
 .text.TIM_OC2FastConfig
                0x00000000       0x40 output\stm32f4xx_tim.o
 .text.TIM_OC3FastConfig
                0x00000000       0x38 output\stm32f4xx_tim.o
 .text.TIM_OC4FastConfig
                0x00000000       0x40 output\stm32f4xx_tim.o
 .text.TIM_ClearOC1Ref
                0x00000000       0x38 output\stm32f4xx_tim.o
 .text.TIM_ClearOC2Ref
                0x00000000       0x44 output\stm32f4xx_tim.o
 .text.TIM_ClearOC3Ref
                0x00000000       0x38 output\stm32f4xx_tim.o
 .text.TIM_ClearOC4Ref
                0x00000000       0x44 output\stm32f4xx_tim.o
 .text.TIM_OC1PolarityConfig
                0x00000000       0x38 output\stm32f4xx_tim.o
 .text.TIM_OC1NPolarityConfig
                0x00000000       0x38 output\stm32f4xx_tim.o
 .text.TIM_OC2PolarityConfig
                0x00000000       0x40 output\stm32f4xx_tim.o
 .text.TIM_OC2NPolarityConfig
                0x00000000       0x40 output\stm32f4xx_tim.o
 .text.TIM_OC3PolarityConfig
                0x00000000       0x40 output\stm32f4xx_tim.o
 .text.TIM_OC3NPolarityConfig
                0x00000000       0x40 output\stm32f4xx_tim.o
 .text.TIM_OC4PolarityConfig
                0x00000000       0x40 output\stm32f4xx_tim.o
 .text.TIM_CCxCmd
                0x00000000       0x5c output\stm32f4xx_tim.o
 .text.TIM_CCxNCmd
                0x00000000       0x5c output\stm32f4xx_tim.o
 .text.TIM_ICInit
                0x00000000       0xa8 output\stm32f4xx_tim.o
 .text.TIM_ICStructInit
                0x00000000       0x3c output\stm32f4xx_tim.o
 .text.TIM_PWMIConfig
                0x00000000       0xc4 output\stm32f4xx_tim.o
 .text.TIM_GetCapture1
                0x00000000       0x18 output\stm32f4xx_tim.o
 .text.TIM_GetCapture2
                0x00000000       0x18 output\stm32f4xx_tim.o
 .text.TIM_GetCapture3
                0x00000000       0x18 output\stm32f4xx_tim.o
 .text.TIM_GetCapture4
                0x00000000       0x18 output\stm32f4xx_tim.o
 .text.TIM_SetIC1Prescaler
                0x00000000       0x38 output\stm32f4xx_tim.o
 .text.TIM_SetIC2Prescaler
                0x00000000       0x3c output\stm32f4xx_tim.o
 .text.TIM_SetIC3Prescaler
                0x00000000       0x38 output\stm32f4xx_tim.o
 .text.TIM_SetIC4Prescaler
                0x00000000       0x3c output\stm32f4xx_tim.o
 .text.TIM_BDTRConfig
                0x00000000       0x50 output\stm32f4xx_tim.o
 .text.TIM_BDTRStructInit
                0x00000000       0x4c output\stm32f4xx_tim.o
 .text.TIM_CtrlPWMOutputs
                0x00000000       0x50 output\stm32f4xx_tim.o
 .text.TIM_SelectCOM
                0x00000000       0x40 output\stm32f4xx_tim.o
 .text.TIM_CCPreloadControl
                0x00000000       0x40 output\stm32f4xx_tim.o
 .text.TIM_GenerateEvent
                0x00000000       0x1c output\stm32f4xx_tim.o
 .text.TIM_GetFlagStatus
                0x00000000       0x40 output\stm32f4xx_tim.o
 .text.TIM_ClearFlag
                0x00000000       0x24 output\stm32f4xx_tim.o
 .text.TIM_DMAConfig
                0x00000000       0x28 output\stm32f4xx_tim.o
 .text.TIM_DMACmd
                0x00000000       0x48 output\stm32f4xx_tim.o
 .text.TIM_SelectCCDMA
                0x00000000       0x40 output\stm32f4xx_tim.o
 .text.TIM_InternalClockConfig
                0x00000000       0x24 output\stm32f4xx_tim.o
 .text.TIM_ITRxExternalClockConfig
                0x00000000       0x30 output\stm32f4xx_tim.o
 .text.TIM_TIxExternalClockConfig
                0x00000000       0x58 output\stm32f4xx_tim.o
 .text.TIM_ETRClockMode1Config
                0x00000000       0x54 output\stm32f4xx_tim.o
 .text.TIM_ETRClockMode2Config
                0x00000000       0x34 output\stm32f4xx_tim.o
 .text.TIM_SelectInputTrigger
                0x00000000       0x38 output\stm32f4xx_tim.o
 .text.TIM_SelectOutputTrigger
                0x00000000       0x38 output\stm32f4xx_tim.o
 .text.TIM_SelectSlaveMode
                0x00000000       0x38 output\stm32f4xx_tim.o
 .text.TIM_SelectMasterSlaveMode
                0x00000000       0x38 output\stm32f4xx_tim.o
 .text.TIM_ETRConfig
                0x00000000       0x4c output\stm32f4xx_tim.o
 .text.TIM_EncoderInterfaceConfig
                0x00000000       0x94 output\stm32f4xx_tim.o
 .text.TIM_SelectHallSensor
                0x00000000       0x40 output\stm32f4xx_tim.o
 .text.TIM_RemapConfig
                0x00000000       0x20 output\stm32f4xx_tim.o
 .text.TI1_Config
                0x00000000       0x80 output\stm32f4xx_tim.o
 .text.TI2_Config
                0x00000000       0x9c output\stm32f4xx_tim.o
 .text.TI3_Config
                0x00000000       0x8c output\stm32f4xx_tim.o
 .text.TI4_Config
                0x00000000       0xa4 output\stm32f4xx_tim.o
 .text          0x00000000        0x0 output\stm32f4xx_usart.o
 .data          0x00000000        0x0 output\stm32f4xx_usart.o
 .bss           0x00000000        0x0 output\stm32f4xx_usart.o
 .text.USART_DeInit
                0x00000000      0x150 output\stm32f4xx_usart.o
 .text.USART_Init
                0x00000000      0x1ac output\stm32f4xx_usart.o
 .text.USART_StructInit
                0x00000000       0x44 output\stm32f4xx_usart.o
 .text.USART_ClockInit
                0x00000000       0x54 output\stm32f4xx_usart.o
 .text.USART_ClockStructInit
                0x00000000       0x34 output\stm32f4xx_usart.o
 .text.USART_Cmd
                0x00000000       0x40 output\stm32f4xx_usart.o
 .text.USART_SetPrescaler
                0x00000000       0x38 output\stm32f4xx_usart.o
 .text.USART_OverSampling8Cmd
                0x00000000       0x48 output\stm32f4xx_usart.o
 .text.USART_OneBitMethodCmd
                0x00000000       0x40 output\stm32f4xx_usart.o
 .text.USART_SendData
                0x00000000       0x28 output\stm32f4xx_usart.o
 .text.USART_SetAddress
                0x00000000       0x38 output\stm32f4xx_usart.o
 .text.USART_ReceiverWakeUpCmd
                0x00000000       0x40 output\stm32f4xx_usart.o
 .text.USART_WakeUpConfig
                0x00000000       0x38 output\stm32f4xx_usart.o
 .text.USART_LINBreakDetectLengthConfig
                0x00000000       0x38 output\stm32f4xx_usart.o
 .text.USART_LINCmd
                0x00000000       0x40 output\stm32f4xx_usart.o
 .text.USART_SendBreak
                0x00000000       0x24 output\stm32f4xx_usart.o
 .text.USART_HalfDuplexCmd
                0x00000000       0x40 output\stm32f4xx_usart.o
 .text.USART_SetGuardTime
                0x00000000       0x3c output\stm32f4xx_usart.o
 .text.USART_SmartCardCmd
                0x00000000       0x40 output\stm32f4xx_usart.o
 .text.USART_SmartCardNACKCmd
                0x00000000       0x40 output\stm32f4xx_usart.o
 .text.USART_IrDAConfig
                0x00000000       0x38 output\stm32f4xx_usart.o
 .text.USART_IrDACmd
                0x00000000       0x40 output\stm32f4xx_usart.o
 .text.USART_DMACmd
                0x00000000       0x48 output\stm32f4xx_usart.o
 .text.USART_ITConfig
                0x00000000       0xa4 output\stm32f4xx_usart.o
 .text.USART_GetFlagStatus
                0x00000000       0x40 output\stm32f4xx_usart.o
 .text.USART_ClearFlag
                0x00000000       0x24 output\stm32f4xx_usart.o
 .text.USART_GetITStatus
                0x00000000       0xc4 output\stm32f4xx_usart.o
 .text.USART_ClearITPendingBit
                0x00000000       0x44 output\stm32f4xx_usart.o
 .text          0x00000000        0x0 output\system_stm32f4xx.o
 .data          0x00000000       0x14 output\system_stm32f4xx.o
 .bss           0x00000000        0x0 output\system_stm32f4xx.o
 .text.SystemCoreClockUpdate
                0x00000000      0x170 output\system_stm32f4xx.o
 .text          0x00000000        0x0 output\watchdogs.o
 .data          0x00000000        0x0 output\watchdogs.o
 .bss           0x00000000        0x0 output\watchdogs.o
 .text.initWatchdogs
                0x00000000        0xc output\watchdogs.o
 .debug_info    0x00000000       0xaa output\watchdogs.o
 .debug_abbrev  0x00000000       0x67 output\watchdogs.o
 .debug_loc     0x00000000       0x2c output\watchdogs.o
 .debug_aranges
                0x00000000       0x20 output\watchdogs.o
 .debug_ranges  0x00000000       0x10 output\watchdogs.o
 .debug_line    0x00000000       0xf9 output\watchdogs.o
 .debug_str     0x00000000      0x14e output\watchdogs.o
 .comment       0x00000000       0x71 output\watchdogs.o
 .ARM.attributes
                0x00000000       0x33 output\watchdogs.o
 .debug_frame   0x00000000       0x28 output\watchdogs.o
 .data          0x00000000        0x0 c:/program files (x86)/gnu tools arm embedded/4.7 2013q2/bin/../lib/gcc/arm-none-eabi/4.7.4/armv7e-m\libgcc.a(_arm_addsubdf3.o)
 .bss           0x00000000        0x0 c:/program files (x86)/gnu tools arm embedded/4.7 2013q2/bin/../lib/gcc/arm-none-eabi/4.7.4/armv7e-m\libgcc.a(_arm_addsubdf3.o)
 .data          0x00000000        0x0 c:/program files (x86)/gnu tools arm embedded/4.7 2013q2/bin/../lib/gcc/arm-none-eabi/4.7.4/armv7e-m\libgcc.a(_arm_muldivdf3.o)
 .bss           0x00000000        0x0 c:/program files (x86)/gnu tools arm embedded/4.7 2013q2/bin/../lib/gcc/arm-none-eabi/4.7.4/armv7e-m\libgcc.a(_arm_muldivdf3.o)

Memory Configuration

Name             Origin             Length             Attributes
rom              0x08000000         0x00100000         xr
ram              0x20000000         0x00020000         xrw
ram1             0x10000000         0x00010000         xrw
*default*        0x00000000         0xffffffff

Linker script and memory map

                0x20020000                _eram = 0x20020000

.text           0x08000000     0x1f98
 *(.isr_vector .isr_vector.*)
 .isr_vector    0x08000000      0x188 output\startup_stm32f4xx.o
                0x08000000                g_pfnVectors
 *(.text .text.* .gnu.linkonce.t.*)
 .text.initHallSensors
                0x08000188      0x370 output\hallsensors.o
                0x08000188                initHallSensors
 .text.TIM1_BRK_TIM9_IRQHandler
                0x080004f8       0x4c output\hallsensors.o
                0x080004f8                TIM1_BRK_TIM9_IRQHandler
 .text.TIM1_UP_TIM10_IRQHandler
                0x08000544       0x4c output\hallsensors.o
                0x08000544                TIM1_UP_TIM10_IRQHandler
 .text.TIM1_TRG_COM_TIM11_IRQHandler
                0x08000590       0x4c output\hallsensors.o
                0x08000590                TIM1_TRG_COM_TIM11_IRQHandler
 .text.TIM8_BRK_TIM12_IRQHandler
                0x080005dc       0x4c output\hallsensors.o
                0x080005dc                TIM8_BRK_TIM12_IRQHandler
 .text.CalculateWheelRPM
                0x08000628       0x68 output\hallsensors.o
                0x08000628                CalculateWheelRPM
 .text.ClearInterupt
                0x08000690       0x34 output\hallsensors.o
                0x08000690                ClearInterupt
 .text.EXTI2_IRQHandler
                0x080006c4       0x58 output\hallsensors.o
                0x080006c4                EXTI2_IRQHandler
 .text.EXTI3_IRQHandler
                0x0800071c       0x58 output\hallsensors.o
                0x0800071c                EXTI3_IRQHandler
 .text.EXTI4_IRQHandler
                0x08000774       0x58 output\hallsensors.o
                0x08000774                EXTI4_IRQHandler
 .text.EXTI9_5_IRQHandler
                0x080007cc       0x58 output\hallsensors.o
                0x080007cc                EXTI9_5_IRQHandler
 .text.main     0x08000824       0x44 output\main.o
                0x08000824                main
 .text.NVIC_Init
                0x08000868       0xe4 output\misc.o
                0x08000868                NVIC_Init
 .text.initRCRadio
                0x0800094c      0x2c0 output\rcradio.o
                0x0800094c                initRCRadio
 .text.TIM2_IRQHandler
                0x08000c0c       0x34 output\rcradio.o
                0x08000c0c                TIM2_IRQHandler
 .text.EXTI0_IRQHandler
                0x08000c40       0xcc output\rcradio.o
                0x08000c40                EXTI0_IRQHandler
 .text.EXTI1_IRQHandler
                0x08000d0c       0x74 output\rcradio.o
                0x08000d0c                EXTI1_IRQHandler
 .text.USART1_IRQHandler
                0x08000d80       0x80 output\serial.o
                0x08000d80                USART1_IRQHandler
 .text.Default_Reset_Handler
                0x08000e00       0x6c output\startup_stm32f4xx.o
                0x08000e00                Default_Reset_Handler
                0x08000e00                Reset_Handler
 .text.Default_Handler
                0x08000e6c        0x8 output\startup_stm32f4xx.o
                0x08000e6c                RTC_Alarm_IRQHandler
                0x08000e6c                HASH_RNG_IRQHandler
                0x08000e6c                TIM8_CC_IRQHandler
                0x08000e6c                DebugMon_Handler
                0x08000e6c                TIM1_CC_IRQHandler
                0x08000e6c                DMA2_Stream5_IRQHandler
                0x08000e6c                HardFault_Handler
                0x08000e6c                DMA1_Stream5_IRQHandler
                0x08000e6c                SysTick_Handler
                0x08000e6c                PVD_IRQHandler
                0x08000e6c                SDIO_IRQHandler
                0x08000e6c                TAMP_STAMP_IRQHandler
                0x08000e6c                PendSV_Handler
                0x08000e6c                NMI_Handler
                0x08000e6c                CAN2_RX1_IRQHandler
                0x08000e6c                TIM8_TRG_COM_TIM14_IRQHandler
                0x08000e6c                TIM8_UP_TIM13_IRQHandler
                0x08000e6c                I2C3_ER_IRQHandler
                0x08000e6c                I2C2_EV_IRQHandler
                0x08000e6c                DMA1_Stream2_IRQHandler
                0x08000e6c                CAN1_RX0_IRQHandler
                0x08000e6c                FPU_IRQHandler
                0x08000e6c                OTG_HS_WKUP_IRQHandler
                0x08000e6c                UsageFault_Handler
                0x08000e6c                CAN2_SCE_IRQHandler
                0x08000e6c                DMA2_Stream2_IRQHandler
                0x08000e6c                SPI1_IRQHandler
                0x08000e6c                TIM6_DAC_IRQHandler
                0x08000e6c                DCMI_IRQHandler
                0x08000e6c                CAN2_RX0_IRQHandler
                0x08000e6c                DMA2_Stream3_IRQHandler
                0x08000e6c                USART6_IRQHandler
                0x08000e6c                USART3_IRQHandler
                0x08000e6c                CRYP_IRQHandler
                0x08000e6c                CAN1_RX1_IRQHandler
                0x08000e6c                UART5_IRQHandler
                0x08000e6c                DMA2_Stream0_IRQHandler
                0x08000e6c                TIM4_IRQHandler
                0x08000e6c                I2C1_EV_IRQHandler
                0x08000e6c                DMA1_Stream6_IRQHandler
                0x08000e6c                DMA1_Stream1_IRQHandler
                0x08000e6c                UART4_IRQHandler
                0x08000e6c                TIM3_IRQHandler
                0x08000e6c                RCC_IRQHandler
                0x08000e6c                EXTI15_10_IRQHandler
                0x08000e6c                ADC_IRQHandler
                0x08000e6c                DMA1_Stream7_IRQHandler
                0x08000e6c                TIM7_IRQHandler
                0x08000e6c                CAN2_TX_IRQHandler
                0x08000e6c                TIM5_IRQHandler
                0x08000e6c                DMA2_Stream7_IRQHandler
                0x08000e6c                I2C3_EV_IRQHandler
                0x08000e6c                RTC_WKUP_IRQHandler
                0x08000e6c                ETH_WKUP_IRQHandler
                0x08000e6c                SPI2_IRQHandler
                0x08000e6c                OTG_HS_EP1_IN_IRQHandler
                0x08000e6c                MemManage_Handler
                0x08000e6c                DMA1_Stream0_IRQHandler
                0x08000e6c                CAN1_TX_IRQHandler
                0x08000e6c                SVC_Handler
                0x08000e6c                FSMC_IRQHandler
                0x08000e6c                ETH_IRQHandler
                0x08000e6c                OTG_HS_EP1_OUT_IRQHandler
                0x08000e6c                WWDG_IRQHandler
                0x08000e6c                OTG_FS_WKUP_IRQHandler
                0x08000e6c                OTG_HS_IRQHandler
                0x08000e6c                USART2_IRQHandler
                0x08000e6c                I2C2_ER_IRQHandler
                0x08000e6c                DMA2_Stream1_IRQHandler
                0x08000e6c                CAN1_SCE_IRQHandler
                0x08000e6c                FLASH_IRQHandler
                0x08000e6c                DMA2_Stream4_IRQHandler
                0x08000e6c                BusFault_Handler
                0x08000e6c                OTG_FS_IRQHandler
                0x08000e6c                SPI3_IRQHandler
                0x08000e6c                DMA1_Stream4_IRQHandler
                0x08000e6c                I2C1_ER_IRQHandler
                0x08000e6c                DMA2_Stream6_IRQHandler
                0x08000e6c                DMA1_Stream3_IRQHandler
 .text.EXTI_Init
                0x08000e74      0x138 output\stm32f4xx_exti.o
                0x08000e74                EXTI_Init
 .text.EXTI_GetITStatus
                0x08000fac       0x3c output\stm32f4xx_exti.o
                0x08000fac                EXTI_GetITStatus
 .text.EXTI_ClearITPendingBit
                0x08000fe8       0x20 output\stm32f4xx_exti.o
                0x08000fe8                EXTI_ClearITPendingBit
 .text.GPIO_Init
                0x08001008      0x144 output\stm32f4xx_gpio.o
                0x08001008                GPIO_Init
 .text.GPIO_ReadInputDataBit
                0x0800114c       0x3c output\stm32f4xx_gpio.o
                0x0800114c                GPIO_ReadInputDataBit
 .text.GPIO_SetBits
                0x08001188       0x1c output\stm32f4xx_gpio.o
                0x08001188                GPIO_SetBits
 .text.GPIO_ResetBits
                0x080011a4       0x1c output\stm32f4xx_gpio.o
                0x080011a4                GPIO_ResetBits
 .text.GPIO_ToggleBits
                0x080011c0       0x24 output\stm32f4xx_gpio.o
                0x080011c0                GPIO_ToggleBits
 .text.RCC_AHB1PeriphClockCmd
                0x080011e4       0x54 output\stm32f4xx_rcc.o
                0x080011e4                RCC_AHB1PeriphClockCmd
 .text.RCC_APB1PeriphClockCmd
                0x08001238       0x54 output\stm32f4xx_rcc.o
                0x08001238                RCC_APB1PeriphClockCmd
 .text.RCC_APB2PeriphClockCmd
                0x0800128c       0x54 output\stm32f4xx_rcc.o
                0x0800128c                RCC_APB2PeriphClockCmd
 .text.SYSCFG_EXTILineConfig
                0x080012e0       0xb0 output\stm32f4xx_syscfg.o
                0x080012e0                SYSCFG_EXTILineConfig
 .text.TIM_TimeBaseInit
                0x08001390       0xf4 output\stm32f4xx_tim.o
                0x08001390                TIM_TimeBaseInit
 .text.TIM_SetCounter
                0x08001484       0x1c output\stm32f4xx_tim.o
                0x08001484                TIM_SetCounter
 .text.TIM_GetCounter
                0x080014a0       0x18 output\stm32f4xx_tim.o
                0x080014a0                TIM_GetCounter
 .text.TIM_Cmd  0x080014b8       0x40 output\stm32f4xx_tim.o
                0x080014b8                TIM_Cmd
 .text.TIM_ITConfig
                0x080014f8       0x48 output\stm32f4xx_tim.o
                0x080014f8                TIM_ITConfig
 .text.TIM_GetITStatus
                0x08001540       0x60 output\stm32f4xx_tim.o
                0x08001540                TIM_GetITStatus
 .text.TIM_ClearITPendingBit
                0x080015a0       0x24 output\stm32f4xx_tim.o
                0x080015a0                TIM_ClearITPendingBit
 .text.USART_ReceiveData
                0x080015c4       0x24 output\stm32f4xx_usart.o
                0x080015c4                USART_ReceiveData
 .text.SystemInit
                0x080015e8       0x94 output\system_stm32f4xx.o
                0x080015e8                SystemInit
 .text.SetSysClock
                0x0800167c      0x188 output\system_stm32f4xx.o
 .text          0x08001804      0x370 c:/program files (x86)/gnu tools arm embedded/4.7 2013q2/bin/../lib/gcc/arm-none-eabi/4.7.4/armv7e-m\libgcc.a(_arm_addsubdf3.o)
                0x08001804                __aeabi_drsub
                0x0800180c                __aeabi_dsub
                0x0800180c                __subdf3
                0x08001810                __aeabi_dadd
                0x08001810                __adddf3
                0x08001a88                __floatunsidf
                0x08001a88                __aeabi_ui2d
                0x08001aa8                __floatsidf
                0x08001aa8                __aeabi_i2d
                0x08001acc                __aeabi_f2d
                0x08001acc                __extendsfdf2
                0x08001b08                __floatundidf
                0x08001b08                __aeabi_ul2d
                0x08001b18                __floatdidf
                0x08001b18                __aeabi_l2d
 .text          0x08001b74      0x424 c:/program files (x86)/gnu tools arm embedded/4.7 2013q2/bin/../lib/gcc/arm-none-eabi/4.7.4/armv7e-m\libgcc.a(_arm_muldivdf3.o)
                0x08001b74                __aeabi_dmul
                0x08001b74                __muldf3
                0x08001dc8                __divdf3
                0x08001dc8                __aeabi_ddiv
 *(.glue_7t)
 .glue_7t       0x00000000        0x0 linker stubs
 *(.glue_7)
 .glue_7        0x00000000        0x0 linker stubs
 *(.rodata .rodata* .gnu.linkonce.r.*)

.vfp11_veneer   0x08001f98        0x0
 .vfp11_veneer  0x00000000        0x0 linker stubs

.v4_bx          0x08001f98        0x0
 .v4_bx         0x00000000        0x0 linker stubs

.iplt           0x08001f98        0x0
 .iplt          0x00000000        0x0 output\analogue.o

.rel.dyn        0x08001f98        0x0
 .rel.iplt      0x00000000        0x0 output\analogue.o

.ARM.extab
 *(.ARM.extab* .gnu.linkonce.armextab.*)
                0x08001f98                __exidx_start = .

.ARM.exidx
 *(.ARM.exidx* .gnu.linkonce.armexidx.*)
                0x08001f98                __exidx_end = .
                0x08001f98                . = ALIGN (0x4)
                0x08001f98                _etext = .
                0x08001f98                _sidata = .

.data           0x20000000        0x4 load address 0x08001f98
                0x20000000                _sdata = .
 *(.data .data.*)
 .data          0x20000000        0x4 output\rcradio.o
                0x20000000                invalidSignalFlag
                0x20000004                . = ALIGN (0x4)
                0x20000004                _edata = .

.igot.plt       0x20000004        0x0 load address 0x08001f9c
 .igot.plt      0x00000000        0x0 output\analogue.o

.bss            0x20000008       0xd4 load address 0x08001fa0
                0x20000008                _sbss = .
 *(.bss .bss.*)
 .bss           0x20000008       0x30 output\hallsensors.o
                0x20000008                WheelCountStructure
                0x20000018                WheelRPMStructure
 .bss           0x20000038        0x8 output\rcradio.o
                0x20000038                steeringSignal
                0x2000003c                throttleSignal
 *(COMMON)
 COMMON         0x20000040       0x20 output\hallsensors.o
                0x20000040                GPIOA_InitStructure
                0x20000048                TIM_InitStructure
                0x20000054                NVIC_InitStructure
                0x20000058                EXTI_InitStructure
 COMMON         0x20000060        0x8 output\rcradio.o
                0x20000060                GPIOD_InitStructure
 COMMON         0x20000068       0x74 output\serial.o
                0x20000068                USART_InitStructure
                0x20000078                received_string
                0x200000dc                . = ALIGN (0x4)
                0x200000dc                _ebss = .

.co_stack       0x200000dc      0x804 load address 0x08002074
                0x200000e0                . = ALIGN (0x8)
 *fill*         0x200000dc        0x4 00
 *(.co_stack .co_stack.*)
 .co_stack      0x200000e0      0x800 output\startup_stm32f4xx.o
                0x200000e0                pulStack
                0x200008e0                . = ALIGN (0x4)
                0x200008e0                _end = .
LOAD output\analogue.o
LOAD output\hallsensors.o
LOAD output\imu.o
LOAD output\main.o
LOAD output\misc.o
LOAD output\ppmoutput.o
LOAD output\rcradio.o
LOAD output\serial.o
LOAD output\startup_stm32f4xx.o
LOAD output\stm32f4xx_adc.o
LOAD output\stm32f4xx_dma.o
LOAD output\stm32f4xx_exti.o
LOAD output\stm32f4xx_gpio.o
LOAD output\stm32f4xx_i2c.o
LOAD output\stm32f4xx_rcc.o
LOAD output\stm32f4xx_syscfg.o
LOAD output\stm32f4xx_tim.o
LOAD output\stm32f4xx_usart.o
LOAD output\system_stm32f4xx.o
LOAD output\watchdogs.o
START GROUP
LOAD c:/program files (x86)/gnu tools arm embedded/4.7 2013q2/bin/../lib/gcc/arm-none-eabi/4.7.4/armv7e-m\libgcc.a
LOAD c:/program files (x86)/gnu tools arm embedded/4.7 2013q2/bin/../lib/gcc/arm-none-eabi/4.7.4/../../../../arm-none-eabi/lib/armv7e-m\libg.a
LOAD c:/program files (x86)/gnu tools arm embedded/4.7 2013q2/bin/../lib/gcc/arm-none-eabi/4.7.4/../../../../arm-none-eabi/lib/armv7e-m\libc.a
END GROUP
OUTPUT(output\output.elf elf32-littlearm)

.debug_info     0x00000000     0x6e38
 .debug_info    0x00000000      0xa87 output\hallsensors.o
 .debug_info    0x00000a87      0x1a4 output\main.o
 .debug_info    0x00000c2b      0x596 output\misc.o
 .debug_info    0x000011c1      0x93b output\rcradio.o
 .debug_info    0x00001afc      0x79e output\serial.o
 .debug_info    0x0000229a      0x107 output\startup_stm32f4xx.o
 .debug_info    0x000023a1      0x368 output\stm32f4xx_exti.o
 .debug_info    0x00002709      0x647 output\stm32f4xx_gpio.o
 .debug_info    0x00002d50      0xf30 output\stm32f4xx_rcc.o
 .debug_info    0x00003c80      0x2a6 output\stm32f4xx_syscfg.o
 .debug_info    0x00003f26     0x1e81 output\stm32f4xx_tim.o
 .debug_info    0x00005da7      0xa69 output\stm32f4xx_usart.o
 .debug_info    0x00006810      0x628 output\system_stm32f4xx.o

.debug_abbrev   0x00000000     0x1113
 .debug_abbrev  0x00000000      0x178 output\hallsensors.o
 .debug_abbrev  0x00000178       0xc6 output\main.o
 .debug_abbrev  0x0000023e      0x12b output\misc.o
 .debug_abbrev  0x00000369      0x131 output\rcradio.o
 .debug_abbrev  0x0000049a      0x164 output\serial.o
 .debug_abbrev  0x000005fe       0xb4 output\startup_stm32f4xx.o
 .debug_abbrev  0x000006b2      0x1a9 output\stm32f4xx_exti.o
 .debug_abbrev  0x0000085b      0x1a7 output\stm32f4xx_gpio.o
 .debug_abbrev  0x00000a02      0x1be output\stm32f4xx_rcc.o
 .debug_abbrev  0x00000bc0      0x135 output\stm32f4xx_syscfg.o
 .debug_abbrev  0x00000cf5      0x18b output\stm32f4xx_tim.o
 .debug_abbrev  0x00000e80      0x159 output\stm32f4xx_usart.o
 .debug_abbrev  0x00000fd9      0x13a output\system_stm32f4xx.o

.debug_loc      0x00000000     0x318c
 .debug_loc     0x00000000      0x1fc output\hallsensors.o
 .debug_loc     0x000001fc       0x2c output\main.o
 .debug_loc     0x00000228      0x118 output\misc.o
 .debug_loc     0x00000340       0xb0 output\rcradio.o
 .debug_loc     0x000003f0       0xa8 output\serial.o
 .debug_loc     0x00000498       0x64 output\startup_stm32f4xx.o
 .debug_loc     0x000004fc      0x1b4 output\stm32f4xx_exti.o
 .debug_loc     0x000006b0      0x310 output\stm32f4xx_gpio.o
 .debug_loc     0x000009c0      0xb3c output\stm32f4xx_rcc.o
 .debug_loc     0x000014fc      0x17c output\stm32f4xx_syscfg.o
 .debug_loc     0x00001678     0x1420 output\stm32f4xx_tim.o
 .debug_loc     0x00002a98      0x658 output\stm32f4xx_usart.o
 .debug_loc     0x000030f0       0x9c output\system_stm32f4xx.o

.debug_aranges  0x00000000      0x870
 .debug_aranges
                0x00000000       0x70 output\hallsensors.o
 .debug_aranges
                0x00000070       0x20 output\main.o
 .debug_aranges
                0x00000090       0x40 output\misc.o
 .debug_aranges
                0x000000d0       0x38 output\rcradio.o
 .debug_aranges
                0x00000108       0x30 output\serial.o
 .debug_aranges
                0x00000138       0x28 output\startup_stm32f4xx.o
 .debug_aranges
                0x00000160       0x58 output\stm32f4xx_exti.o
 .debug_aranges
                0x000001b8       0x88 output\stm32f4xx_gpio.o
 .debug_aranges
                0x00000240      0x1b8 output\stm32f4xx_rcc.o
 .debug_aranges
                0x000003f8       0x50 output\stm32f4xx_syscfg.o
 .debug_aranges
                0x00000448      0x2f8 output\stm32f4xx_tim.o
 .debug_aranges
                0x00000740      0x100 output\stm32f4xx_usart.o
 .debug_aranges
                0x00000840       0x30 output\system_stm32f4xx.o

.debug_ranges   0x00000000      0x7a0
 .debug_ranges  0x00000000       0x60 output\hallsensors.o
 .debug_ranges  0x00000060       0x10 output\main.o
 .debug_ranges  0x00000070       0x30 output\misc.o
 .debug_ranges  0x000000a0       0x28 output\rcradio.o
 .debug_ranges  0x000000c8       0x20 output\serial.o
 .debug_ranges  0x000000e8       0x18 output\startup_stm32f4xx.o
 .debug_ranges  0x00000100       0x48 output\stm32f4xx_exti.o
 .debug_ranges  0x00000148       0x78 output\stm32f4xx_gpio.o
 .debug_ranges  0x000001c0      0x1a8 output\stm32f4xx_rcc.o
 .debug_ranges  0x00000368       0x40 output\stm32f4xx_syscfg.o
 .debug_ranges  0x000003a8      0x2e8 output\stm32f4xx_tim.o
 .debug_ranges  0x00000690       0xf0 output\stm32f4xx_usart.o
 .debug_ranges  0x00000780       0x20 output\system_stm32f4xx.o

.debug_line     0x00000000     0x243d
 .debug_line    0x00000000      0x2ad output\hallsensors.o
 .debug_line    0x000002ad      0x140 output\main.o
 .debug_line    0x000003ed      0x18a output\misc.o
 .debug_line    0x00000577      0x1ec output\rcradio.o
 .debug_line    0x00000763      0x1c2 output\serial.o
 .debug_line    0x00000925       0x72 output\startup_stm32f4xx.o
 .debug_line    0x00000997      0x1e1 output\stm32f4xx_exti.o
 .debug_line    0x00000b78      0x28a output\stm32f4xx_gpio.o
 .debug_line    0x00000e02      0x588 output\stm32f4xx_rcc.o
 .debug_line    0x0000138a      0x192 output\stm32f4xx_syscfg.o
 .debug_line    0x0000151c      0x9be output\stm32f4xx_tim.o
 .debug_line    0x00001eda      0x3ef output\stm32f4xx_usart.o
 .debug_line    0x000022c9      0x174 output\system_stm32f4xx.o

.debug_str      0x00000000     0x2955
 .debug_str     0x00000000      0xbae output\hallsensors.o
                                0xc04 (size before relaxing)
 .debug_str     0x00000bae       0x38 output\main.o
                                0x1a4 (size before relaxing)
 .debug_str     0x00000be6      0x19b output\misc.o
                                0x388 (size before relaxing)
 .debug_str     0x00000d81       0x94 output\rcradio.o
                                0xb56 (size before relaxing)
 .debug_str     0x00000e15      0x116 output\serial.o
                                0x9c2 (size before relaxing)
 .debug_str     0x00000f2b       0x81 output\startup_stm32f4xx.o
                                0x114 (size before relaxing)
 .debug_str     0x00000fac       0xe7 output\stm32f4xx_exti.o
                                0x310 (size before relaxing)
 .debug_str     0x00001093      0x17a output\stm32f4xx_gpio.o
                                0x44f (size before relaxing)
 .debug_str     0x0000120d      0x75e output\stm32f4xx_rcc.o
                                0x944 (size before relaxing)
 .debug_str     0x0000196b      0x15a output\stm32f4xx_syscfg.o
                                0x2c8 (size before relaxing)
 .debug_str     0x00001ac5      0xa5e output\stm32f4xx_tim.o
                                0xd7f (size before relaxing)
 .debug_str     0x00002523      0x38e output\stm32f4xx_usart.o
                                0x63e (size before relaxing)
 .debug_str     0x000028b1       0xa4 output\system_stm32f4xx.o
                                0x36f (size before relaxing)

.comment        0x00000000       0x70
 .comment       0x00000000       0x70 output\hallsensors.o
                                 0x71 (size before relaxing)
 .comment       0x00000000       0x71 output\main.o
 .comment       0x00000000       0x71 output\misc.o
 .comment       0x00000000       0x71 output\rcradio.o
 .comment       0x00000000       0x71 output\serial.o
 .comment       0x00000000       0x71 output\startup_stm32f4xx.o
 .comment       0x00000000       0x71 output\stm32f4xx_exti.o
 .comment       0x00000000       0x71 output\stm32f4xx_gpio.o
 .comment       0x00000000       0x71 output\stm32f4xx_rcc.o
 .comment       0x00000000       0x71 output\stm32f4xx_syscfg.o
 .comment       0x00000000       0x71 output\stm32f4xx_tim.o
 .comment       0x00000000       0x71 output\stm32f4xx_usart.o
 .comment       0x00000000       0x71 output\system_stm32f4xx.o

.ARM.attributes
                0x00000000       0x33
 .ARM.attributes
                0x00000000       0x33 output\hallsensors.o
 .ARM.attributes
                0x00000033       0x33 output\main.o
 .ARM.attributes
                0x00000066       0x33 output\misc.o
 .ARM.attributes
                0x00000099       0x33 output\rcradio.o
 .ARM.attributes
                0x000000cc       0x33 output\serial.o
 .ARM.attributes
                0x000000ff       0x33 output\startup_stm32f4xx.o
 .ARM.attributes
                0x00000132       0x33 output\stm32f4xx_exti.o
 .ARM.attributes
                0x00000165       0x33 output\stm32f4xx_gpio.o
 .ARM.attributes
                0x00000198       0x33 output\stm32f4xx_rcc.o
 .ARM.attributes
                0x000001cb       0x33 output\stm32f4xx_syscfg.o
 .ARM.attributes
                0x000001fe       0x33 output\stm32f4xx_tim.o
 .ARM.attributes
                0x00000231       0x33 output\stm32f4xx_usart.o
 .ARM.attributes
                0x00000264       0x33 output\system_stm32f4xx.o
 .ARM.attributes
                0x00000297       0x1e c:/program files (x86)/gnu tools arm embedded/4.7 2013q2/bin/../lib/gcc/arm-none-eabi/4.7.4/armv7e-m\libgcc.a(_arm_addsubdf3.o)
 .ARM.attributes
                0x000002b5       0x1e c:/program files (x86)/gnu tools arm embedded/4.7 2013q2/bin/../lib/gcc/arm-none-eabi/4.7.4/armv7e-m\libgcc.a(_arm_muldivdf3.o)

.debug_frame    0x00000000     0x1a48
 .debug_frame   0x00000000      0x14c output\hallsensors.o
 .debug_frame   0x0000014c       0x2c output\main.o
 .debug_frame   0x00000178       0x9c output\misc.o
 .debug_frame   0x00000214       0x80 output\rcradio.o
 .debug_frame   0x00000294       0x70 output\serial.o
 .debug_frame   0x00000304       0x48 output\startup_stm32f4xx.o
 .debug_frame   0x0000034c       0xec output\stm32f4xx_exti.o
 .debug_frame   0x00000438      0x19c output\stm32f4xx_gpio.o
 .debug_frame   0x000005d4      0x5b8 output\stm32f4xx_rcc.o
 .debug_frame   0x00000b8c       0xd8 output\stm32f4xx_syscfg.o
 .debug_frame   0x00000c64      0xa3c output\stm32f4xx_tim.o
 .debug_frame   0x000016a0      0x344 output\stm32f4xx_usart.o
 .debug_frame   0x000019e4       0x64 output\system_stm32f4xx.o
