Archive member included because of file (symbol)

c:/program files (x86)/gnu tools arm embedded/4.7 2013q2/bin/../lib/gcc/arm-none-eabi/4.7.4/../../../../arm-none-eabi/lib/armv7e-m/fpu\libc.a(lib_a-__atexit.o)
                              c:/program files (x86)/gnu tools arm embedded/4.7 2013q2/bin/../lib/gcc/arm-none-eabi/4.7.4/../../../../arm-none-eabi/lib/armv7e-m/fpu/crt0.o (__register_exitproc)
c:/program files (x86)/gnu tools arm embedded/4.7 2013q2/bin/../lib/gcc/arm-none-eabi/4.7.4/../../../../arm-none-eabi/lib/armv7e-m/fpu\libc.a(lib_a-exit.o)
                              c:/program files (x86)/gnu tools arm embedded/4.7 2013q2/bin/../lib/gcc/arm-none-eabi/4.7.4/../../../../arm-none-eabi/lib/armv7e-m/fpu/crt0.o (exit)
c:/program files (x86)/gnu tools arm embedded/4.7 2013q2/bin/../lib/gcc/arm-none-eabi/4.7.4/../../../../arm-none-eabi/lib/armv7e-m/fpu\libc.a(lib_a-fini.o)
                              c:/program files (x86)/gnu tools arm embedded/4.7 2013q2/bin/../lib/gcc/arm-none-eabi/4.7.4/../../../../arm-none-eabi/lib/armv7e-m/fpu/crt0.o (__libc_fini_array)
c:/program files (x86)/gnu tools arm embedded/4.7 2013q2/bin/../lib/gcc/arm-none-eabi/4.7.4/../../../../arm-none-eabi/lib/armv7e-m/fpu\libc.a(lib_a-impure.o)
                              c:/program files (x86)/gnu tools arm embedded/4.7 2013q2/bin/../lib/gcc/arm-none-eabi/4.7.4/../../../../arm-none-eabi/lib/armv7e-m/fpu\libc.a(lib_a-__atexit.o) (_global_impure_ptr)
c:/program files (x86)/gnu tools arm embedded/4.7 2013q2/bin/../lib/gcc/arm-none-eabi/4.7.4/../../../../arm-none-eabi/lib/armv7e-m/fpu\libc.a(lib_a-init.o)
                              c:/program files (x86)/gnu tools arm embedded/4.7 2013q2/bin/../lib/gcc/arm-none-eabi/4.7.4/../../../../arm-none-eabi/lib/armv7e-m/fpu/crt0.o (__libc_init_array)
c:/program files (x86)/gnu tools arm embedded/4.7 2013q2/bin/../lib/gcc/arm-none-eabi/4.7.4/../../../../arm-none-eabi/lib/armv7e-m/fpu\libc.a(lib_a-memset.o)
                              c:/program files (x86)/gnu tools arm embedded/4.7 2013q2/bin/../lib/gcc/arm-none-eabi/4.7.4/../../../../arm-none-eabi/lib/armv7e-m/fpu/crt0.o (memset)
c:/program files (x86)/gnu tools arm embedded/4.7 2013q2/bin/../lib/gcc/arm-none-eabi/4.7.4/../../../../arm-none-eabi/lib/armv7e-m/fpu\libc.a(lib_a-__call_atexit.o)
                              c:/program files (x86)/gnu tools arm embedded/4.7 2013q2/bin/../lib/gcc/arm-none-eabi/4.7.4/../../../../arm-none-eabi/lib/armv7e-m/fpu\libc.a(lib_a-exit.o) (__call_exitprocs)
c:/program files (x86)/gnu tools arm embedded/4.7 2013q2/bin/../lib/gcc/arm-none-eabi/4.7.4/../../../../arm-none-eabi/lib/armv7e-m/fpu\libc.a(lib_a-atexit.o)
                              c:/program files (x86)/gnu tools arm embedded/4.7 2013q2/bin/../lib/gcc/arm-none-eabi/4.7.4/../../../../arm-none-eabi/lib/armv7e-m/fpu\libc.a(lib_a-__call_atexit.o) (atexit)
c:/program files (x86)/gnu tools arm embedded/4.7 2013q2/bin/../lib/gcc/arm-none-eabi/4.7.4/armv7e-m/fpu\libgcc.a(_arm_addsubdf3.o)
                              output\fuzzyController.o (__aeabi_dsub)
c:/program files (x86)/gnu tools arm embedded/4.7 2013q2/bin/../lib/gcc/arm-none-eabi/4.7.4/armv7e-m/fpu\libgcc.a(_arm_muldivdf3.o)
                              output\fuzzyController.o (__aeabi_dmul)
c:/program files (x86)/gnu tools arm embedded/4.7 2013q2/bin/../lib/gcc/arm-none-eabi/4.7.4/armv7e-m/fpu\libgcc.a(_arm_cmpdf2.o)
                              output\fuzzyController.o (__aeabi_dcmpeq)
c:/program files (x86)/gnu tools arm embedded/4.7 2013q2/bin/../lib/gcc/arm-none-eabi/4.7.4/armv7e-m/fpu\libgcc.a(_arm_fixunsdfsi.o)
                              output\io.o (__aeabi_d2uiz)
c:/program files (x86)/gnu tools arm embedded/4.7 2013q2/bin/../lib/gcc/arm-none-eabi/4.7.4/armv7e-m/fpu\libgcc.a(_arm_truncdfsf2.o)
                              output\imu.o (__aeabi_d2f)

Allocating common symbols
Common symbol       size              file

htim4               0x3c              output\io.o
hi2c1               0x38              output\imu.o
htim10              0x3c              output\io.o
hiwdg               0x10              output\main.o
sMasterConfig       0x8               output\io.o
pFlash              0x1c              output\stm32f4xx_hal_flash.o
rawIMU              0xe               output\imu.o
htim3               0x3c              output\io.o
hadc1               0x44              output\analogue.o
htim13              0x3c              output\io.o
huart1              0x3c              output\serial.o
rawADC              0x8               output\analogue.o
htim11              0x3c              output\io.o
fuzzyController_Y   0x28              output\fuzzyController.o
hdma_adc1           0x50              output\analogue.o
fuzzyController_U   0x30              output\fuzzyController.o
GPIO_InitStruct     0x14              output\io.o
sClockSourceConfig  0x10              output\io.o
htim2               0x3c              output\io.o
[...]
Memory Configuration

Name             Origin             Length             Attributes
FLASH            0x08000000         0x00100000         xr
RAM              0x20000000         0x00020000         xrw
CCMRAM           0x10000000         0x00010000         rw
*default*        0x00000000         0xffffffff

Linker script and memory map

LOAD c:/program files (x86)/gnu tools arm embedded/4.7 2013q2/bin/../lib/gcc/arm-none-eabi/4.7.4/armv7e-m/fpu/crti.o
LOAD c:/program files (x86)/gnu tools arm embedded/4.7 2013q2/bin/../lib/gcc/arm-none-eabi/4.7.4/armv7e-m/fpu/crtbegin.o
LOAD c:/program files (x86)/gnu tools arm embedded/4.7 2013q2/bin/../lib/gcc/arm-none-eabi/4.7.4/../../../../arm-none-eabi/lib/armv7e-m/fpu/crt0.o
                0x2001ffff                _estack = 0x2001ffff
                0x00000000                _Min_Heap_Size = 0x0
                0x00000400                _Min_Stack_Size = 0x400

.isr_vector     0x08000000      0x188
                0x08000000                . = ALIGN (0x4)
 *(.isr_vector)
 .isr_vector    0x08000000      0x188 output\startup_stm32f405xx.o
                0x08000000                g_pfnVectors
                0x08000188                . = ALIGN (0x4)

.text           0x08000188    0x209b4
                0x08000188                . = ALIGN (0x4)
 *(.text)
 .text          0x08000188        0x0 c:/program files (x86)/gnu tools arm embedded/4.7 2013q2/bin/../lib/gcc/arm-none-eabi/4.7.4/armv7e-m/fpu/crti.o
 .text          0x08000188       0x54 c:/program files (x86)/gnu tools arm embedded/4.7 2013q2/bin/../lib/gcc/arm-none-eabi/4.7.4/armv7e-m/fpu/crtbegin.o
 .text          0x080001dc       0x70 c:/program files (x86)/gnu tools arm embedded/4.7 2013q2/bin/../lib/gcc/arm-none-eabi/4.7.4/../../../../arm-none-eabi/lib/armv7e-m/fpu/crt0.o
                0x080001dc                _start
                0x080001dc                start
                0x080001dc                _mainCRTStartup
 .text          0x0800024c        0x0 c:/program files (x86)/gnu tools arm embedded/4.7 2013q2/bin/../lib/gcc/arm-none-eabi/4.7.4/../../../../arm-none-eabi/lib/armv7e-m/fpu\libc.a(lib_a-__atexit.o)
 .text          0x0800024c        0x0 c:/program files (x86)/gnu tools arm embedded/4.7 2013q2/bin/../lib/gcc/arm-none-eabi/4.7.4/../../../../arm-none-eabi/lib/armv7e-m/fpu\libc.a(lib_a-exit.o)
 .text          0x0800024c        0x0 c:/program files (x86)/gnu tools arm embedded/4.7 2013q2/bin/../lib/gcc/arm-none-eabi/4.7.4/../../../../arm-none-eabi/lib/armv7e-m/fpu\libc.a(lib_a-fini.o)
 .text          0x0800024c        0x0 c:/program files (x86)/gnu tools arm embedded/4.7 2013q2/bin/../lib/gcc/arm-none-eabi/4.7.4/../../../../arm-none-eabi/lib/armv7e-m/fpu\libc.a(lib_a-impure.o)
 .text          0x0800024c        0x0 c:/program files (x86)/gnu tools arm embedded/4.7 2013q2/bin/../lib/gcc/arm-none-eabi/4.7.4/../../../../arm-none-eabi/lib/armv7e-m/fpu\libc.a(lib_a-init.o)
 .text          0x0800024c        0x0 c:/program files (x86)/gnu tools arm embedded/4.7 2013q2/bin/../lib/gcc/arm-none-eabi/4.7.4/../../../../arm-none-eabi/lib/armv7e-m/fpu\libc.a(lib_a-memset.o)
 .text          0x0800024c        0x0 c:/program files (x86)/gnu tools arm embedded/4.7 2013q2/bin/../lib/gcc/arm-none-eabi/4.7.4/../../../../arm-none-eabi/lib/armv7e-m/fpu\libc.a(lib_a-__call_atexit.o)
 .text          0x0800024c        0x0 c:/program files (x86)/gnu tools arm embedded/4.7 2013q2/bin/../lib/gcc/arm-none-eabi/4.7.4/../../../../arm-none-eabi/lib/armv7e-m/fpu\libc.a(lib_a-atexit.o)
 .text          0x0800024c        0x0 output\analogue.o
 .text          0x0800024c        0x0 output\fuzzyController.o
 .text          0x0800024c        0x0 output\fuzzyController_data.o
 .text          0x0800024c        0x0 output\imu.o
 .text          0x0800024c        0x0 output\io.o
 .text          0x0800024c        0x0 output\main.o
 .text          0x0800024c        0x0 output\serial.o
 .text          0x0800024c       0x14 output\startup_stm32f405xx.o
 .text          0x08000260        0x0 output\stm32f4xx_hal.o
 .text          0x08000260        0x0 output\stm32f4xx_hal_adc.o
 .text          0x08000260        0x0 output\stm32f4xx_hal_adc_ex.o
 .text          0x08000260        0x0 output\stm32f4xx_hal_cortex.o
 .text          0x08000260        0x0 output\stm32f4xx_hal_dma.o
 .text          0x08000260        0x0 output\stm32f4xx_hal_dma_ex.o
 .text          0x08000260        0x0 output\stm32f4xx_hal_flash.o
 .text          0x08000260        0x0 output\stm32f4xx_hal_flash_ex.o
 .text          0x08000260        0x0 output\stm32f4xx_hal_flash_ramfunc.o
 .text          0x08000260        0x0 output\stm32f4xx_hal_gpio.o
 .text          0x08000260        0x0 output\stm32f4xx_hal_i2c.o
 .text          0x08000260        0x0 output\stm32f4xx_hal_i2c_ex.o
 .text          0x08000260        0x0 output\stm32f4xx_hal_iwdg.o
 .text          0x08000260        0x0 output\stm32f4xx_hal_msp.o
 .text          0x08000260        0x0 output\stm32f4xx_hal_pwr.o
 .text          0x08000260        0x0 output\stm32f4xx_hal_pwr_ex.o
 .text          0x08000260        0x0 output\stm32f4xx_hal_rcc.o
 .text          0x08000260        0x0 output\stm32f4xx_hal_rcc_ex.o
 .text          0x08000260        0x0 output\stm32f4xx_hal_tim.o
 .text          0x08000260        0x0 output\stm32f4xx_hal_tim_ex.o
 .text          0x08000260        0x0 output\stm32f4xx_hal_uart.o
 .text          0x08000260        0x0 output\stm32f4xx_it.o
 .text          0x08000260        0x0 output\syscalls.o
 .text          0x08000260        0x0 output\system_stm32f4xx.o
 .text          0x08000260      0x370 c:/program files (x86)/gnu tools arm embedded/4.7 2013q2/bin/../lib/gcc/arm-none-eabi/4.7.4/armv7e-m/fpu\libgcc.a(_arm_addsubdf3.o)
                0x08000260                __aeabi_drsub
                0x08000268                __aeabi_dsub
                0x08000268                __subdf3
                0x0800026c                __aeabi_dadd
                0x0800026c                __adddf3
                0x080004e4                __floatunsidf
                0x080004e4                __aeabi_ui2d
                0x08000504                __floatsidf
                0x08000504                __aeabi_i2d
                0x08000528                __aeabi_f2d
                0x08000528                __extendsfdf2
                0x08000564                __floatundidf
                0x08000564                __aeabi_ul2d
                0x08000574                __floatdidf
                0x08000574                __aeabi_l2d
 .text          0x080005d0      0x424 c:/program files (x86)/gnu tools arm embedded/4.7 2013q2/bin/../lib/gcc/arm-none-eabi/4.7.4/armv7e-m/fpu\libgcc.a(_arm_muldivdf3.o)
                0x080005d0                __aeabi_dmul
                0x080005d0                __muldf3
                0x08000824                __divdf3
                0x08000824                __aeabi_ddiv
 .text          0x080009f4      0x110 c:/program files (x86)/gnu tools arm embedded/4.7 2013q2/bin/../lib/gcc/arm-none-eabi/4.7.4/armv7e-m/fpu\libgcc.a(_arm_cmpdf2.o)
                0x080009f4                __gtdf2
                0x080009f4                __gedf2
                0x080009fc                __ltdf2
                0x080009fc                __ledf2
                0x08000a04                __nedf2
                0x08000a04                __eqdf2
                0x08000a04                __cmpdf2
                0x08000a80                __aeabi_cdrcmple
                0x08000a90                __aeabi_cdcmpeq
                0x08000a90                __aeabi_cdcmple
                0x08000aa0                __aeabi_dcmpeq
                0x08000ab4                __aeabi_dcmplt
                0x08000ac8                __aeabi_dcmple
                0x08000adc                __aeabi_dcmpge
                0x08000af0                __aeabi_dcmpgt
 .text          0x08000b04       0x40 c:/program files (x86)/gnu tools arm embedded/4.7 2013q2/bin/../lib/gcc/arm-none-eabi/4.7.4/armv7e-m/fpu\libgcc.a(_arm_fixunsdfsi.o)
                0x08000b04                __aeabi_d2uiz
                0x08000b04                __fixunsdfsi
 .text          0x08000b44       0xa0 c:/program files (x86)/gnu tools arm embedded/4.7 2013q2/bin/../lib/gcc/arm-none-eabi/4.7.4/armv7e-m/fpu\libgcc.a(_arm_truncdfsf2.o)
                0x08000b44                __truncdfsf2
                0x08000b44                __aeabi_d2f
 .text          0x08000be4        0x0 c:/program files (x86)/gnu tools arm embedded/4.7 2013q2/bin/../lib/gcc/arm-none-eabi/4.7.4/armv7e-m/fpu/crtend.o
 .text          0x08000be4        0x0 c:/program files (x86)/gnu tools arm embedded/4.7 2013q2/bin/../lib/gcc/arm-none-eabi/4.7.4/armv7e-m/fpu/crtn.o
 *(.text*)
 .text.__register_exitproc
                0x08000be4       0xac c:/program files (x86)/gnu tools arm embedded/4.7 2013q2/bin/../lib/gcc/arm-none-eabi/4.7.4/../../../../arm-none-eabi/lib/armv7e-m/fpu\libc.a(lib_a-__atexit.o)
                0x08000be4                __register_exitproc
 .text.exit     0x08000c90       0x20 c:/program files (x86)/gnu tools arm embedded/4.7 2013q2/bin/../lib/gcc/arm-none-eabi/4.7.4/../../../../arm-none-eabi/lib/armv7e-m/fpu\libc.a(lib_a-exit.o)
                0x08000c90                exit
 .text.__libc_fini_array
                0x08000cb0       0x50 c:/program files (x86)/gnu tools arm embedded/4.7 2013q2/bin/../lib/gcc/arm-none-eabi/4.7.4/../../../../arm-none-eabi/lib/armv7e-m/fpu\libc.a(lib_a-fini.o)
                0x08000cb0                __libc_fini_array
 .text.__libc_init_array
                0x08000d00       0x94 c:/program files (x86)/gnu tools arm embedded/4.7 2013q2/bin/../lib/gcc/arm-none-eabi/4.7.4/../../../../arm-none-eabi/lib/armv7e-m/fpu\libc.a(lib_a-init.o)
                0x08000d00                __libc_init_array
 .text.memset   0x08000d94      0x12c c:/program files (x86)/gnu tools arm embedded/4.7 2013q2/bin/../lib/gcc/arm-none-eabi/4.7.4/../../../../arm-none-eabi/lib/armv7e-m/fpu\libc.a(lib_a-memset.o)
                0x08000d94                memset
 .text.startup.register_fini
                0x08000ec0       0x14 c:/program files (x86)/gnu tools arm embedded/4.7 2013q2/bin/../lib/gcc/arm-none-eabi/4.7.4/../../../../arm-none-eabi/lib/armv7e-m/fpu\libc.a(lib_a-__call_atexit.o)
 .text.__call_exitprocs
                0x08000ed4      0x288 c:/program files (x86)/gnu tools arm embedded/4.7 2013q2/bin/../lib/gcc/arm-none-eabi/4.7.4/../../../../arm-none-eabi/lib/armv7e-m/fpu\libc.a(lib_a-__call_atexit.o)
                0x08000ed4                __call_exitprocs
 .text.atexit   0x0800115c        0xc c:/program files (x86)/gnu tools arm embedded/4.7 2013q2/bin/../lib/gcc/arm-none-eabi/4.7.4/../../../../arm-none-eabi/lib/armv7e-m/fpu\libc.a(lib_a-atexit.o)
                0x0800115c                atexit
 .text.initADC  0x08001168      0x178 output\analogue.o
                0x08001168                initADC
 .text.HAL_ADC_ConvCpltCallback
                0x080012e0       0x64 output\analogue.o
                0x080012e0                HAL_ADC_ConvCpltCallback
 .text.fuzzyController_Actionu1
                0x08001344       0x20 output\fuzzyController.o
                0x08001344                fuzzyController_Actionu1
 .text.fuzzyControl_IfActionSubsystem3
                0x08001364       0x54 output\fuzzyController.o
                0x08001364                fuzzyControl_IfActionSubsystem3
 .text.fuzzyControl_IfActionSubsystem2
                0x080013b8       0x6c output\fuzzyController.o
                0x080013b8                fuzzyControl_IfActionSubsystem2
 .text.fuzzyController_step
                0x08001424     0x3788 output\fuzzyController.o
                0x08001424                fuzzyController_step
 .text.fuzzyController_initialize
                0x08004bac       0x44 output\fuzzyController.o
                0x08004bac                fuzzyController_initialize
 .text.initIMU  0x08004bf0       0xa4 output\imu.o
                0x08004bf0                initIMU
 *fill*         0x08004c94        0x4 00
 .text.IMUGetMotion
                0x08004c98      0x280 output\imu.o
                0x08004c98                IMUGetMotion
 .text.IMUConfig
                0x08004f18      0x260 output\imu.o
                0x08004f18                IMUConfig
 .text.HAL_I2C_ErrorCallback
                0x08005178       0x14 output\imu.o
                0x08005178                HAL_I2C_ErrorCallback
 .text.initIO   0x0800518c      0x648 output\io.o
                0x0800518c                initIO
 .text.HAL_GPIO_EXTI_Callback
                0x080057d4      0x1b4 output\io.o
                0x080057d4                HAL_GPIO_EXTI_Callback
 .text.HAL_TIM_PeriodElapsedCallback
                0x08005988      0x308 output\io.o
                0x08005988                HAL_TIM_PeriodElapsedCallback
 .text.CalculateWheelRPM
                0x08005c90       0x70 output\io.o
                0x08005c90                CalculateWheelRPM
 .text.normaliseSignal
                0x08005d00       0x90 output\io.o
                0x08005d00                normaliseSignal
 .text.denormaliseSignal
                0x08005d90       0xc0 output\io.o
                0x08005d90                denormaliseSignal
 .text.safeMode
                0x08005e50       0x70 output\io.o
                0x08005e50                safeMode
 .text.main     0x08005ec0      0x1f0 output\main.o
                0x08005ec0                main
 .text.SystemClock_Config
                0x080060b0       0xc4 output\main.o
                0x080060b0                SystemClock_Config
 .text.initSerial
                0x08006174       0x94 output\serial.o
                0x08006174                initSerial
 .text.sendSerialString
                0x08006208       0x50 output\serial.o
                0x08006208                sendSerialString
 .text.Reset_Handler
                0x08006258       0x58 output\startup_stm32f405xx.o
                0x08006258                Reset_Handler
 .text.Default_Handler
                0x080062b0        0x4 output\startup_stm32f405xx.o
                0x080062b0                RTC_Alarm_IRQHandler
                0x080062b0                HASH_RNG_IRQHandler
                0x080062b0                TIM8_CC_IRQHandler
                0x080062b0                DebugMon_Handler
                0x080062b0                TIM1_CC_IRQHandler
                0x080062b0                DMA2_Stream5_IRQHandler
                0x080062b0                HardFault_Handler
                0x080062b0                DMA1_Stream5_IRQHandler
                0x080062b0                PVD_IRQHandler
                0x080062b0                SDIO_IRQHandler
                0x080062b0                TAMP_STAMP_IRQHandler
                0x080062b0                PendSV_Handler
                0x080062b0                NMI_Handler
                0x080062b0                CAN2_RX1_IRQHandler
                0x080062b0                I2C3_ER_IRQHandler
                0x080062b0                I2C2_EV_IRQHandler
                0x080062b0                DMA1_Stream2_IRQHandler
                0x080062b0                CAN1_RX0_IRQHandler
                0x080062b0                FPU_IRQHandler
                0x080062b0                OTG_HS_WKUP_IRQHandler
                0x080062b0                UsageFault_Handler
                0x080062b0                CAN2_SCE_IRQHandler
                0x080062b0                DMA2_Stream2_IRQHandler
                0x080062b0                SPI1_IRQHandler
                0x080062b0                TIM6_DAC_IRQHandler
                0x080062b0                TIM1_BRK_TIM9_IRQHandler
                0x080062b0                CAN2_RX0_IRQHandler
                0x080062b0                DMA2_Stream3_IRQHandler
                0x080062b0                USART6_IRQHandler
                0x080062b0                USART3_IRQHandler
                0x080062b0                CAN1_RX1_IRQHandler
                0x080062b0                UART5_IRQHandler
                0x080062b0                DMA2_Stream0_IRQHandler
                0x080062b0                I2C1_EV_IRQHandler
                0x080062b0                DMA1_Stream6_IRQHandler
                0x080062b0                DMA1_Stream1_IRQHandler
                0x080062b0                UART4_IRQHandler
                0x080062b0                RCC_IRQHandler
                0x080062b0                TIM8_BRK_TIM12_IRQHandler
                0x080062b0                Default_Handler
                0x080062b0                EXTI15_10_IRQHandler
                0x080062b0                DMA1_Stream7_IRQHandler
                0x080062b0                TIM7_IRQHandler
                0x080062b0                CAN2_TX_IRQHandler
                0x080062b0                TIM5_IRQHandler
                0x080062b0                DMA2_Stream7_IRQHandler
                0x080062b0                I2C3_EV_IRQHandler
                0x080062b0                RTC_WKUP_IRQHandler
                0x080062b0                SPI2_IRQHandler
                0x080062b0                OTG_HS_EP1_IN_IRQHandler
                0x080062b0                MemManage_Handler
                0x080062b0                DMA1_Stream0_IRQHandler
                0x080062b0                CAN1_TX_IRQHandler
                0x080062b0                SVC_Handler
                0x080062b0                FSMC_IRQHandler
                0x080062b0                OTG_HS_EP1_OUT_IRQHandler
                0x080062b0                WWDG_IRQHandler
                0x080062b0                OTG_FS_WKUP_IRQHandler
                0x080062b0                OTG_HS_IRQHandler
                0x080062b0                USART2_IRQHandler
                0x080062b0                I2C2_ER_IRQHandler
                0x080062b0                DMA2_Stream1_IRQHandler
                0x080062b0                CAN1_SCE_IRQHandler
                0x080062b0                FLASH_IRQHandler
                0x080062b0                DMA2_Stream4_IRQHandler
                0x080062b0                BusFault_Handler
                0x080062b0                OTG_FS_IRQHandler
                0x080062b0                SPI3_IRQHandler
                0x080062b0                DMA1_Stream4_IRQHandler
                0x080062b0                DMA2_Stream6_IRQHandler
                0x080062b0                DMA1_Stream3_IRQHandler
 .text.HAL_Init
                0x080062b4       0x68 output\stm32f4xx_hal.o
                0x080062b4                HAL_Init
 .text.HAL_DeInit
                0x0800631c       0x9c output\stm32f4xx_hal.o
                0x0800631c                HAL_DeInit
 .text.HAL_MspInit
                0x080063b8        0xc output\stm32f4xx_hal.o
                0x080063b8                HAL_MspInit
 .text.HAL_MspDeInit
                0x080063c4        0xc output\stm32f4xx_hal.o
                0x080063c4                HAL_MspDeInit
 .text.HAL_InitTick
                0x080063d0       0x40 output\stm32f4xx_hal.o
                0x080063d0                HAL_InitTick
 .text.HAL_IncTick
                0x08006410       0x24 output\stm32f4xx_hal.o
                0x08006410                HAL_IncTick
 .text.HAL_GetTick
                0x08006434       0x18 output\stm32f4xx_hal.o
                0x08006434                HAL_GetTick
 .text.HAL_Delay
                0x0800644c       0x30 output\stm32f4xx_hal.o
                0x0800644c                HAL_Delay
 .text.HAL_SuspendTick
                0x0800647c       0x24 output\stm32f4xx_hal.o
                0x0800647c                HAL_SuspendTick
 .text.HAL_ResumeTick
                0x080064a0       0x24 output\stm32f4xx_hal.o
                0x080064a0                HAL_ResumeTick
 .text.HAL_GetHalVersion
                0x080064c4       0x14 output\stm32f4xx_hal.o
                0x080064c4                HAL_GetHalVersion
 .text.HAL_GetREVID
                0x080064d8       0x1c output\stm32f4xx_hal.o
                0x080064d8                HAL_GetREVID
 .text.HAL_GetDEVID
                0x080064f4       0x20 output\stm32f4xx_hal.o
                0x080064f4                HAL_GetDEVID
 .text.HAL_EnableDBGSleepMode
                0x08006514       0x24 output\stm32f4xx_hal.o
                0x08006514                HAL_EnableDBGSleepMode
 .text.HAL_DisableDBGSleepMode
                0x08006538       0x24 output\stm32f4xx_hal.o
                0x08006538                HAL_DisableDBGSleepMode
 .text.HAL_EnableDBGStopMode
                0x0800655c       0x24 output\stm32f4xx_hal.o
                0x0800655c                HAL_EnableDBGStopMode
 .text.HAL_DisableDBGStopMode
                0x08006580       0x24 output\stm32f4xx_hal.o
                0x08006580                HAL_DisableDBGStopMode
 .text.HAL_EnableDBGStandbyMode
                0x080065a4       0x24 output\stm32f4xx_hal.o
                0x080065a4                HAL_EnableDBGStandbyMode
 .text.HAL_DisableDBGStandbyMode
                0x080065c8       0x24 output\stm32f4xx_hal.o
                0x080065c8                HAL_DisableDBGStandbyMode
 .text.HAL_EnableCompensationCell
                0x080065ec       0x18 output\stm32f4xx_hal.o
                0x080065ec                HAL_EnableCompensationCell
 .text.HAL_DisableCompensationCell
                0x08006604       0x18 output\stm32f4xx_hal.o
                0x08006604                HAL_DisableCompensationCell
 .text.HAL_ADC_Init
                0x0800661c       0x60 output\stm32f4xx_hal_adc.o
                0x0800661c                HAL_ADC_Init
 .text.HAL_ADC_DeInit
                0x0800667c       0x44 output\stm32f4xx_hal_adc.o
                0x0800667c                HAL_ADC_DeInit
 .text.HAL_ADC_MspInit
                0x080066c0       0x14 output\stm32f4xx_hal_adc.o
 .text.HAL_ADC_MspDeInit
                0x080066d4       0x14 output\stm32f4xx_hal_adc.o
 .text.HAL_ADC_Start
                0x080066e8       0xec output\stm32f4xx_hal_adc.o
                0x080066e8                HAL_ADC_Start
 .text.HAL_ADC_Stop
                0x080067d4       0x34 output\stm32f4xx_hal_adc.o
                0x080067d4                HAL_ADC_Stop
 .text.HAL_ADC_PollForConversion
                0x08006808       0x90 output\stm32f4xx_hal_adc.o
                0x08006808                HAL_ADC_PollForConversion
 .text.HAL_ADC_PollForEvent
                0x08006898       0xa0 output\stm32f4xx_hal_adc.o
                0x08006898                HAL_ADC_PollForEvent
 .text.HAL_ADC_Start_IT
                0x08006938      0x114 output\stm32f4xx_hal_adc.o
                0x08006938                HAL_ADC_Start_IT
 .text.HAL_ADC_Stop_IT
                0x08006a4c       0x54 output\stm32f4xx_hal_adc.o
                0x08006a4c                HAL_ADC_Stop_IT
 .text.HAL_ADC_IRQHandler
                0x08006aa0      0x270 output\stm32f4xx_hal_adc.o
                0x08006aa0                HAL_ADC_IRQHandler
 .text.HAL_ADC_Start_DMA
                0x08006d10      0x100 output\stm32f4xx_hal_adc.o
                0x08006d10                HAL_ADC_Start_DMA
 .text.HAL_ADC_Stop_DMA
                0x08006e10       0x5c output\stm32f4xx_hal_adc.o
                0x08006e10                HAL_ADC_Stop_DMA
 .text.HAL_ADC_GetValue
                0x08006e6c       0x1c output\stm32f4xx_hal_adc.o
                0x08006e6c                HAL_ADC_GetValue
 .text.HAL_ADC_ConvCpltCallback
                0x08006e88       0x14 output\stm32f4xx_hal_adc.o
 .text.HAL_ADC_ConvHalfCpltCallback
                0x08006e9c       0x14 output\stm32f4xx_hal_adc.o
                0x08006e9c                HAL_ADC_ConvHalfCpltCallback
 .text.HAL_ADC_LevelOutOfWindowCallback
                0x08006eb0       0x14 output\stm32f4xx_hal_adc.o
                0x08006eb0                HAL_ADC_LevelOutOfWindowCallback
 .text.HAL_ADC_ErrorCallback
                0x08006ec4       0x14 output\stm32f4xx_hal_adc.o
                0x08006ec4                HAL_ADC_ErrorCallback
 .text.HAL_ADC_ConfigChannel
                0x08006ed8      0x24c output\stm32f4xx_hal_adc.o
                0x08006ed8                HAL_ADC_ConfigChannel
 .text.HAL_ADC_AnalogWDGConfig
                0x08007124       0xc4 output\stm32f4xx_hal_adc.o
                0x08007124                HAL_ADC_AnalogWDGConfig
 .text.HAL_ADC_GetState
                0x080071e8       0x1c output\stm32f4xx_hal_adc.o
                0x080071e8                HAL_ADC_GetState
 .text.HAL_ADC_GetError
                0x08007204       0x18 output\stm32f4xx_hal_adc.o
                0x08007204                HAL_ADC_GetError
 .text.ADC_Init
                0x0800721c      0x1e4 output\stm32f4xx_hal_adc.o
 .text.ADC_DMAConvCplt
                0x08007400       0x40 output\stm32f4xx_hal_adc.o
 .text.ADC_DMAHalfConvCplt
                0x08007440       0x1c output\stm32f4xx_hal_adc.o
 .text.ADC_DMAError
                0x0800745c       0x34 output\stm32f4xx_hal_adc.o
 .text.HAL_ADCEx_InjectedStart
                0x08007490      0x158 output\stm32f4xx_hal_adc_ex.o
                0x08007490                HAL_ADCEx_InjectedStart
 .text.HAL_ADCEx_InjectedStart_IT
                0x080075e8      0x180 output\stm32f4xx_hal_adc_ex.o
                0x080075e8                HAL_ADCEx_InjectedStart_IT
 .text.HAL_ADCEx_InjectedStop
                0x08007768       0x34 output\stm32f4xx_hal_adc_ex.o
                0x08007768                HAL_ADCEx_InjectedStop
 .text.HAL_ADCEx_InjectedPollForConversion
                0x0800779c       0x90 output\stm32f4xx_hal_adc_ex.o
                0x0800779c                HAL_ADCEx_InjectedPollForConversion
 .text.HAL_ADCEx_InjectedStop_IT
                0x0800782c       0x54 output\stm32f4xx_hal_adc_ex.o
                0x0800782c                HAL_ADCEx_InjectedStop_IT
 .text.HAL_ADCEx_InjectedGetValue
                0x08007880       0x74 output\stm32f4xx_hal_adc_ex.o
                0x08007880                HAL_ADCEx_InjectedGetValue
 .text.HAL_ADCEx_MultiModeStart_DMA
                0x080078f4      0x124 output\stm32f4xx_hal_adc_ex.o
                0x080078f4                HAL_ADCEx_MultiModeStart_DMA
 .text.HAL_ADCEx_MultiModeStop_DMA
                0x08007a18       0x88 output\stm32f4xx_hal_adc_ex.o
                0x08007a18                HAL_ADCEx_MultiModeStop_DMA
 .text.HAL_ADCEx_MultiModeGetValue
                0x08007aa0       0x20 output\stm32f4xx_hal_adc_ex.o
                0x08007aa0                HAL_ADCEx_MultiModeGetValue
 .text.HAL_ADCEx_InjectedConvCpltCallback
                0x08007ac0       0x14 output\stm32f4xx_hal_adc_ex.o
                0x08007ac0                HAL_ADCEx_InjectedConvCpltCallback
 .text.HAL_ADCEx_InjectedConfigChannel
                0x08007ad4      0x32c output\stm32f4xx_hal_adc_ex.o
                0x08007ad4                HAL_ADCEx_InjectedConfigChannel
 .text.HAL_ADCEx_MultiModeConfigChannel
                0x08007e00       0xd4 output\stm32f4xx_hal_adc_ex.o
                0x08007e00                HAL_ADCEx_MultiModeConfigChannel
 .text.ADC_MultiModeDMAConvCplt
                0x08007ed4       0x40 output\stm32f4xx_hal_adc_ex.o
 .text.ADC_MultiModeDMAHalfConvCplt
                0x08007f14       0x1c output\stm32f4xx_hal_adc_ex.o
 .text.ADC_MultiModeDMAError
                0x08007f30       0x34 output\stm32f4xx_hal_adc_ex.o
 .text.NVIC_SetPriorityGrouping
                0x08007f64       0x50 output\stm32f4xx_hal_cortex.o
 .text.NVIC_GetPriorityGrouping
                0x08007fb4       0x20 output\stm32f4xx_hal_cortex.o
 .text.NVIC_EnableIRQ
                0x08007fd4       0x38 output\stm32f4xx_hal_cortex.o
 .text.NVIC_DisableIRQ
                0x0800800c       0x3c output\stm32f4xx_hal_cortex.o
 .text.NVIC_GetPendingIRQ
                0x08008048       0x4c output\stm32f4xx_hal_cortex.o
 .text.NVIC_SetPendingIRQ
                0x08008094       0x3c output\stm32f4xx_hal_cortex.o
 .text.NVIC_ClearPendingIRQ
                0x080080d0       0x3c output\stm32f4xx_hal_cortex.o
 .text.NVIC_GetActive
                0x0800810c       0x4c output\stm32f4xx_hal_cortex.o
 .text.NVIC_SetPriority
                0x08008158       0x5c output\stm32f4xx_hal_cortex.o
 .text.NVIC_GetPriority
                0x080081b4       0x58 output\stm32f4xx_hal_cortex.o
 .text.NVIC_EncodePriority
                0x0800820c       0x78 output\stm32f4xx_hal_cortex.o
 .text.NVIC_DecodePriority
                0x08008284       0x7c output\stm32f4xx_hal_cortex.o
 .text.NVIC_SystemReset
                0x08008300       0x30 output\stm32f4xx_hal_cortex.o
 .text.SysTick_Config
                0x08008330       0x64 output\stm32f4xx_hal_cortex.o
 .text.HAL_NVIC_SetPriorityGrouping
                0x08008394       0x18 output\stm32f4xx_hal_cortex.o
                0x08008394                HAL_NVIC_SetPriorityGrouping
 .text.HAL_NVIC_SetPriority
                0x080083ac       0x3c output\stm32f4xx_hal_cortex.o
                0x080083ac                HAL_NVIC_SetPriority
 .text.HAL_NVIC_EnableIRQ
                0x080083e8       0x1c output\stm32f4xx_hal_cortex.o
                0x080083e8                HAL_NVIC_EnableIRQ
 .text.HAL_NVIC_DisableIRQ
                0x08008404       0x1c output\stm32f4xx_hal_cortex.o
                0x08008404                HAL_NVIC_DisableIRQ
 .text.HAL_NVIC_SystemReset
                0x08008420        0xc output\stm32f4xx_hal_cortex.o
                0x08008420                HAL_NVIC_SystemReset
 .text.HAL_SYSTICK_Config
                0x0800842c       0x1c output\stm32f4xx_hal_cortex.o
                0x0800842c                HAL_SYSTICK_Config
 .text.HAL_NVIC_GetPriorityGrouping
                0x08008448       0x10 output\stm32f4xx_hal_cortex.o
                0x08008448                HAL_NVIC_GetPriorityGrouping
 .text.HAL_NVIC_GetPriority
                0x08008458       0x30 output\stm32f4xx_hal_cortex.o
                0x08008458                HAL_NVIC_GetPriority
 .text.HAL_NVIC_SetPendingIRQ
                0x08008488       0x1c output\stm32f4xx_hal_cortex.o
                0x08008488                HAL_NVIC_SetPendingIRQ
 .text.HAL_NVIC_GetPendingIRQ
                0x080084a4       0x20 output\stm32f4xx_hal_cortex.o
                0x080084a4                HAL_NVIC_GetPendingIRQ
 .text.HAL_NVIC_ClearPendingIRQ
                0x080084c4       0x1c output\stm32f4xx_hal_cortex.o
                0x080084c4                HAL_NVIC_ClearPendingIRQ
 .text.HAL_NVIC_GetActive
                0x080084e0       0x20 output\stm32f4xx_hal_cortex.o
                0x080084e0                HAL_NVIC_GetActive
 .text.HAL_SYSTICK_CLKSourceConfig
                0x08008500       0x4c output\stm32f4xx_hal_cortex.o
                0x08008500                HAL_SYSTICK_CLKSourceConfig
 .text.HAL_SYSTICK_IRQHandler
                0x0800854c        0xc output\stm32f4xx_hal_cortex.o
                0x0800854c                HAL_SYSTICK_IRQHandler
 .text.HAL_SYSTICK_Callback
                0x08008558        0xc output\stm32f4xx_hal_cortex.o
                0x08008558                HAL_SYSTICK_Callback
 .text.HAL_DMA_Init
                0x08008564       0xe4 output\stm32f4xx_hal_dma.o
                0x08008564                HAL_DMA_Init
 .text.HAL_DMA_DeInit
                0x08008648     0x1a2c output\stm32f4xx_hal_dma.o
                0x08008648                HAL_DMA_DeInit
 .text.HAL_DMA_Start
                0x0800a074       0x6c output\stm32f4xx_hal_dma.o
                0x0800a074                HAL_DMA_Start
 .text.HAL_DMA_Start_IT
                0x0800a0e0       0xbc output\stm32f4xx_hal_dma.o
                0x0800a0e0                HAL_DMA_Start_IT
 .text.HAL_DMA_Abort
                0x0800a19c       0x8c output\stm32f4xx_hal_dma.o
                0x0800a19c                HAL_DMA_Abort
 .text.HAL_DMA_PollForTransfer
                0x0800a228     0x41c8 output\stm32f4xx_hal_dma.o
                0x0800a228                HAL_DMA_PollForTransfer
 .text.HAL_DMA_IRQHandler
                0x0800e3f0     0x4064 output\stm32f4xx_hal_dma.o
                0x0800e3f0                HAL_DMA_IRQHandler
 .text.HAL_DMA_GetState
                0x08012454       0x1c output\stm32f4xx_hal_dma.o
                0x08012454                HAL_DMA_GetState
 .text.HAL_DMA_GetError
                0x08012470       0x18 output\stm32f4xx_hal_dma.o
                0x08012470                HAL_DMA_GetError
 .text.DMA_SetConfig
                0x08012488       0x4c output\stm32f4xx_hal_dma.o
 .text.HAL_DMAEx_MultiBufferStart
                0x080124d4       0xac output\stm32f4xx_hal_dma_ex.o
                0x080124d4                HAL_DMAEx_MultiBufferStart
 .text.HAL_DMAEx_MultiBufferStart_IT
                0x08012580       0xfc output\stm32f4xx_hal_dma_ex.o
                0x08012580                HAL_DMAEx_MultiBufferStart_IT
 .text.HAL_DMAEx_ChangeMemory
                0x0801267c       0x38 output\stm32f4xx_hal_dma_ex.o
                0x0801267c                HAL_DMAEx_ChangeMemory
 .text.DMA_MultiBufferSetConfig
                0x080126b4       0x4c output\stm32f4xx_hal_dma_ex.o
 .text.HAL_FLASH_Program
                0x08012700       0xc8 output\stm32f4xx_hal_flash.o
                0x08012700                HAL_FLASH_Program
 .text.HAL_FLASH_Program_IT
                0x080127c8       0xdc output\stm32f4xx_hal_flash.o
                0x080127c8                HAL_FLASH_Program_IT
 .text.HAL_FLASH_IRQHandler
                0x080128a4      0x26c output\stm32f4xx_hal_flash.o
                0x080128a4                HAL_FLASH_IRQHandler
 .text.HAL_FLASH_EndOfOperationCallback
                0x08012b10       0x14 output\stm32f4xx_hal_flash.o
                0x08012b10                HAL_FLASH_EndOfOperationCallback
 .text.HAL_FLASH_OperationErrorCallback
                0x08012b24       0x14 output\stm32f4xx_hal_flash.o
                0x08012b24                HAL_FLASH_OperationErrorCallback
 .text.HAL_FLASH_Unlock
                0x08012b38       0x48 output\stm32f4xx_hal_flash.o
                0x08012b38                HAL_FLASH_Unlock
 .text.HAL_FLASH_Lock
                0x08012b80       0x28 output\stm32f4xx_hal_flash.o
                0x08012b80                HAL_FLASH_Lock
 .text.HAL_FLASH_OB_Unlock
                0x08012ba8       0x4c output\stm32f4xx_hal_flash.o
                0x08012ba8                HAL_FLASH_OB_Unlock
 .text.HAL_FLASH_OB_Lock
                0x08012bf4       0x28 output\stm32f4xx_hal_flash.o
                0x08012bf4                HAL_FLASH_OB_Lock
 .text.HAL_FLASH_OB_Launch
                0x08012c1c       0x30 output\stm32f4xx_hal_flash.o
                0x08012c1c                HAL_FLASH_OB_Launch
 .text.HAL_FLASH_GetError
                0x08012c4c       0x18 output\stm32f4xx_hal_flash.o
                0x08012c4c                HAL_FLASH_GetError
 .text.FLASH_WaitForLastOperation
                0x08012c64       0x78 output\stm32f4xx_hal_flash.o
                0x08012c64                FLASH_WaitForLastOperation
 .text.FLASH_Program_DoubleWord
                0x08012cdc       0x68 output\stm32f4xx_hal_flash.o
 .text.FLASH_Program_Word
                0x08012d44       0x64 output\stm32f4xx_hal_flash.o
 .text.FLASH_Program_HalfWord
                0x08012da8       0x64 output\stm32f4xx_hal_flash.o
 .text.FLASH_Program_Byte
                0x08012e0c       0x60 output\stm32f4xx_hal_flash.o
 .text.FLASH_SetErrorCode
                0x08012e6c      0x110 output\stm32f4xx_hal_flash.o
 .text.HAL_FLASHEx_Erase
                0x08012f7c      0x124 output\stm32f4xx_hal_flash_ex.o
                0x08012f7c                HAL_FLASHEx_Erase
 .text.HAL_FLASHEx_Erase_IT
                0x080130a0      0x100 output\stm32f4xx_hal_flash_ex.o
                0x080130a0                HAL_FLASHEx_Erase_IT
 .text.HAL_FLASHEx_OBProgram
                0x080131a0       0xf8 output\stm32f4xx_hal_flash_ex.o
                0x080131a0                HAL_FLASHEx_OBProgram
 .text.HAL_FLASHEx_OBGetConfig
                0x08013298       0x48 output\stm32f4xx_hal_flash_ex.o
                0x08013298                HAL_FLASHEx_OBGetConfig
 .text.FLASH_MassErase
                0x080132e0       0x7c output\stm32f4xx_hal_flash_ex.o
 .text.FLASH_Erase_Sector
                0x0801335c       0xec output\stm32f4xx_hal_flash_ex.o
                0x0801335c                FLASH_Erase_Sector
 .text.FLASH_OB_EnableWRP
                0x08013448       0x54 output\stm32f4xx_hal_flash_ex.o
 .text.FLASH_OB_DisableWRP
                0x0801349c       0x4c output\stm32f4xx_hal_flash_ex.o
 .text.FLASH_OB_RDP_LevelConfig
                0x080134e8       0x3c output\stm32f4xx_hal_flash_ex.o
 .text.FLASH_OB_UserConfig
                0x08013524       0x6c output\stm32f4xx_hal_flash_ex.o
 .text.FLASH_OB_BOR_LevelConfig
                0x08013590       0x54 output\stm32f4xx_hal_flash_ex.o
 .text.FLASH_OB_GetUser
                0x080135e4       0x20 output\stm32f4xx_hal_flash_ex.o
 .text.FLASH_OB_GetWRP
                0x08013604       0x18 output\stm32f4xx_hal_flash_ex.o
 .text.FLASH_OB_GetRDP
                0x0801361c       0x30 output\stm32f4xx_hal_flash_ex.o
 .text.FLASH_OB_GetBOR
                0x0801364c       0x20 output\stm32f4xx_hal_flash_ex.o
 .text.HAL_GPIO_Init
                0x0801366c      0x3fc output\stm32f4xx_hal_gpio.o
                0x0801366c                HAL_GPIO_Init
 .text.HAL_GPIO_DeInit
                0x08013a68      0x1b8 output\stm32f4xx_hal_gpio.o
                0x08013a68                HAL_GPIO_DeInit
 .text.HAL_GPIO_ReadPin
                0x08013c20       0x34 output\stm32f4xx_hal_gpio.o
                0x08013c20                HAL_GPIO_ReadPin
 .text.HAL_GPIO_WritePin
                0x08013c54       0x30 output\stm32f4xx_hal_gpio.o
                0x08013c54                HAL_GPIO_WritePin
 .text.HAL_GPIO_TogglePin
                0x08013c84       0x24 output\stm32f4xx_hal_gpio.o
                0x08013c84                HAL_GPIO_TogglePin
 .text.HAL_GPIO_LockPin
                0x08013ca8       0x54 output\stm32f4xx_hal_gpio.o
                0x08013ca8                HAL_GPIO_LockPin
 .text.HAL_GPIO_EXTI_IRQHandler
                0x08013cfc       0x38 output\stm32f4xx_hal_gpio.o
                0x08013cfc                HAL_GPIO_EXTI_IRQHandler
 .text.HAL_GPIO_EXTI_Callback
                0x08013d34       0x14 output\stm32f4xx_hal_gpio.o
 .text.HAL_I2C_Init
                0x08013d48      0x1f0 output\stm32f4xx_hal_i2c.o
                0x08013d48                HAL_I2C_Init
 .text.HAL_I2C_DeInit
                0x08013f38       0x60 output\stm32f4xx_hal_i2c.o
                0x08013f38                HAL_I2C_DeInit
 .text.HAL_I2C_MspInit
                0x08013f98       0x14 output\stm32f4xx_hal_i2c.o
 .text.HAL_I2C_MspDeInit
                0x08013fac       0x14 output\stm32f4xx_hal_i2c.o
 .text.HAL_I2C_Master_Transmit
                0x08013fc0      0x1a4 output\stm32f4xx_hal_i2c.o
                0x08013fc0                HAL_I2C_Master_Transmit
 .text.HAL_I2C_Master_Receive
                0x08014164      0x370 output\stm32f4xx_hal_i2c.o
                0x08014164                HAL_I2C_Master_Receive
 .text.HAL_I2C_Slave_Transmit
                0x080144d4      0x1d4 output\stm32f4xx_hal_i2c.o
                0x080144d4                HAL_I2C_Slave_Transmit
 .text.HAL_I2C_Slave_Receive
                0x080146a8      0x1b0 output\stm32f4xx_hal_i2c.o
                0x080146a8                HAL_I2C_Slave_Receive
 .text.HAL_I2C_Master_Transmit_IT
                0x08014858       0xfc output\stm32f4xx_hal_i2c.o
                0x08014858                HAL_I2C_Master_Transmit_IT
 .text.HAL_I2C_Master_Receive_IT
                0x08014954      0x180 output\stm32f4xx_hal_i2c.o
                0x08014954                HAL_I2C_Master_Receive_IT
 .text.HAL_I2C_Slave_Transmit_IT
                0x08014ad4       0xc0 output\stm32f4xx_hal_i2c.o
                0x08014ad4                HAL_I2C_Slave_Transmit_IT
 .text.HAL_I2C_Slave_Receive_IT
                0x08014b94       0xc0 output\stm32f4xx_hal_i2c.o
                0x08014b94                HAL_I2C_Slave_Receive_IT
 .text.HAL_I2C_Master_Transmit_DMA
                0x08014c54      0x130 output\stm32f4xx_hal_i2c.o
                0x08014c54                HAL_I2C_Master_Transmit_DMA
 .text.HAL_I2C_Master_Receive_DMA
                0x08014d84      0x158 output\stm32f4xx_hal_i2c.o
                0x08014d84                HAL_I2C_Master_Receive_DMA
 .text.HAL_I2C_Slave_Transmit_DMA
                0x08014edc      0x168 output\stm32f4xx_hal_i2c.o
                0x08014edc                HAL_I2C_Slave_Transmit_DMA
 .text.HAL_I2C_Slave_Receive_DMA
                0x08015044      0x120 output\stm32f4xx_hal_i2c.o
                0x08015044                HAL_I2C_Slave_Receive_DMA
 .text.HAL_I2C_Mem_Write
                0x08015164      0x198 output\stm32f4xx_hal_i2c.o
                0x08015164                HAL_I2C_Mem_Write
 .text.HAL_I2C_Mem_Read
                0x080152fc      0x360 output\stm32f4xx_hal_i2c.o
                0x080152fc                HAL_I2C_Mem_Read
 .text.HAL_I2C_Mem_Write_IT
                0x0801565c       0xf4 output\stm32f4xx_hal_i2c.o
                0x0801565c                HAL_I2C_Mem_Write_IT
 .text.HAL_I2C_Mem_Read_IT
                0x08015750      0x180 output\stm32f4xx_hal_i2c.o
                0x08015750                HAL_I2C_Mem_Read_IT
 .text.HAL_I2C_Mem_Write_DMA
                0x080158d0      0x124 output\stm32f4xx_hal_i2c.o
                0x080158d0                HAL_I2C_Mem_Write_DMA
 .text.HAL_I2C_Mem_Read_DMA
                0x080159f4      0x15c output\stm32f4xx_hal_i2c.o
                0x080159f4                HAL_I2C_Mem_Read_DMA
 .text.HAL_I2C_IsDeviceReady
                0x08015b50      0x24c output\stm32f4xx_hal_i2c.o
                0x08015b50                HAL_I2C_IsDeviceReady
 .text.HAL_I2C_EV_IRQHandler
                0x08015d9c      0x2f8 output\stm32f4xx_hal_i2c.o
                0x08015d9c                HAL_I2C_EV_IRQHandler
 .text.HAL_I2C_ER_IRQHandler
                0x08016094      0x1d8 output\stm32f4xx_hal_i2c.o
                0x08016094                HAL_I2C_ER_IRQHandler
 .text.HAL_I2C_MasterTxCpltCallback
                0x0801626c       0x14 output\stm32f4xx_hal_i2c.o
                0x0801626c                HAL_I2C_MasterTxCpltCallback
 .text.HAL_I2C_MasterRxCpltCallback
                0x08016280       0x14 output\stm32f4xx_hal_i2c.o
                0x08016280                HAL_I2C_MasterRxCpltCallback
 .text.HAL_I2C_SlaveTxCpltCallback
                0x08016294       0x14 output\stm32f4xx_hal_i2c.o
                0x08016294                HAL_I2C_SlaveTxCpltCallback
 .text.HAL_I2C_SlaveRxCpltCallback
                0x080162a8       0x14 output\stm32f4xx_hal_i2c.o
                0x080162a8                HAL_I2C_SlaveRxCpltCallback
 .text.HAL_I2C_MemTxCpltCallback
                0x080162bc       0x14 output\stm32f4xx_hal_i2c.o
                0x080162bc                HAL_I2C_MemTxCpltCallback
 .text.HAL_I2C_MemRxCpltCallback
                0x080162d0       0x14 output\stm32f4xx_hal_i2c.o
                0x080162d0                HAL_I2C_MemRxCpltCallback
 .text.HAL_I2C_ErrorCallback
                0x080162e4       0x14 output\stm32f4xx_hal_i2c.o
 .text.HAL_I2C_GetState
                0x080162f8       0x1c output\stm32f4xx_hal_i2c.o
                0x080162f8                HAL_I2C_GetState
 .text.HAL_I2C_GetError
                0x08016314       0x1c output\stm32f4xx_hal_i2c.o
                0x08016314                HAL_I2C_GetError
 .text.I2C_MasterTransmit_TXE
                0x08016330       0x58 output\stm32f4xx_hal_i2c.o
 .text.I2C_MasterTransmit_BTF
                0x08016388       0xb8 output\stm32f4xx_hal_i2c.o
 .text.I2C_MasterReceive_RXNE
                0x08016440       0xf8 output\stm32f4xx_hal_i2c.o
 .text.I2C_MasterReceive_BTF
                0x08016538      0x148 output\stm32f4xx_hal_i2c.o
 .text.I2C_SlaveTransmit_TXE
                0x08016680       0x48 output\stm32f4xx_hal_i2c.o
 .text.I2C_SlaveTransmit_BTF
                0x080166c8       0x48 output\stm32f4xx_hal_i2c.o
 .text.I2C_SlaveReceive_RXNE
                0x08016710       0x48 output\stm32f4xx_hal_i2c.o
 .text.I2C_SlaveReceive_BTF
                0x08016758       0x48 output\stm32f4xx_hal_i2c.o
 .text.I2C_Slave_ADDR
                0x080167a0       0x24 output\stm32f4xx_hal_i2c.o
 .text.I2C_Slave_STOPF
                0x080167c4       0x80 output\stm32f4xx_hal_i2c.o
 .text.I2C_Slave_AF
                0x08016844       0x74 output\stm32f4xx_hal_i2c.o
 .text.I2C_MasterRequestWrite
                0x080168b8       0xe0 output\stm32f4xx_hal_i2c.o
 .text.I2C_MasterRequestRead
                0x08016998      0x170 output\stm32f4xx_hal_i2c.o
 .text.I2C_RequestMemoryWrite
                0x08016b08       0xfc output\stm32f4xx_hal_i2c.o
 .text.I2C_RequestMemoryRead
                0x08016c04      0x198 output\stm32f4xx_hal_i2c.o
 .text.I2C_DMAMasterTransmitCplt
                0x08016d9c       0xc4 output\stm32f4xx_hal_i2c.o
 .text.I2C_DMASlaveTransmitCplt
                0x08016e60       0xc8 output\stm32f4xx_hal_i2c.o
 .text.I2C_DMAMasterReceiveCplt
                0x08016f28       0xb4 output\stm32f4xx_hal_i2c.o
 .text.I2C_DMASlaveReceiveCplt
                0x08016fdc       0xd8 output\stm32f4xx_hal_i2c.o
 .text.I2C_DMAMemTransmitCplt
                0x080170b4       0xc4 output\stm32f4xx_hal_i2c.o
 .text.I2C_DMAMemReceiveCplt
                0x08017178       0xb4 output\stm32f4xx_hal_i2c.o
 .text.I2C_DMAError
                0x0801722c       0x54 output\stm32f4xx_hal_i2c.o
 .text.I2C_WaitOnFlagUntilTimeout
                0x08017280      0x14c output\stm32f4xx_hal_i2c.o
 .text.I2C_WaitOnMasterAddressFlagUntilTimeout
                0x080173cc      0x100 output\stm32f4xx_hal_i2c.o
 .text.HAL_IWDG_Init
                0x080174cc       0x7c output\stm32f4xx_hal_iwdg.o
                0x080174cc                HAL_IWDG_Init
 .text.HAL_IWDG_MspInit
                0x08017548       0x14 output\stm32f4xx_hal_iwdg.o
 .text.HAL_IWDG_Start
                0x0801755c       0x5c output\stm32f4xx_hal_iwdg.o
                0x0801755c                HAL_IWDG_Start
 .text.HAL_IWDG_Refresh
                0x080175b8       0x90 output\stm32f4xx_hal_iwdg.o
                0x080175b8                HAL_IWDG_Refresh
 .text.HAL_IWDG_GetState
                0x08017648       0x1c output\stm32f4xx_hal_iwdg.o
                0x08017648                HAL_IWDG_GetState
 .text.HAL_ADC_MspInit
                0x08017664      0x134 output\stm32f4xx_hal_msp.o
                0x08017664                HAL_ADC_MspInit
 .text.HAL_ADC_MspDeInit
                0x08017798       0x5c output\stm32f4xx_hal_msp.o
                0x08017798                HAL_ADC_MspDeInit
 .text.HAL_I2C_MspInit
                0x080177f4       0x88 output\stm32f4xx_hal_msp.o
                0x080177f4                HAL_I2C_MspInit
 .text.HAL_I2C_MspDeInit
                0x0801787c       0x50 output\stm32f4xx_hal_msp.o
                0x0801787c                HAL_I2C_MspDeInit
 .text.HAL_IWDG_MspInit
                0x080178cc       0x14 output\stm32f4xx_hal_msp.o
                0x080178cc                HAL_IWDG_MspInit
 .text.HAL_IWDG_MspDeInit
                0x080178e0       0x14 output\stm32f4xx_hal_msp.o
                0x080178e0                HAL_IWDG_MspDeInit
 .text.HAL_TIM_Base_MspInit
                0x080178f4      0x210 output\stm32f4xx_hal_msp.o
                0x080178f4                HAL_TIM_Base_MspInit
 .text.HAL_TIM_Base_MspDeInit
                0x08017b04      0x168 output\stm32f4xx_hal_msp.o
                0x08017b04                HAL_TIM_Base_MspDeInit
 .text.HAL_UART_MspInit
                0x08017c6c       0x88 output\stm32f4xx_hal_msp.o
                0x08017c6c                HAL_UART_MspInit
 .text.HAL_UART_MspDeInit
                0x08017cf4       0x50 output\stm32f4xx_hal_msp.o
                0x08017cf4                HAL_UART_MspDeInit
 .text.HAL_PWR_DeInit
                0x08017d44       0x3c output\stm32f4xx_hal_pwr.o
                0x08017d44                HAL_PWR_DeInit
 .text.HAL_PWR_EnableBkUpAccess
                0x08017d80       0x18 output\stm32f4xx_hal_pwr.o
                0x08017d80                HAL_PWR_EnableBkUpAccess
 .text.HAL_PWR_DisableBkUpAccess
                0x08017d98       0x18 output\stm32f4xx_hal_pwr.o
                0x08017d98                HAL_PWR_DisableBkUpAccess
 .text.HAL_PWR_PVDConfig
                0x08017db0       0xf4 output\stm32f4xx_hal_pwr.o
                0x08017db0                HAL_PWR_PVDConfig
 .text.HAL_PWR_EnablePVD
                0x08017ea4       0x18 output\stm32f4xx_hal_pwr.o
                0x08017ea4                HAL_PWR_EnablePVD
 .text.HAL_PWR_DisablePVD
                0x08017ebc       0x18 output\stm32f4xx_hal_pwr.o
                0x08017ebc                HAL_PWR_DisablePVD
 .text.HAL_PWR_EnableWakeUpPin
                0x08017ed4       0x20 output\stm32f4xx_hal_pwr.o
                0x08017ed4                HAL_PWR_EnableWakeUpPin
 .text.HAL_PWR_DisableWakeUpPin
                0x08017ef4       0x20 output\stm32f4xx_hal_pwr.o
                0x08017ef4                HAL_PWR_DisableWakeUpPin
 .text.HAL_PWR_EnterSLEEPMode
                0x08017f14       0x28 output\stm32f4xx_hal_pwr.o
                0x08017f14                HAL_PWR_EnterSLEEPMode
 .text.HAL_PWR_EnterSTOPMode
                0x08017f3c       0x80 output\stm32f4xx_hal_pwr.o
                0x08017f3c                HAL_PWR_EnterSTOPMode
 .text.HAL_PWR_EnterSTANDBYMode
                0x08017fbc       0x3c output\stm32f4xx_hal_pwr.o
                0x08017fbc                HAL_PWR_EnterSTANDBYMode
 .text.HAL_PWR_PVD_IRQHandler
                0x08017ff8       0x2c output\stm32f4xx_hal_pwr.o
                0x08017ff8                HAL_PWR_PVD_IRQHandler
 .text.HAL_PWR_PVDCallback
                0x08018024        0xc output\stm32f4xx_hal_pwr.o
                0x08018024                HAL_PWR_PVDCallback
 .text.HAL_PWREx_EnableBkUpReg
                0x08018030       0x58 output\stm32f4xx_hal_pwr_ex.o
                0x08018030                HAL_PWREx_EnableBkUpReg
 .text.HAL_PWREx_DisableBkUpReg
                0x08018088       0x58 output\stm32f4xx_hal_pwr_ex.o
                0x08018088                HAL_PWREx_DisableBkUpReg
 .text.HAL_PWREx_EnableFlashPowerDown
                0x080180e0       0x18 output\stm32f4xx_hal_pwr_ex.o
                0x080180e0                HAL_PWREx_EnableFlashPowerDown
 .text.HAL_PWREx_DisableFlashPowerDown
                0x080180f8       0x18 output\stm32f4xx_hal_pwr_ex.o
                0x080180f8                HAL_PWREx_DisableFlashPowerDown
 .text.HAL_RCC_DeInit
                0x08018110       0xd0 output\stm32f4xx_hal_rcc.o
                0x08018110                HAL_RCC_DeInit
 .text.HAL_RCC_OscConfig
                0x080181e0      0x5e0 output\stm32f4xx_hal_rcc.o
                0x080181e0                HAL_RCC_OscConfig
 .text.HAL_RCC_ClockConfig
                0x080187c0      0x380 output\stm32f4xx_hal_rcc.o
                0x080187c0                HAL_RCC_ClockConfig
 .text.HAL_RCC_MCOConfig
                0x08018b40       0xf0 output\stm32f4xx_hal_rcc.o
                0x08018b40                HAL_RCC_MCOConfig
 .text.HAL_RCC_EnableCSS
                0x08018c30       0x18 output\stm32f4xx_hal_rcc.o
                0x08018c30                HAL_RCC_EnableCSS
 .text.HAL_RCC_DisableCSS
                0x08018c48       0x18 output\stm32f4xx_hal_rcc.o
                0x08018c48                HAL_RCC_DisableCSS
 .text.HAL_RCC_GetSysClockFreq
                0x08018c60      0x184 output\stm32f4xx_hal_rcc.o
                0x08018c60                HAL_RCC_GetSysClockFreq
 .text.HAL_RCC_GetHCLKFreq
                0x08018de4       0x68 output\stm32f4xx_hal_rcc.o
                0x08018de4                HAL_RCC_GetHCLKFreq
 .text.HAL_RCC_GetPCLK1Freq
                0x08018e4c       0x54 output\stm32f4xx_hal_rcc.o
                0x08018e4c                HAL_RCC_GetPCLK1Freq
 .text.HAL_RCC_GetPCLK2Freq
                0x08018ea0       0x54 output\stm32f4xx_hal_rcc.o
                0x08018ea0                HAL_RCC_GetPCLK2Freq
 .text.HAL_RCC_GetOscConfig
                0x08018ef4      0x204 output\stm32f4xx_hal_rcc.o
                0x08018ef4                HAL_RCC_GetOscConfig
 .text.HAL_RCC_GetClockConfig
                0x080190f8       0x7c output\stm32f4xx_hal_rcc.o
                0x080190f8                HAL_RCC_GetClockConfig
 .text.HAL_RCC_NMI_IRQHandler
                0x08019174       0x2c output\stm32f4xx_hal_rcc.o
                0x08019174                HAL_RCC_NMI_IRQHandler
 .text.HAL_RCC_CCSCallback
                0x080191a0        0xc output\stm32f4xx_hal_rcc.o
                0x080191a0                HAL_RCC_CCSCallback
 .text.HAL_RCCEx_PeriphCLKConfig
                0x080191ac      0x268 output\stm32f4xx_hal_rcc_ex.o
                0x080191ac                HAL_RCCEx_PeriphCLKConfig
 .text.HAL_RCCEx_GetPeriphCLKConfig
                0x08019414       0xb0 output\stm32f4xx_hal_rcc_ex.o
                0x08019414                HAL_RCCEx_GetPeriphCLKConfig
 .text.HAL_TIM_Base_Init
                0x080194c4       0x5c output\stm32f4xx_hal_tim.o
                0x080194c4                HAL_TIM_Base_Init
 .text.HAL_TIM_Base_DeInit
                0x08019520       0x6c output\stm32f4xx_hal_tim.o
                0x08019520                HAL_TIM_Base_DeInit
 .text.HAL_TIM_Base_MspInit
                0x0801958c       0x14 output\stm32f4xx_hal_tim.o
 .text.HAL_TIM_Base_MspDeInit
                0x080195a0       0x14 output\stm32f4xx_hal_tim.o
 .text.HAL_TIM_Base_Start
                0x080195b4       0x3c output\stm32f4xx_hal_tim.o
                0x080195b4                HAL_TIM_Base_Start
 .text.HAL_TIM_Base_Stop
                0x080195f0       0x5c output\stm32f4xx_hal_tim.o
                0x080195f0                HAL_TIM_Base_Stop
 .text.HAL_TIM_Base_Start_IT
                0x0801964c       0x38 output\stm32f4xx_hal_tim.o
                0x0801964c                HAL_TIM_Base_Start_IT
 .text.HAL_TIM_Base_Stop_IT
                0x08019684       0x58 output\stm32f4xx_hal_tim.o
                0x08019684                HAL_TIM_Base_Stop_IT
 .text.HAL_TIM_Base_Start_DMA
                0x080196dc       0xa8 output\stm32f4xx_hal_tim.o
                0x080196dc                HAL_TIM_Base_Start_DMA
 .text.HAL_TIM_Base_Stop_DMA
                0x08019784       0x64 output\stm32f4xx_hal_tim.o
                0x08019784                HAL_TIM_Base_Stop_DMA
 .text.HAL_TIM_OC_Init
                0x080197e8       0x5c output\stm32f4xx_hal_tim.o
                0x080197e8                HAL_TIM_OC_Init
 .text.HAL_TIM_OC_DeInit
                0x08019844       0x6c output\stm32f4xx_hal_tim.o
                0x08019844                HAL_TIM_OC_DeInit
 .text.HAL_TIM_OC_MspInit
                0x080198b0       0x14 output\stm32f4xx_hal_tim.o
                0x080198b0                HAL_TIM_OC_MspInit
 .text.HAL_TIM_OC_MspDeInit
                0x080198c4       0x14 output\stm32f4xx_hal_tim.o
                0x080198c4                HAL_TIM_OC_MspDeInit
 .text.HAL_TIM_OC_Start
                0x080198d8       0x78 output\stm32f4xx_hal_tim.o
                0x080198d8                HAL_TIM_OC_Start
 .text.HAL_TIM_OC_Stop
                0x08019950       0xb8 output\stm32f4xx_hal_tim.o
                0x08019950                HAL_TIM_OC_Stop
 .text.HAL_TIM_OC_Start_IT
                0x08019a08      0x104 output\stm32f4xx_hal_tim.o
                0x08019a08                HAL_TIM_OC_Start_IT
 .text.HAL_TIM_OC_Stop_IT
                0x08019b0c      0x144 output\stm32f4xx_hal_tim.o
                0x08019b0c                HAL_TIM_OC_Stop_IT
 .text.HAL_TIM_OC_Start_DMA
                0x08019c50      0x20c output\stm32f4xx_hal_tim.o
                0x08019c50                HAL_TIM_OC_Start_DMA
 .text.HAL_TIM_OC_Stop_DMA
                0x08019e5c      0x14c output\stm32f4xx_hal_tim.o
                0x08019e5c                HAL_TIM_OC_Stop_DMA
 .text.HAL_TIM_PWM_Init
                0x08019fa8       0x5c output\stm32f4xx_hal_tim.o
                0x08019fa8                HAL_TIM_PWM_Init
 .text.HAL_TIM_PWM_DeInit
                0x0801a004       0x6c output\stm32f4xx_hal_tim.o
                0x0801a004                HAL_TIM_PWM_DeInit
 .text.HAL_TIM_PWM_MspInit
                0x0801a070       0x14 output\stm32f4xx_hal_tim.o
                0x0801a070                HAL_TIM_PWM_MspInit
 .text.HAL_TIM_PWM_MspDeInit
                0x0801a084       0x14 output\stm32f4xx_hal_tim.o
                0x0801a084                HAL_TIM_PWM_MspDeInit
 .text.HAL_TIM_PWM_Start
                0x0801a098       0x78 output\stm32f4xx_hal_tim.o
                0x0801a098                HAL_TIM_PWM_Start
 .text.HAL_TIM_PWM_Stop
                0x0801a110       0xc0 output\stm32f4xx_hal_tim.o
                0x0801a110                HAL_TIM_PWM_Stop
 .text.HAL_TIM_PWM_Start_IT
                0x0801a1d0      0x104 output\stm32f4xx_hal_tim.o
                0x0801a1d0                HAL_TIM_PWM_Start_IT
 .text.HAL_TIM_PWM_Stop_IT
                0x0801a2d4      0x144 output\stm32f4xx_hal_tim.o
                0x0801a2d4                HAL_TIM_PWM_Stop_IT
 .text.HAL_TIM_PWM_Start_DMA
                0x0801a418      0x20c output\stm32f4xx_hal_tim.o
                0x0801a418                HAL_TIM_PWM_Start_DMA
 .text.HAL_TIM_PWM_Stop_DMA
                0x0801a624      0x14c output\stm32f4xx_hal_tim.o
                0x0801a624                HAL_TIM_PWM_Stop_DMA
 .text.HAL_TIM_IC_Init
                0x0801a770       0x5c output\stm32f4xx_hal_tim.o
                0x0801a770                HAL_TIM_IC_Init
 .text.HAL_TIM_IC_DeInit
                0x0801a7cc       0x6c output\stm32f4xx_hal_tim.o
                0x0801a7cc                HAL_TIM_IC_DeInit
 .text.HAL_TIM_IC_MspInit
                0x0801a838       0x14 output\stm32f4xx_hal_tim.o
                0x0801a838                HAL_TIM_IC_MspInit
 .text.HAL_TIM_IC_MspDeInit
                0x0801a84c       0x14 output\stm32f4xx_hal_tim.o
                0x0801a84c                HAL_TIM_IC_MspDeInit
 .text.HAL_TIM_IC_Start
                0x0801a860       0x38 output\stm32f4xx_hal_tim.o
                0x0801a860                HAL_TIM_IC_Start
 .text.HAL_TIM_IC_Stop
                0x0801a898       0x58 output\stm32f4xx_hal_tim.o
                0x0801a898                HAL_TIM_IC_Stop
 .text.HAL_TIM_IC_Start_IT
                0x0801a8f0       0xc4 output\stm32f4xx_hal_tim.o
                0x0801a8f0                HAL_TIM_IC_Start_IT
 .text.HAL_TIM_IC_Stop_IT
                0x0801a9b4       0xe4 output\stm32f4xx_hal_tim.o
                0x0801a9b4                HAL_TIM_IC_Stop_IT
 .text.HAL_TIM_IC_Start_DMA
                0x0801aa98      0x1cc output\stm32f4xx_hal_tim.o
                0x0801aa98                HAL_TIM_IC_Start_DMA
 .text.HAL_TIM_IC_Stop_DMA
                0x0801ac64       0xf0 output\stm32f4xx_hal_tim.o
                0x0801ac64                HAL_TIM_IC_Stop_DMA
 .text.HAL_TIM_OnePulse_Init
                0x0801ad54       0x7c output\stm32f4xx_hal_tim.o
                0x0801ad54                HAL_TIM_OnePulse_Init
 .text.HAL_TIM_OnePulse_DeInit
                0x0801add0       0x6c output\stm32f4xx_hal_tim.o
                0x0801add0                HAL_TIM_OnePulse_DeInit
 .text.HAL_TIM_OnePulse_MspInit
                0x0801ae3c       0x14 output\stm32f4xx_hal_tim.o
                0x0801ae3c                HAL_TIM_OnePulse_MspInit
 .text.HAL_TIM_OnePulse_MspDeInit
                0x0801ae50       0x14 output\stm32f4xx_hal_tim.o
                0x0801ae50                HAL_TIM_OnePulse_MspDeInit
 .text.HAL_TIM_OnePulse_Start
                0x0801ae64       0x7c output\stm32f4xx_hal_tim.o
                0x0801ae64                HAL_TIM_OnePulse_Start
 .text.HAL_TIM_OnePulse_Stop
                0x0801aee0       0xcc output\stm32f4xx_hal_tim.o
                0x0801aee0                HAL_TIM_OnePulse_Stop
 .text.HAL_TIM_OnePulse_Start_IT
                0x0801afac       0x9c output\stm32f4xx_hal_tim.o
                0x0801afac                HAL_TIM_OnePulse_Start_IT
 .text.HAL_TIM_OnePulse_Stop_IT
                0x0801b048       0xec output\stm32f4xx_hal_tim.o
                0x0801b048                HAL_TIM_OnePulse_Stop_IT
 .text.HAL_TIM_Encoder_Init
                0x0801b134      0x140 output\stm32f4xx_hal_tim.o
                0x0801b134                HAL_TIM_Encoder_Init
 .text.HAL_TIM_Encoder_DeInit
                0x0801b274       0x6c output\stm32f4xx_hal_tim.o
                0x0801b274                HAL_TIM_Encoder_DeInit
 .text.HAL_TIM_Encoder_MspInit
                0x0801b2e0       0x14 output\stm32f4xx_hal_tim.o
                0x0801b2e0                HAL_TIM_Encoder_MspInit
 .text.HAL_TIM_Encoder_MspDeInit
                0x0801b2f4       0x14 output\stm32f4xx_hal_tim.o
                0x0801b2f4                HAL_TIM_Encoder_MspDeInit
 .text.HAL_TIM_Encoder_Start
                0x0801b308       0x84 output\stm32f4xx_hal_tim.o
                0x0801b308                HAL_TIM_Encoder_Start
 .text.HAL_TIM_Encoder_Stop
                0x0801b38c       0xa4 output\stm32f4xx_hal_tim.o
                0x0801b38c                HAL_TIM_Encoder_Stop
 .text.HAL_TIM_Encoder_Start_IT
                0x0801b430       0xc4 output\stm32f4xx_hal_tim.o
                0x0801b430                HAL_TIM_Encoder_Start_IT
 .text.HAL_TIM_Encoder_Stop_IT
                0x0801b4f4       0xec output\stm32f4xx_hal_tim.o
                0x0801b4f4                HAL_TIM_Encoder_Stop_IT
 .text.HAL_TIM_Encoder_Start_DMA
                0x0801b5e0      0x1f4 output\stm32f4xx_hal_tim.o
                0x0801b5e0                HAL_TIM_Encoder_Start_DMA
 .text.HAL_TIM_Encoder_Stop_DMA
                0x0801b7d4       0xec output\stm32f4xx_hal_tim.o
                0x0801b7d4                HAL_TIM_Encoder_Stop_DMA
 .text.HAL_TIM_IRQHandler
                0x0801b8c0      0x220 output\stm32f4xx_hal_tim.o
                0x0801b8c0                HAL_TIM_IRQHandler
 .text.HAL_TIM_OC_ConfigChannel
                0x0801bae0       0xcc output\stm32f4xx_hal_tim.o
                0x0801bae0                HAL_TIM_OC_ConfigChannel
 .text.HAL_TIM_IC_ConfigChannel
                0x0801bbac      0x14c output\stm32f4xx_hal_tim.o
                0x0801bbac                HAL_TIM_IC_ConfigChannel
 .text.HAL_TIM_PWM_ConfigChannel
                0x0801bcf8      0x1a0 output\stm32f4xx_hal_tim.o
                0x0801bcf8                HAL_TIM_PWM_ConfigChannel
 .text.HAL_TIM_OnePulse_ConfigChannel
                0x0801be98      0x194 output\stm32f4xx_hal_tim.o
                0x0801be98                HAL_TIM_OnePulse_ConfigChannel
 .text.HAL_TIM_DMABurst_WriteStart
                0x0801c02c      0x25c output\stm32f4xx_hal_tim.o
                0x0801c02c                HAL_TIM_DMABurst_WriteStart
 .text.HAL_TIM_DMABurst_WriteStop
                0x0801c288       0x30 output\stm32f4xx_hal_tim.o
                0x0801c288                HAL_TIM_DMABurst_WriteStop
 .text.HAL_TIM_DMABurst_ReadStart
                0x0801c2b8      0x25c output\stm32f4xx_hal_tim.o
                0x0801c2b8                HAL_TIM_DMABurst_ReadStart
 .text.HAL_TIM_DMABurst_ReadStop
                0x0801c514       0x30 output\stm32f4xx_hal_tim.o
                0x0801c514                HAL_TIM_DMABurst_ReadStop
 .text.HAL_TIM_GenerateEvent
                0x0801c544       0x5c output\stm32f4xx_hal_tim.o
                0x0801c544                HAL_TIM_GenerateEvent
 .text.HAL_TIM_ConfigOCrefClear
                0x0801c5a0      0x160 output\stm32f4xx_hal_tim.o
                0x0801c5a0                HAL_TIM_ConfigOCrefClear
 .text.HAL_TIM_ConfigClockSource
                0x0801c700      0x1e4 output\stm32f4xx_hal_tim.o
                0x0801c700                HAL_TIM_ConfigClockSource
 .text.HAL_TIM_ConfigTI1Input
                0x0801c8e4       0x40 output\stm32f4xx_hal_tim.o
                0x0801c8e4                HAL_TIM_ConfigTI1Input
 .text.HAL_TIM_SlaveConfigSynchronization
                0x0801c924      0x164 output\stm32f4xx_hal_tim.o
                0x0801c924                HAL_TIM_SlaveConfigSynchronization
 .text.HAL_TIM_ReadCapturedValue
                0x0801ca88       0xb0 output\stm32f4xx_hal_tim.o
                0x0801ca88                HAL_TIM_ReadCapturedValue
 .text.HAL_TIM_PeriodElapsedCallback
                0x0801cb38       0x14 output\stm32f4xx_hal_tim.o
 .text.HAL_TIM_OC_DelayElapsedCallback
                0x0801cb4c       0x14 output\stm32f4xx_hal_tim.o
                0x0801cb4c                HAL_TIM_OC_DelayElapsedCallback
 .text.HAL_TIM_IC_CaptureCallback
                0x0801cb60       0x14 output\stm32f4xx_hal_tim.o
                0x0801cb60                HAL_TIM_IC_CaptureCallback
 .text.HAL_TIM_PWM_PulseFinishedCallback
                0x0801cb74       0x14 output\stm32f4xx_hal_tim.o
                0x0801cb74                HAL_TIM_PWM_PulseFinishedCallback
 .text.HAL_TIM_TriggerCallback
                0x0801cb88       0x14 output\stm32f4xx_hal_tim.o
                0x0801cb88                HAL_TIM_TriggerCallback
 .text.HAL_TIM_ErrorCallback
                0x0801cb9c       0x14 output\stm32f4xx_hal_tim.o
                0x0801cb9c                HAL_TIM_ErrorCallback
 .text.HAL_TIM_Base_GetState
                0x0801cbb0       0x1c output\stm32f4xx_hal_tim.o
                0x0801cbb0                HAL_TIM_Base_GetState
 .text.HAL_TIM_OC_GetState
                0x0801cbcc       0x1c output\stm32f4xx_hal_tim.o
                0x0801cbcc                HAL_TIM_OC_GetState
 .text.HAL_TIM_PWM_GetState
                0x0801cbe8       0x1c output\stm32f4xx_hal_tim.o
                0x0801cbe8                HAL_TIM_PWM_GetState
 .text.HAL_TIM_IC_GetState
                0x0801cc04       0x1c output\stm32f4xx_hal_tim.o
                0x0801cc04                HAL_TIM_IC_GetState
 .text.HAL_TIM_OnePulse_GetState
                0x0801cc20       0x1c output\stm32f4xx_hal_tim.o
                0x0801cc20                HAL_TIM_OnePulse_GetState
 .text.HAL_TIM_Encoder_GetState
                0x0801cc3c       0x1c output\stm32f4xx_hal_tim.o
                0x0801cc3c                HAL_TIM_Encoder_GetState
 .text.HAL_TIM_DMAError
                0x0801cc58       0x28 output\stm32f4xx_hal_tim.o
                0x0801cc58                HAL_TIM_DMAError
 .text.HAL_TIM_DMADelayPulseCplt
                0x0801cc80       0x28 output\stm32f4xx_hal_tim.o
                0x0801cc80                HAL_TIM_DMADelayPulseCplt
 .text.HAL_TIM_DMACaptureCplt
                0x0801cca8       0x28 output\stm32f4xx_hal_tim.o
                0x0801cca8                HAL_TIM_DMACaptureCplt
 .text.TIM_DMAPeriodElapsedCplt
                0x0801ccd0       0x28 output\stm32f4xx_hal_tim.o
 .text.TIM_DMATriggerCplt
                0x0801ccf8       0x28 output\stm32f4xx_hal_tim.o
 .text.TIM_Base_SetConfig
                0x0801cd20      0x1a0 output\stm32f4xx_hal_tim.o
                0x0801cd20                TIM_Base_SetConfig
 .text.TIM_OC1_SetConfig
                0x0801cec0       0xf4 output\stm32f4xx_hal_tim.o
 .text.TIM_OC2_SetConfig
                0x0801cfb4      0x108 output\stm32f4xx_hal_tim.o
                0x0801cfb4                TIM_OC2_SetConfig
 .text.TIM_OC3_SetConfig
                0x0801d0bc      0x104 output\stm32f4xx_hal_tim.o
 .text.TIM_OC4_SetConfig
                0x0801d1c0       0xd4 output\stm32f4xx_hal_tim.o
 .text.TIM_TI1_SetConfig
                0x0801d294      0x108 output\stm32f4xx_hal_tim.o
                0x0801d294                TIM_TI1_SetConfig
 .text.TIM_TI1_ConfigInputStage
                0x0801d39c       0x6c output\stm32f4xx_hal_tim.o
 .text.TIM_TI2_SetConfig
                0x0801d408       0x84 output\stm32f4xx_hal_tim.o
 .text.TIM_TI2_ConfigInputStage
                0x0801d48c       0x70 output\stm32f4xx_hal_tim.o
 .text.TIM_TI3_SetConfig
                0x0801d4fc       0x80 output\stm32f4xx_hal_tim.o
 .text.TIM_TI4_SetConfig
                0x0801d57c       0x84 output\stm32f4xx_hal_tim.o
 .text.TIM_ITRx_SetConfig
                0x0801d600       0x40 output\stm32f4xx_hal_tim.o
 .text.TIM_ETR_SetConfig
                0x0801d640       0x48 output\stm32f4xx_hal_tim.o
 .text.TIM_CCxChannelCmd
                0x0801d688       0x4c output\stm32f4xx_hal_tim.o
                0x0801d688                TIM_CCxChannelCmd
 .text.HAL_TIMEx_HallSensor_Init
                0x0801d6d4      0x134 output\stm32f4xx_hal_tim_ex.o
                0x0801d6d4                HAL_TIMEx_HallSensor_Init
 .text.HAL_TIMEx_HallSensor_DeInit
                0x0801d808       0x6c output\stm32f4xx_hal_tim_ex.o
                0x0801d808                HAL_TIMEx_HallSensor_DeInit
 .text.HAL_TIMEx_HallSensor_MspInit
                0x0801d874       0x14 output\stm32f4xx_hal_tim_ex.o
                0x0801d874                HAL_TIMEx_HallSensor_MspInit
 .text.HAL_TIMEx_HallSensor_MspDeInit
                0x0801d888       0x14 output\stm32f4xx_hal_tim_ex.o
                0x0801d888                HAL_TIMEx_HallSensor_MspDeInit
 .text.HAL_TIMEx_HallSensor_Start
                0x0801d89c       0x38 output\stm32f4xx_hal_tim_ex.o
                0x0801d89c                HAL_TIMEx_HallSensor_Start
 .text.HAL_TIMEx_HallSensor_Stop
                0x0801d8d4       0x58 output\stm32f4xx_hal_tim_ex.o
                0x0801d8d4                HAL_TIMEx_HallSensor_Stop
 .text.HAL_TIMEx_HallSensor_Start_IT
                0x0801d92c       0x48 output\stm32f4xx_hal_tim_ex.o
                0x0801d92c                HAL_TIMEx_HallSensor_Start_IT
 .text.HAL_TIMEx_HallSensor_Stop_IT
                0x0801d974       0x68 output\stm32f4xx_hal_tim_ex.o
                0x0801d974                HAL_TIMEx_HallSensor_Stop_IT
 .text.HAL_TIMEx_HallSensor_Start_DMA
                0x0801d9dc       0xbc output\stm32f4xx_hal_tim_ex.o
                0x0801d9dc                HAL_TIMEx_HallSensor_Start_DMA
 .text.HAL_TIMEx_HallSensor_Stop_DMA
                0x0801da98       0x68 output\stm32f4xx_hal_tim_ex.o
                0x0801da98                HAL_TIMEx_HallSensor_Stop_DMA
 .text.HAL_TIMEx_OCN_Start
                0x0801db00       0x48 output\stm32f4xx_hal_tim_ex.o
                0x0801db00                HAL_TIMEx_OCN_Start
 .text.HAL_TIMEx_OCN_Stop
                0x0801db48       0x88 output\stm32f4xx_hal_tim_ex.o
                0x0801db48                HAL_TIMEx_OCN_Stop
 .text.HAL_TIMEx_OCN_Start_IT
                0x0801dbd0       0xd4 output\stm32f4xx_hal_tim_ex.o
                0x0801dbd0                HAL_TIMEx_OCN_Start_IT
 .text.HAL_TIMEx_OCN_Stop_IT
                0x0801dca4      0x114 output\stm32f4xx_hal_tim_ex.o
                0x0801dca4                HAL_TIMEx_OCN_Stop_IT
 .text.HAL_TIMEx_OCN_Start_DMA
                0x0801ddb8      0x1dc output\stm32f4xx_hal_tim_ex.o
                0x0801ddb8                HAL_TIMEx_OCN_Start_DMA
 .text.HAL_TIMEx_OCN_Stop_DMA
                0x0801df94      0x120 output\stm32f4xx_hal_tim_ex.o
                0x0801df94                HAL_TIMEx_OCN_Stop_DMA
 .text.HAL_TIMEx_PWMN_Start
                0x0801e0b4       0x48 output\stm32f4xx_hal_tim_ex.o
                0x0801e0b4                HAL_TIMEx_PWMN_Start
 .text.HAL_TIMEx_PWMN_Stop
                0x0801e0fc       0x88 output\stm32f4xx_hal_tim_ex.o
                0x0801e0fc                HAL_TIMEx_PWMN_Stop
 .text.HAL_TIMEx_PWMN_Start_IT
                0x0801e184       0xe4 output\stm32f4xx_hal_tim_ex.o
                0x0801e184                HAL_TIMEx_PWMN_Start_IT
 .text.HAL_TIMEx_PWMN_Stop_IT
                0x0801e268      0x124 output\stm32f4xx_hal_tim_ex.o
                0x0801e268                HAL_TIMEx_PWMN_Stop_IT
 .text.HAL_TIMEx_PWMN_Start_DMA
                0x0801e38c      0x1dc output\stm32f4xx_hal_tim_ex.o
                0x0801e38c                HAL_TIMEx_PWMN_Start_DMA
 .text.HAL_TIMEx_PWMN_Stop_DMA
                0x0801e568      0x120 output\stm32f4xx_hal_tim_ex.o
                0x0801e568                HAL_TIMEx_PWMN_Stop_DMA
 .text.HAL_TIMEx_OnePulseN_Start
                0x0801e688       0x38 output\stm32f4xx_hal_tim_ex.o
                0x0801e688                HAL_TIMEx_OnePulseN_Start
 .text.HAL_TIMEx_OnePulseN_Stop
                0x0801e6c0       0x88 output\stm32f4xx_hal_tim_ex.o
                0x0801e6c0                HAL_TIMEx_OnePulseN_Stop
 .text.HAL_TIMEx_OnePulseN_Start_IT
                0x0801e748       0x58 output\stm32f4xx_hal_tim_ex.o
                0x0801e748                HAL_TIMEx_OnePulseN_Start_IT
 .text.HAL_TIMEx_OnePulseN_Stop_IT
                0x0801e7a0       0xa8 output\stm32f4xx_hal_tim_ex.o
                0x0801e7a0                HAL_TIMEx_OnePulseN_Stop_IT
 .text.HAL_TIMEx_ConfigCommutationEvent
                0x0801e848       0xa8 output\stm32f4xx_hal_tim_ex.o
                0x0801e848                HAL_TIMEx_ConfigCommutationEvent
 .text.HAL_TIMEx_ConfigCommutationEvent_IT
                0x0801e8f0       0xb8 output\stm32f4xx_hal_tim_ex.o
                0x0801e8f0                HAL_TIMEx_ConfigCommutationEvent_IT
 .text.HAL_TIMEx_ConfigCommutationEvent_DMA
                0x0801e9a8       0xd4 output\stm32f4xx_hal_tim_ex.o
                0x0801e9a8                HAL_TIMEx_ConfigCommutationEvent_DMA
 .text.HAL_TIMEx_MasterConfigSynchronization
                0x0801ea7c       0x98 output\stm32f4xx_hal_tim_ex.o
                0x0801ea7c                HAL_TIMEx_MasterConfigSynchronization
 .text.HAL_TIMEx_ConfigBreakDeadTime
                0x0801eb14       0x80 output\stm32f4xx_hal_tim_ex.o
                0x0801eb14                HAL_TIMEx_ConfigBreakDeadTime
 .text.HAL_TIMEx_RemapConfig
                0x0801eb94       0x50 output\stm32f4xx_hal_tim_ex.o
                0x0801eb94                HAL_TIMEx_RemapConfig
 .text.HAL_TIMEx_CommutationCallback
                0x0801ebe4       0x14 output\stm32f4xx_hal_tim_ex.o
                0x0801ebe4                HAL_TIMEx_CommutationCallback
 .text.HAL_TIMEx_BreakCallback
                0x0801ebf8       0x14 output\stm32f4xx_hal_tim_ex.o
                0x0801ebf8                HAL_TIMEx_BreakCallback
 .text.HAL_TIMEx_HallSensor_GetState
                0x0801ec0c       0x1c output\stm32f4xx_hal_tim_ex.o
                0x0801ec0c                HAL_TIMEx_HallSensor_GetState
 .text.HAL_TIMEx_DMACommutationCplt
                0x0801ec28       0x28 output\stm32f4xx_hal_tim_ex.o
                0x0801ec28                HAL_TIMEx_DMACommutationCplt
 .text.TIM_CCxNChannelCmd
                0x0801ec50       0x4c output\stm32f4xx_hal_tim_ex.o
 .text.HAL_UART_Init
                0x0801ec9c       0x98 output\stm32f4xx_hal_uart.o
                0x0801ec9c                HAL_UART_Init
 .text.HAL_HalfDuplex_Init
                0x0801ed34       0xa8 output\stm32f4xx_hal_uart.o
                0x0801ed34                HAL_HalfDuplex_Init
 .text.HAL_LIN_Init
                0x0801eddc       0xcc output\stm32f4xx_hal_uart.o
                0x0801eddc                HAL_LIN_Init
 .text.HAL_MultiProcessor_Init
                0x0801eea8       0xe0 output\stm32f4xx_hal_uart.o
                0x0801eea8                HAL_MultiProcessor_Init
 .text.HAL_UART_DeInit
                0x0801ef88       0x50 output\stm32f4xx_hal_uart.o
                0x0801ef88                HAL_UART_DeInit
 .text.HAL_UART_MspInit
                0x0801efd8       0x14 output\stm32f4xx_hal_uart.o
 .text.HAL_UART_MspDeInit
                0x0801efec       0x14 output\stm32f4xx_hal_uart.o
 .text.HAL_UART_Transmit
                0x0801f000      0x18c output\stm32f4xx_hal_uart.o
                0x0801f000                HAL_UART_Transmit
 .text.HAL_UART_Receive
                0x0801f18c      0x1ac output\stm32f4xx_hal_uart.o
                0x0801f18c                HAL_UART_Receive
 .text.HAL_UART_Transmit_IT
                0x0801f338       0xe4 output\stm32f4xx_hal_uart.o
                0x0801f338                HAL_UART_Transmit_IT
 .text.HAL_UART_Receive_IT
                0x0801f41c       0xe4 output\stm32f4xx_hal_uart.o
                0x0801f41c                HAL_UART_Receive_IT
 .text.HAL_UART_Transmit_DMA
                0x0801f500      0x10c output\stm32f4xx_hal_uart.o
                0x0801f500                HAL_UART_Transmit_DMA
 .text.HAL_UART_Receive_DMA
                0x0801f60c      0x104 output\stm32f4xx_hal_uart.o
                0x0801f60c                HAL_UART_Receive_DMA
 .text.HAL_UART_DMAPause
                0x0801f710       0xa4 output\stm32f4xx_hal_uart.o
                0x0801f710                HAL_UART_DMAPause
 .text.HAL_UART_DMAResume
                0x0801f7b4       0xbc output\stm32f4xx_hal_uart.o
                0x0801f7b4                HAL_UART_DMAResume
 .text.HAL_UART_DMAStop
                0x0801f870       0x64 output\stm32f4xx_hal_uart.o
                0x0801f870                HAL_UART_DMAStop
 .text.HAL_UART_IRQHandler
                0x0801f8d4      0x1d8 output\stm32f4xx_hal_uart.o
                0x0801f8d4                HAL_UART_IRQHandler
 .text.HAL_UART_TxCpltCallback
                0x0801faac       0x14 output\stm32f4xx_hal_uart.o
                0x0801faac                HAL_UART_TxCpltCallback
 .text.HAL_UART_TxHalfCpltCallback
                0x0801fac0       0x14 output\stm32f4xx_hal_uart.o
                0x0801fac0                HAL_UART_TxHalfCpltCallback
 .text.HAL_UART_RxCpltCallback
                0x0801fad4       0x14 output\stm32f4xx_hal_uart.o
                0x0801fad4                HAL_UART_RxCpltCallback
 .text.HAL_UART_RxHalfCpltCallback
                0x0801fae8       0x14 output\stm32f4xx_hal_uart.o
                0x0801fae8                HAL_UART_RxHalfCpltCallback
 .text.HAL_UART_ErrorCallback
                0x0801fafc       0x14 output\stm32f4xx_hal_uart.o
                0x0801fafc                HAL_UART_ErrorCallback
 .text.HAL_LIN_SendBreak
                0x0801fb10       0x60 output\stm32f4xx_hal_uart.o
                0x0801fb10                HAL_LIN_SendBreak
 .text.HAL_MultiProcessor_EnterMuteMode
                0x0801fb70       0x60 output\stm32f4xx_hal_uart.o
                0x0801fb70                HAL_MultiProcessor_EnterMuteMode
 .text.HAL_MultiProcessor_ExitMuteMode
                0x0801fbd0       0x60 output\stm32f4xx_hal_uart.o
                0x0801fbd0                HAL_MultiProcessor_ExitMuteMode
 .text.HAL_HalfDuplex_EnableTransmitter
                0x0801fc30       0x78 output\stm32f4xx_hal_uart.o
                0x0801fc30                HAL_HalfDuplex_EnableTransmitter
 .text.HAL_HalfDuplex_EnableReceiver
                0x0801fca8       0x78 output\stm32f4xx_hal_uart.o
                0x0801fca8                HAL_HalfDuplex_EnableReceiver
 .text.HAL_UART_GetState
                0x0801fd20       0x1c output\stm32f4xx_hal_uart.o
                0x0801fd20                HAL_UART_GetState
 .text.HAL_UART_GetError
                0x0801fd3c       0x1c output\stm32f4xx_hal_uart.o
                0x0801fd3c                HAL_UART_GetError
 .text.UART_DMATransmitCplt
                0x0801fd58       0x98 output\stm32f4xx_hal_uart.o
 .text.UART_DMATxHalfCplt
                0x0801fdf0       0x1c output\stm32f4xx_hal_uart.o
 .text.UART_DMAReceiveCplt
                0x0801fe0c       0x64 output\stm32f4xx_hal_uart.o
 .text.UART_DMARxHalfCplt
                0x0801fe70       0x1c output\stm32f4xx_hal_uart.o
 .text.UART_DMAError
                0x0801fe8c       0x4c output\stm32f4xx_hal_uart.o
 .text.UART_WaitOnFlagUntilTimeout
                0x0801fed8      0x148 output\stm32f4xx_hal_uart.o
 .text.UART_Transmit_IT
                0x08020020      0x124 output\stm32f4xx_hal_uart.o
 .text.UART_Receive_IT
                0x08020144      0x144 output\stm32f4xx_hal_uart.o
 .text.UART_SetConfig
                0x08020288      0x3ac output\stm32f4xx_hal_uart.o
 .text.EXTI1_IRQHandler
                0x08020634       0x18 output\stm32f4xx_it.o
                0x08020634                EXTI1_IRQHandler
 .text.EXTI2_IRQHandler
                0x0802064c       0x18 output\stm32f4xx_it.o
                0x0802064c                EXTI2_IRQHandler
 .text.EXTI3_IRQHandler
                0x08020664       0x18 output\stm32f4xx_it.o
                0x08020664                EXTI3_IRQHandler
 .text.EXTI0_IRQHandler
                0x0802067c       0x18 output\stm32f4xx_it.o
                0x0802067c                EXTI0_IRQHandler
 .text.SysTick_Handler
                0x08020694       0x10 output\stm32f4xx_it.o
                0x08020694                SysTick_Handler
 .text.TIM1_TRG_COM_TIM11_IRQHandler
                0x080206a4       0x1c output\stm32f4xx_it.o
                0x080206a4                TIM1_TRG_COM_TIM11_IRQHandler
 .text.TIM2_IRQHandler
                0x080206c0       0x1c output\stm32f4xx_it.o
                0x080206c0                TIM2_IRQHandler
 .text.I2C1_ER_IRQHandler
                0x080206dc       0x1c output\stm32f4xx_it.o
                0x080206dc                I2C1_ER_IRQHandler
 .text.EXTI4_IRQHandler
                0x080206f8       0x18 output\stm32f4xx_it.o
                0x080206f8                EXTI4_IRQHandler
 .text.TIM8_UP_TIM13_IRQHandler
                0x08020710       0x1c output\stm32f4xx_it.o
                0x08020710                TIM8_UP_TIM13_IRQHandler
 .text.TIM8_TRG_COM_TIM14_IRQHandler
                0x0802072c       0x1c output\stm32f4xx_it.o
                0x0802072c                TIM8_TRG_COM_TIM14_IRQHandler
 .text.ADC_IRQHandler
                0x08020748       0x1c output\stm32f4xx_it.o
                0x08020748                ADC_IRQHandler
 .text.TIM1_UP_TIM10_IRQHandler
                0x08020764       0x1c output\stm32f4xx_it.o
                0x08020764                TIM1_UP_TIM10_IRQHandler
 .text.TIM3_IRQHandler
                0x08020780       0x1c output\stm32f4xx_it.o
                0x08020780                TIM3_IRQHandler
 .text.EXTI9_5_IRQHandler
                0x0802079c       0x28 output\stm32f4xx_it.o
                0x0802079c                EXTI9_5_IRQHandler
 .text.USART1_IRQHandler
                0x080207c4       0x1c output\stm32f4xx_it.o
                0x080207c4                USART1_IRQHandler
 .text.TIM4_IRQHandler
                0x080207e0       0x1c output\stm32f4xx_it.o
                0x080207e0                TIM4_IRQHandler
 .text._sbrk    0x080207fc       0x18 output\syscalls.o
                0x080207fc                _sbrk
 .text.link     0x08020814       0x1c output\syscalls.o
                0x08020814                link
 .text._close   0x08020830       0x18 output\syscalls.o
                0x08020830                _close
 .text._fstat   0x08020848       0x24 output\syscalls.o
                0x08020848                _fstat
 .text._isatty  0x0802086c       0x18 output\syscalls.o
                0x0802086c                _isatty
 .text._lseek   0x08020884       0x1c output\syscalls.o
                0x08020884                _lseek
 .text._read    0x080208a0       0x1c output\syscalls.o
                0x080208a0                _read
 .text._write   0x080208bc       0x1c output\syscalls.o
                0x080208bc                _write
 .text._exit    0x080208d8        0xc output\syscalls.o
                0x080208d8                _exit
 .text._open    0x080208e4       0x1c output\syscalls.o
                0x080208e4                _open
 .text.SystemInit
                0x08020900       0xb0 output\system_stm32f4xx.o
                0x08020900                SystemInit
 .text.SystemCoreClockUpdate
                0x080209b0      0x170 output\system_stm32f4xx.o
                0x080209b0                SystemCoreClockUpdate
 *(.glue_7)
 .glue_7        0x00000000        0x0 linker stubs
 *(.glue_7t)
 .glue_7t       0x00000000        0x0 linker stubs
 *(.eh_frame)
 .eh_frame      0x08020b20        0x0 c:/program files (x86)/gnu tools arm embedded/4.7 2013q2/bin/../lib/gcc/arm-none-eabi/4.7.4/armv7e-m/fpu/crtbegin.o
 .eh_frame      0x08020b20        0x4 c:/program files (x86)/gnu tools arm embedded/4.7 2013q2/bin/../lib/gcc/arm-none-eabi/4.7.4/armv7e-m/fpu/crtend.o
 *(.init)
 .init          0x08020b24        0x4 c:/program files (x86)/gnu tools arm embedded/4.7 2013q2/bin/../lib/gcc/arm-none-eabi/4.7.4/armv7e-m/fpu/crti.o
                0x08020b24                _init
 .init          0x08020b28        0x8 c:/program files (x86)/gnu tools arm embedded/4.7 2013q2/bin/../lib/gcc/arm-none-eabi/4.7.4/armv7e-m/fpu/crtn.o
 *(.fini)
 .fini          0x08020b30        0x4 c:/program files (x86)/gnu tools arm embedded/4.7 2013q2/bin/../lib/gcc/arm-none-eabi/4.7.4/armv7e-m/fpu/crti.o
                0x08020b30                _fini
 .fini          0x08020b34        0x8 c:/program files (x86)/gnu tools arm embedded/4.7 2013q2/bin/../lib/gcc/arm-none-eabi/4.7.4/armv7e-m/fpu/crtn.o
                0x08020b3c                . = ALIGN (0x4)
                0x08020b3c                _etext = .

.vfp11_veneer   0x08020b3c        0x0
 .vfp11_veneer  0x00000000        0x0 linker stubs

.v4_bx          0x08020b3c        0x0
 .v4_bx         0x00000000        0x0 linker stubs

.iplt           0x08020b3c        0x0
 .iplt          0x00000000        0x0 c:/program files (x86)/gnu tools arm embedded/4.7 2013q2/bin/../lib/gcc/arm-none-eabi/4.7.4/armv7e-m/fpu/crtbegin.o

.rodata         0x08020b3c       0xe4
                0x08020b3c                . = ALIGN (0x4)
 *(.rodata)
 .rodata        0x08020b3c       0x20 output\analogue.o
 .rodata        0x08020b5c       0x30 output\imu.o
 .rodata        0x08020b8c       0x1c output\io.o
 .rodata        0x08020ba8       0x48 output\main.o
 .rodata        0x08020bf0       0x18 output\serial.o
 .rodata        0x08020c08       0x10 output\stm32f4xx_hal_rcc.o
                0x08020c08                APBAHBPrescTable
 *(.rodata*)
 .rodata.str1.4
                0x08020c18        0x4 c:/program files (x86)/gnu tools arm embedded/4.7 2013q2/bin/../lib/gcc/arm-none-eabi/4.7.4/../../../../arm-none-eabi/lib/armv7e-m/fpu\libc.a(lib_a-impure.o)
 .rodata._global_impure_ptr
                0x08020c1c        0x4 c:/program files (x86)/gnu tools arm embedded/4.7 2013q2/bin/../lib/gcc/arm-none-eabi/4.7.4/../../../../arm-none-eabi/lib/armv7e-m/fpu\libc.a(lib_a-impure.o)
                0x08020c1c                _global_impure_ptr
                0x08020c20                . = ALIGN (0x4)

.ARM.extab      0x08020c20        0x0
 *(.ARM.extab* .gnu.linkonce.armextab.*)
 .ARM.extab     0x08020c20        0x0 c:/program files (x86)/gnu tools arm embedded/4.7 2013q2/bin/../lib/gcc/arm-none-eabi/4.7.4/../../../../arm-none-eabi/lib/armv7e-m/fpu/crt0.o

.ARM            0x08020c20        0x8
                0x08020c20                __exidx_start = .
 *(.ARM.exidx*)
 .ARM.exidx     0x08020c20        0x8 c:/program files (x86)/gnu tools arm embedded/4.7 2013q2/bin/../lib/gcc/arm-none-eabi/4.7.4/../../../../arm-none-eabi/lib/armv7e-m/fpu/crt0.o
                0x08020c28                __exidx_end = .

.rel.dyn        0x08020c28        0x0
 .rel.iplt      0x00000000        0x0 c:/program files (x86)/gnu tools arm embedded/4.7 2013q2/bin/../lib/gcc/arm-none-eabi/4.7.4/armv7e-m/fpu/crtbegin.o

.preinit_array  0x08020c28        0x0
                0x08020c28                PROVIDE (__preinit_array_start, .)
 *(.preinit_array*)
                0x08020c28                PROVIDE (__preinit_array_end, .)

.init_array     0x08020c28        0x8
                0x08020c28                PROVIDE (__init_array_start, .)
 *(SORT(.init_array.*))
 .init_array.00000
                0x08020c28        0x4 c:/program files (x86)/gnu tools arm embedded/4.7 2013q2/bin/../lib/gcc/arm-none-eabi/4.7.4/../../../../arm-none-eabi/lib/armv7e-m/fpu\libc.a(lib_a-__call_atexit.o)
 *(.init_array*)
 .init_array    0x08020c2c        0x4 c:/program files (x86)/gnu tools arm embedded/4.7 2013q2/bin/../lib/gcc/arm-none-eabi/4.7.4/armv7e-m/fpu/crtbegin.o
                0x08020c30                PROVIDE (__init_array_end, .)

.fini_array     0x08020c30        0x4
                0x08020c30                PROVIDE (__fini_array_start, .)
 *(SORT(.fini_array.*))
 *(.fini_array*)
 .fini_array    0x08020c30        0x4 c:/program files (x86)/gnu tools arm embedded/4.7 2013q2/bin/../lib/gcc/arm-none-eabi/4.7.4/armv7e-m/fpu/crtbegin.o
                0x08020c34                PROVIDE (__fini_array_end, .)
                0x08020c34                _sidata = LOADADDR (.data)

.data           0x20000000     0x44fc load address 0x08020c34
                0x20000000                . = ALIGN (0x4)
                0x20000000                _sdata = .
 *(.data)
 .data          0x20000000        0x0 c:/program files (x86)/gnu tools arm embedded/4.7 2013q2/bin/../lib/gcc/arm-none-eabi/4.7.4/armv7e-m/fpu/crti.o
 .data          0x20000000        0x4 c:/program files (x86)/gnu tools arm embedded/4.7 2013q2/bin/../lib/gcc/arm-none-eabi/4.7.4/armv7e-m/fpu/crtbegin.o
                0x20000000                __dso_handle
 .data          0x20000004        0x0 c:/program files (x86)/gnu tools arm embedded/4.7 2013q2/bin/../lib/gcc/arm-none-eabi/4.7.4/../../../../arm-none-eabi/lib/armv7e-m/fpu/crt0.o
 .data          0x20000004        0x0 c:/program files (x86)/gnu tools arm embedded/4.7 2013q2/bin/../lib/gcc/arm-none-eabi/4.7.4/../../../../arm-none-eabi/lib/armv7e-m/fpu\libc.a(lib_a-__atexit.o)
 .data          0x20000004        0x0 c:/program files (x86)/gnu tools arm embedded/4.7 2013q2/bin/../lib/gcc/arm-none-eabi/4.7.4/../../../../arm-none-eabi/lib/armv7e-m/fpu\libc.a(lib_a-exit.o)
 .data          0x20000004        0x0 c:/program files (x86)/gnu tools arm embedded/4.7 2013q2/bin/../lib/gcc/arm-none-eabi/4.7.4/../../../../arm-none-eabi/lib/armv7e-m/fpu\libc.a(lib_a-fini.o)
 .data          0x20000004        0x0 c:/program files (x86)/gnu tools arm embedded/4.7 2013q2/bin/../lib/gcc/arm-none-eabi/4.7.4/../../../../arm-none-eabi/lib/armv7e-m/fpu\libc.a(lib_a-impure.o)
 .data          0x20000004        0x0 c:/program files (x86)/gnu tools arm embedded/4.7 2013q2/bin/../lib/gcc/arm-none-eabi/4.7.4/../../../../arm-none-eabi/lib/armv7e-m/fpu\libc.a(lib_a-init.o)
 .data          0x20000004        0x0 c:/program files (x86)/gnu tools arm embedded/4.7 2013q2/bin/../lib/gcc/arm-none-eabi/4.7.4/../../../../arm-none-eabi/lib/armv7e-m/fpu\libc.a(lib_a-memset.o)
 .data          0x20000004        0x0 c:/program files (x86)/gnu tools arm embedded/4.7 2013q2/bin/../lib/gcc/arm-none-eabi/4.7.4/../../../../arm-none-eabi/lib/armv7e-m/fpu\libc.a(lib_a-__call_atexit.o)
 .data          0x20000004        0x0 c:/program files (x86)/gnu tools arm embedded/4.7 2013q2/bin/../lib/gcc/arm-none-eabi/4.7.4/../../../../arm-none-eabi/lib/armv7e-m/fpu\libc.a(lib_a-atexit.o)
 .data          0x20000004        0x0 output\analogue.o
 .data          0x20000004        0x0 output\fuzzyController.o
 *fill*         0x20000004        0x4 00
 .data          0x20000008     0x40a8 output\fuzzyController_data.o
                0x20000008                fuzzyController_P
 .data          0x200040b0        0x8 output\imu.o
                0x200040b0                accelConvFactor
                0x200040b4                gyroConvFactor
 .data          0x200040b8        0x0 output\io.o
 .data          0x200040b8        0x0 output\main.o
 .data          0x200040b8        0x0 output\serial.o
 .data          0x200040b8        0x0 output\startup_stm32f405xx.o
 .data          0x200040b8        0x0 output\stm32f4xx_hal.o
 .data          0x200040b8        0x0 output\stm32f4xx_hal_adc.o
 .data          0x200040b8        0x0 output\stm32f4xx_hal_adc_ex.o
 .data          0x200040b8        0x0 output\stm32f4xx_hal_cortex.o
 .data          0x200040b8        0x0 output\stm32f4xx_hal_dma.o
 .data          0x200040b8        0x0 output\stm32f4xx_hal_dma_ex.o
 .data          0x200040b8        0x0 output\stm32f4xx_hal_flash.o
 .data          0x200040b8        0x0 output\stm32f4xx_hal_flash_ex.o
 .data          0x200040b8        0x0 output\stm32f4xx_hal_flash_ramfunc.o
 .data          0x200040b8        0x0 output\stm32f4xx_hal_gpio.o
 .data          0x200040b8        0x0 output\stm32f4xx_hal_i2c.o
 .data          0x200040b8        0x0 output\stm32f4xx_hal_i2c_ex.o
 .data          0x200040b8        0x0 output\stm32f4xx_hal_iwdg.o
 .data          0x200040b8        0x0 output\stm32f4xx_hal_msp.o
 .data          0x200040b8        0x0 output\stm32f4xx_hal_pwr.o
 .data          0x200040b8        0x0 output\stm32f4xx_hal_pwr_ex.o
 .data          0x200040b8        0x0 output\stm32f4xx_hal_rcc.o
 .data          0x200040b8        0x0 output\stm32f4xx_hal_rcc_ex.o
 .data          0x200040b8        0x0 output\stm32f4xx_hal_tim.o
 .data          0x200040b8        0x0 output\stm32f4xx_hal_tim_ex.o
 .data          0x200040b8        0x0 output\stm32f4xx_hal_uart.o
 .data          0x200040b8        0x0 output\stm32f4xx_it.o
 .data          0x200040b8        0x0 output\syscalls.o
 .data          0x200040b8       0x14 output\system_stm32f4xx.o
                0x200040b8                SystemCoreClock
                0x200040bc                AHBPrescTable
 .data          0x200040cc        0x0 c:/program files (x86)/gnu tools arm embedded/4.7 2013q2/bin/../lib/gcc/arm-none-eabi/4.7.4/armv7e-m/fpu\libgcc.a(_arm_addsubdf3.o)
 .data          0x200040cc        0x0 c:/program files (x86)/gnu tools arm embedded/4.7 2013q2/bin/../lib/gcc/arm-none-eabi/4.7.4/armv7e-m/fpu\libgcc.a(_arm_muldivdf3.o)
 .data          0x200040cc        0x0 c:/program files (x86)/gnu tools arm embedded/4.7 2013q2/bin/../lib/gcc/arm-none-eabi/4.7.4/armv7e-m/fpu\libgcc.a(_arm_cmpdf2.o)
 .data          0x200040cc        0x0 c:/program files (x86)/gnu tools arm embedded/4.7 2013q2/bin/../lib/gcc/arm-none-eabi/4.7.4/armv7e-m/fpu\libgcc.a(_arm_fixunsdfsi.o)
 .data          0x200040cc        0x0 c:/program files (x86)/gnu tools arm embedded/4.7 2013q2/bin/../lib/gcc/arm-none-eabi/4.7.4/armv7e-m/fpu\libgcc.a(_arm_truncdfsf2.o)
 .data          0x200040cc        0x0 c:/program files (x86)/gnu tools arm embedded/4.7 2013q2/bin/../lib/gcc/arm-none-eabi/4.7.4/armv7e-m/fpu/crtend.o
 .data          0x200040cc        0x0 c:/program files (x86)/gnu tools arm embedded/4.7 2013q2/bin/../lib/gcc/arm-none-eabi/4.7.4/armv7e-m/fpu/crtn.o