Archive member included because of file (symbol)

c:/program files (x86)/gnu tools arm embedded/4.7 2013q2/bin/../lib/gcc/arm-none-eabi/4.7.4/armv7e-m\libgcc.a(_arm_addsubdf3.o)
                              output\inputs.o (__aeabi_dsub)
c:/program files (x86)/gnu tools arm embedded/4.7 2013q2/bin/../lib/gcc/arm-none-eabi/4.7.4/armv7e-m\libgcc.a(_arm_muldivdf3.o)
                              output\Differential.o (__aeabi_dmul)
c:/program files (x86)/gnu tools arm embedded/4.7 2013q2/bin/../lib/gcc/arm-none-eabi/4.7.4/armv7e-m\libgcc.a(_arm_cmpdf2.o)
                              output\outputs.o (__aeabi_dcmplt)
c:/program files (x86)/gnu tools arm embedded/4.7 2013q2/bin/../lib/gcc/arm-none-eabi/4.7.4/armv7e-m\libgcc.a(_arm_fixunsdfsi.o)
                              output\outputs.o (__aeabi_d2uiz)
c:/program files (x86)/gnu tools arm embedded/4.7 2013q2/bin/../lib/gcc/arm-none-eabi/4.7.4/armv7e-m\libgcc.a(_arm_truncdfsf2.o)
                              output\imu.o (__aeabi_d2f)
c:/program files (x86)/gnu tools arm embedded/4.7 2013q2/bin/../lib/gcc/arm-none-eabi/4.7.4/armv7e-m\libgcc.a(_arm_addsubsf3.o)
                              output\imu.o (__aeabi_i2f)
c:/program files (x86)/gnu tools arm embedded/4.7 2013q2/bin/../lib/gcc/arm-none-eabi/4.7.4/armv7e-m\libgcc.a(_arm_muldivsf3.o)
                              output\imu.o (__aeabi_fdiv)
c:/program files (x86)/gnu tools arm embedded/4.7 2013q2/bin/../lib/gcc/arm-none-eabi/4.7.4/../../../../arm-none-eabi/lib/armv7e-m\libg.a(lib_a-memset.o)
                              output\Differential.o (memset)

Allocating common symbols
Common symbol       size              file

Differential_Y      0x20              output\Differential.o
rawIMU              0xe               output\imu.o
ADC_InitStructure   0x18              output\analogue.o
I2C_InitStructure   0x10              output\imu.o
rawADC              0x8               output\analogue.o
TIM_InitStructure   0xc               output\inputs.o
GPIO_InitStructure  0x8               output\analogue.o
USART_InitStructure
                    0x10              output\serial.o
Differential_M_     0x4               output\Differential.o
Differential_U      0x30              output\Differential.o
NVIC_InitStructure  0x4               output\analogue.o
EXTI_InitStructure  0x8               output\inputs.o
DMA_InitStructure   0x3c              output\analogue.o
ADC_CommonInitStructure
                    0x10              output\analogue.o
received_string     0x64              output\serial.o

Discarded input sections

 .text          0x00000000        0x0 output\analogue.o
 .data          0x00000000        0x0 output\analogue.o
 .text          0x00000000        0x0 output\Differential.o
 .data          0x00000000        0x0 output\Differential.o
 .bss           0x00000000        0x0 output\Differential.o
 .text          0x00000000        0x0 output\Differential_data.o
 .bss           0x00000000        0x0 output\Differential_data.o
 .text          0x00000000        0x0 output\imu.o
 .text.IMUReadBytes
                0x00000000      0x184 output\imu.o
 .text.IMUGetMotion
                0x00000000      0x278 output\imu.o
 .text          0x00000000        0x0 output\inputs.o
 .data          0x00000000        0x0 output\inputs.o
 .text          0x00000000        0x0 output\main.o
 .data          0x00000000        0x0 output\main.o
 .bss           0x00000000        0x0 output\main.o
 .text          0x00000000        0x0 output\misc.o
 .data          0x00000000        0x0 output\misc.o
 .bss           0x00000000        0x0 output\misc.o
 .text.NVIC_PriorityGroupConfig
                0x00000000       0x28 output\misc.o
 .text.NVIC_SetVectorTable
                0x00000000       0x2c output\misc.o
 .text.NVIC_SystemLPConfig
                0x00000000       0x54 output\misc.o
 .text.SysTick_CLKSourceConfig
                0x00000000       0x4c output\misc.o
 .text          0x00000000        0x0 output\outputs.o
 .data          0x00000000        0x0 output\outputs.o
 .text.safeMode
                0x00000000       0x70 output\outputs.o
 .text          0x00000000        0x0 output\serial.o
 .data          0x00000000        0x1 output\serial.o
 .bss           0x00000000        0x8 output\serial.o
 .text.USARTSendString
                0x00000000       0x78 output\serial.o
 .text          0x00000000        0x0 output\startup_stm32f4xx.o
 .data          0x00000000        0x0 output\startup_stm32f4xx.o
 .bss           0x00000000        0x0 output\startup_stm32f4xx.o
 .text          0x00000000        0x0 output\stm32f4xx_adc.o
 .data          0x00000000        0x0 output\stm32f4xx_adc.o
 .bss           0x00000000        0x0 output\stm32f4xx_adc.o
 .text.ADC_AnalogWatchdogCmd
                0x00000000       0x3c output\stm32f4xx_adc.o
 .text.ADC_AnalogWatchdogThresholdsConfig
                0x00000000       0x28 output\stm32f4xx_adc.o
 .text.ADC_AnalogWatchdogSingleChannelConfig
                0x00000000       0x38 output\stm32f4xx_adc.o
 .text.ADC_TempSensorVrefintCmd
                0x00000000       0x4c output\stm32f4xx_adc.o
 .text.ADC_VBATCmd
                0x00000000       0x4c output\stm32f4xx_adc.o
 .text.ADC_GetSoftwareStartConvStatus
                0x00000000       0x38 output\stm32f4xx_adc.o
 .text.ADC_EOCOnEachRegularChannelCmd
                0x00000000       0x38 output\stm32f4xx_adc.o
 .text.ADC_ContinuousModeCmd
                0x00000000       0x38 output\stm32f4xx_adc.o
 .text.ADC_DiscModeChannelCountConfig
                0x00000000       0x4c output\stm32f4xx_adc.o
 .text.ADC_DiscModeCmd
                0x00000000       0x38 output\stm32f4xx_adc.o
 .text.ADC_GetConversionValue
                0x00000000       0x1c output\stm32f4xx_adc.o
 .text.ADC_GetMultiModeConversionValue
                0x00000000       0x18 output\stm32f4xx_adc.o
 .text.ADC_MultiModeDMARequestAfterLastTransferCmd
                0x00000000       0x4c output\stm32f4xx_adc.o
 .text.ADC_InjectedChannelConfig
                0x00000000      0x144 output\stm32f4xx_adc.o
 .text.ADC_InjectedSequencerLengthConfig
                0x00000000       0x4c output\stm32f4xx_adc.o
 .text.ADC_SetInjectedOffset
                0x00000000       0x34 output\stm32f4xx_adc.o
 .text.ADC_ExternalTrigInjectedConvConfig
                0x00000000       0x38 output\stm32f4xx_adc.o
 .text.ADC_ExternalTrigInjectedConvEdgeConfig
                0x00000000       0x38 output\stm32f4xx_adc.o
 .text.ADC_SoftwareStartInjectedConv
                0x00000000       0x20 output\stm32f4xx_adc.o
 .text.ADC_GetSoftwareStartInjectedConvCmdStatus
                0x00000000       0x38 output\stm32f4xx_adc.o
 .text.ADC_AutoInjectedConvCmd
                0x00000000       0x38 output\stm32f4xx_adc.o
 .text.ADC_InjectedDiscModeCmd
                0x00000000       0x38 output\stm32f4xx_adc.o
 .text.ADC_GetInjectedConversionValue
                0x00000000       0x34 output\stm32f4xx_adc.o
 .text.ADC_ITConfig
                0x00000000       0x58 output\stm32f4xx_adc.o
 .text.ADC_GetFlagStatus
                0x00000000       0x3c output\stm32f4xx_adc.o
 .text.ADC_ClearFlag
                0x00000000       0x20 output\stm32f4xx_adc.o
 .text.ADC_GetITStatus
                0x00000000       0x6c output\stm32f4xx_adc.o
 .text.ADC_ClearITPendingBit
                0x00000000       0x30 output\stm32f4xx_adc.o
 .text          0x00000000        0x0 output\stm32f4xx_dma.o
 .data          0x00000000        0x0 output\stm32f4xx_dma.o
 .bss           0x00000000        0x0 output\stm32f4xx_dma.o
 .text.DMA_PeriphIncOffsetSizeConfig
                0x00000000       0x34 output\stm32f4xx_dma.o
 .text.DMA_FlowControllerConfig
                0x00000000       0x34 output\stm32f4xx_dma.o
 .text.DMA_SetCurrDataCounter
                0x00000000       0x1c output\stm32f4xx_dma.o
 .text.DMA_GetCurrDataCounter
                0x00000000       0x1c output\stm32f4xx_dma.o
 .text.DMA_DoubleBufferModeConfig
                0x00000000       0x3c output\stm32f4xx_dma.o
 .text.DMA_DoubleBufferModeCmd
                0x00000000       0x38 output\stm32f4xx_dma.o
 .text.DMA_MemoryTargetConfig
                0x00000000       0x2c output\stm32f4xx_dma.o
 .text.DMA_GetCurrentMemoryTarget
                0x00000000       0x38 output\stm32f4xx_dma.o
 .text.DMA_GetCmdStatus
                0x00000000       0x38 output\stm32f4xx_dma.o
 .text.DMA_GetFIFOStatus
                0x00000000       0x28 output\stm32f4xx_dma.o
 .text.DMA_GetFlagStatus
                0x00000000       0x84 output\stm32f4xx_dma.o
 .text.DMA_ClearFlag
                0x00000000       0x60 output\stm32f4xx_dma.o
 .text          0x00000000        0x0 output\stm32f4xx_exti.o
 .data          0x00000000        0x0 output\stm32f4xx_exti.o
 .bss           0x00000000        0x0 output\stm32f4xx_exti.o
 .text.EXTI_DeInit
                0x00000000       0x54 output\stm32f4xx_exti.o
 .text.EXTI_StructInit
                0x00000000       0x34 output\stm32f4xx_exti.o
 .text.EXTI_GenerateSWInterrupt
                0x00000000       0x2c output\stm32f4xx_exti.o
 .text.EXTI_GetFlagStatus
                0x00000000       0x3c output\stm32f4xx_exti.o
 .text.EXTI_ClearFlag
                0x00000000       0x20 output\stm32f4xx_exti.o
 .text          0x00000000        0x0 output\stm32f4xx_gpio.o
 .data          0x00000000        0x0 output\stm32f4xx_gpio.o
 .bss           0x00000000        0x0 output\stm32f4xx_gpio.o
 .text.GPIO_DeInit
                0x00000000      0x1c8 output\stm32f4xx_gpio.o
 .text.GPIO_PinLockConfig
                0x00000000       0x44 output\stm32f4xx_gpio.o
 .text.GPIO_ReadInputData
                0x00000000       0x1c output\stm32f4xx_gpio.o
 .text.GPIO_ReadOutputDataBit
                0x00000000       0x3c output\stm32f4xx_gpio.o
 .text.GPIO_ReadOutputData
                0x00000000       0x1c output\stm32f4xx_gpio.o
 .text.GPIO_WriteBit
                0x00000000       0x30 output\stm32f4xx_gpio.o
 .text.GPIO_Write
                0x00000000       0x1c output\stm32f4xx_gpio.o
 .text.GPIO_ToggleBits
                0x00000000       0x24 output\stm32f4xx_gpio.o
 .text          0x00000000        0x0 output\stm32f4xx_i2c.o
 .data          0x00000000        0x0 output\stm32f4xx_i2c.o
 .bss           0x00000000        0x0 output\stm32f4xx_i2c.o
 .text.I2C_DeInit
                0x00000000       0x88 output\stm32f4xx_i2c.o
 .text.I2C_StructInit
                0x00000000       0x44 output\stm32f4xx_i2c.o
 .text.I2C_AnalogFilterCmd
                0x00000000       0x40 output\stm32f4xx_i2c.o
 .text.I2C_DigitalFilterConfig
                0x00000000       0x40 output\stm32f4xx_i2c.o
 .text.I2C_AcknowledgeConfig
                0x00000000       0x40 output\stm32f4xx_i2c.o
 .text.I2C_OwnAddress2Config
                0x00000000       0x44 output\stm32f4xx_i2c.o
 .text.I2C_DualAddressCmd
                0x00000000       0x40 output\stm32f4xx_i2c.o
 .text.I2C_GeneralCallCmd
                0x00000000       0x40 output\stm32f4xx_i2c.o
 .text.I2C_SoftwareResetCmd
                0x00000000       0x48 output\stm32f4xx_i2c.o
 .text.I2C_StretchClockCmd
                0x00000000       0x40 output\stm32f4xx_i2c.o
 .text.I2C_FastModeDutyCycleConfig
                0x00000000       0x40 output\stm32f4xx_i2c.o
 .text.I2C_NACKPositionConfig
                0x00000000       0x40 output\stm32f4xx_i2c.o
 .text.I2C_SMBusAlertConfig
                0x00000000       0x40 output\stm32f4xx_i2c.o
 .text.I2C_ARPCmd
                0x00000000       0x40 output\stm32f4xx_i2c.o
 .text.I2C_ReceiveData
                0x00000000       0x1c output\stm32f4xx_i2c.o
 .text.I2C_TransmitPEC
                0x00000000       0x40 output\stm32f4xx_i2c.o
 .text.I2C_PECPositionConfig
                0x00000000       0x40 output\stm32f4xx_i2c.o
 .text.I2C_CalculatePEC
                0x00000000       0x40 output\stm32f4xx_i2c.o
 .text.I2C_GetPEC
                0x00000000       0x24 output\stm32f4xx_i2c.o
 .text.I2C_DMACmd
                0x00000000       0x40 output\stm32f4xx_i2c.o
 .text.I2C_DMALastTransferCmd
                0x00000000       0x40 output\stm32f4xx_i2c.o
 .text.I2C_ReadRegister
                0x00000000       0x30 output\stm32f4xx_i2c.o
 .text.I2C_ITConfig
                0x00000000       0x48 output\stm32f4xx_i2c.o
 .text.I2C_GetLastEvent
                0x00000000       0x4c output\stm32f4xx_i2c.o
 .text.I2C_GetFlagStatus
                0x00000000       0x78 output\stm32f4xx_i2c.o
 .text.I2C_ClearFlag
                0x00000000       0x30 output\stm32f4xx_i2c.o
 .text.I2C_GetITStatus
                0x00000000       0x64 output\stm32f4xx_i2c.o
 .text.I2C_ClearITPendingBit
                0x00000000       0x30 output\stm32f4xx_i2c.o
 .text          0x00000000        0x0 output\stm32f4xx_iwdg.o
 .data          0x00000000        0x0 output\stm32f4xx_iwdg.o
 .bss           0x00000000        0x0 output\stm32f4xx_iwdg.o
 .text.IWDG_GetFlagStatus
                0x00000000       0x40 output\stm32f4xx_iwdg.o
 .text          0x00000000        0x0 output\stm32f4xx_rcc.o
 .bss           0x00000000        0x0 output\stm32f4xx_rcc.o
 .text.RCC_DeInit
                0x00000000       0xbc output\stm32f4xx_rcc.o
 .text.RCC_HSEConfig
                0x00000000       0x30 output\stm32f4xx_rcc.o
 .text.RCC_WaitForHSEStartUp
                0x00000000       0x64 output\stm32f4xx_rcc.o
 .text.RCC_AdjustHSICalibrationValue
                0x00000000       0x48 output\stm32f4xx_rcc.o
 .text.RCC_HSICmd
                0x00000000       0x20 output\stm32f4xx_rcc.o
 .text.RCC_LSEConfig
                0x00000000       0x60 output\stm32f4xx_rcc.o
 .text.RCC_LSICmd
                0x00000000       0x20 output\stm32f4xx_rcc.o
 .text.RCC_PLLConfig
                0x00000000       0x48 output\stm32f4xx_rcc.o
 .text.RCC_PLLCmd
                0x00000000       0x20 output\stm32f4xx_rcc.o
 .text.RCC_PLLI2SConfig
                0x00000000       0x30 output\stm32f4xx_rcc.o
 .text.RCC_PLLI2SCmd
                0x00000000       0x20 output\stm32f4xx_rcc.o
 .text.RCC_PLLSAIConfig
                0x00000000       0x38 output\stm32f4xx_rcc.o
 .text.RCC_PLLSAICmd
                0x00000000       0x20 output\stm32f4xx_rcc.o
 .text.RCC_ClockSecuritySystemCmd
                0x00000000       0x20 output\stm32f4xx_rcc.o
 .text.RCC_MCO1Config
                0x00000000       0x48 output\stm32f4xx_rcc.o
 .text.RCC_MCO2Config
                0x00000000       0x48 output\stm32f4xx_rcc.o
 .text.RCC_SYSCLKConfig
                0x00000000       0x40 output\stm32f4xx_rcc.o
 .text.RCC_GetSYSCLKSource
                0x00000000       0x20 output\stm32f4xx_rcc.o
 .text.RCC_HCLKConfig
                0x00000000       0x40 output\stm32f4xx_rcc.o
 .text.RCC_PCLK1Config
                0x00000000       0x40 output\stm32f4xx_rcc.o
 .text.RCC_PCLK2Config
                0x00000000       0x44 output\stm32f4xx_rcc.o
 .text.RCC_RTCCLKConfig
                0x00000000       0x74 output\stm32f4xx_rcc.o
 .text.RCC_RTCCLKCmd
                0x00000000       0x20 output\stm32f4xx_rcc.o
 .text.RCC_BackupResetCmd
                0x00000000       0x20 output\stm32f4xx_rcc.o
 .text.RCC_I2SCLKConfig
                0x00000000       0x20 output\stm32f4xx_rcc.o
 .text.RCC_SAIPLLI2SClkDivConfig
                0x00000000       0x48 output\stm32f4xx_rcc.o
 .text.RCC_SAIPLLSAIClkDivConfig
                0x00000000       0x4c output\stm32f4xx_rcc.o
 .text.RCC_SAIBlockACLKConfig
                0x00000000       0x44 output\stm32f4xx_rcc.o
 .text.RCC_SAIBlockBCLKConfig
                0x00000000       0x44 output\stm32f4xx_rcc.o
 .text.RCC_LTDCCLKDivConfig
                0x00000000       0x44 output\stm32f4xx_rcc.o
 .text.RCC_TIMCLKPresConfig
                0x00000000       0x20 output\stm32f4xx_rcc.o
 .text.RCC_AHB2PeriphClockCmd
                0x00000000       0x54 output\stm32f4xx_rcc.o
 .text.RCC_AHB3PeriphClockCmd
                0x00000000       0x54 output\stm32f4xx_rcc.o
 .text.RCC_AHB1PeriphResetCmd
                0x00000000       0x54 output\stm32f4xx_rcc.o
 .text.RCC_AHB2PeriphResetCmd
                0x00000000       0x54 output\stm32f4xx_rcc.o
 .text.RCC_AHB3PeriphResetCmd
                0x00000000       0x54 output\stm32f4xx_rcc.o
 .text.RCC_APB1PeriphResetCmd
                0x00000000       0x54 output\stm32f4xx_rcc.o
 .text.RCC_AHB1PeriphClockLPModeCmd
                0x00000000       0x54 output\stm32f4xx_rcc.o
 .text.RCC_AHB2PeriphClockLPModeCmd
                0x00000000       0x54 output\stm32f4xx_rcc.o
 .text.RCC_AHB3PeriphClockLPModeCmd
                0x00000000       0x54 output\stm32f4xx_rcc.o
 .text.RCC_APB1PeriphClockLPModeCmd
                0x00000000       0x54 output\stm32f4xx_rcc.o
 .text.RCC_APB2PeriphClockLPModeCmd
                0x00000000       0x54 output\stm32f4xx_rcc.o
 .text.RCC_ITConfig
                0x00000000       0x60 output\stm32f4xx_rcc.o
 .text.RCC_GetFlagStatus
                0x00000000       0x90 output\stm32f4xx_rcc.o
 .text.RCC_ClearFlag
                0x00000000       0x24 output\stm32f4xx_rcc.o
 .text.RCC_GetITStatus
                0x00000000       0x40 output\stm32f4xx_rcc.o
 .text.RCC_ClearITPendingBit
                0x00000000       0x20 output\stm32f4xx_rcc.o
 .text          0x00000000        0x0 output\stm32f4xx_syscfg.o
 .data          0x00000000        0x0 output\stm32f4xx_syscfg.o
 .bss           0x00000000        0x0 output\stm32f4xx_syscfg.o
 .text.SYSCFG_DeInit
                0x00000000       0x20 output\stm32f4xx_syscfg.o
 .text.SYSCFG_MemoryRemapConfig
                0x00000000       0x20 output\stm32f4xx_syscfg.o
 .text.SYSCFG_MemorySwappingBank
                0x00000000       0x20 output\stm32f4xx_syscfg.o
 .text.SYSCFG_ETH_MediaInterfaceConfig
                0x00000000       0x20 output\stm32f4xx_syscfg.o
 .text.SYSCFG_CompensationCellCmd
                0x00000000       0x20 output\stm32f4xx_syscfg.o
 .text.SYSCFG_GetCompensationCellStatus
                0x00000000       0x3c output\stm32f4xx_syscfg.o
 .text          0x00000000        0x0 output\stm32f4xx_tim.o
 .data          0x00000000        0x0 output\stm32f4xx_tim.o
 .bss           0x00000000        0x0 output\stm32f4xx_tim.o
 .text.TIM_DeInit
                0x00000000      0x238 output\stm32f4xx_tim.o
 .text.TIM_TimeBaseStructInit
                0x00000000       0x3c output\stm32f4xx_tim.o
 .text.TIM_PrescalerConfig
                0x00000000       0x28 output\stm32f4xx_tim.o
 .text.TIM_CounterModeConfig
                0x00000000       0x38 output\stm32f4xx_tim.o
 .text.TIM_GetPrescaler
                0x00000000       0x1c output\stm32f4xx_tim.o
 .text.TIM_UpdateDisableConfig
                0x00000000       0x40 output\stm32f4xx_tim.o
 .text.TIM_UpdateRequestConfig
                0x00000000       0x40 output\stm32f4xx_tim.o
 .text.TIM_ARRPreloadConfig
                0x00000000       0x40 output\stm32f4xx_tim.o
 .text.TIM_SelectOnePulseMode
                0x00000000       0x38 output\stm32f4xx_tim.o
 .text.TIM_SetClockDivision
                0x00000000       0x38 output\stm32f4xx_tim.o
 .text.TIM_OC1Init
                0x00000000       0xfc output\stm32f4xx_tim.o
 .text.TIM_OC2Init
                0x00000000      0x128 output\stm32f4xx_tim.o
 .text.TIM_OC3Init
                0x00000000      0x120 output\stm32f4xx_tim.o
 .text.TIM_OC4Init
                0x00000000       0xe0 output\stm32f4xx_tim.o
 .text.TIM_OCStructInit
                0x00000000       0x54 output\stm32f4xx_tim.o
 .text.TIM_SelectOCxM
                0x00000000       0xc0 output\stm32f4xx_tim.o
 .text.TIM_SetCompare1
                0x00000000       0x1c output\stm32f4xx_tim.o
 .text.TIM_SetCompare2
                0x00000000       0x1c output\stm32f4xx_tim.o
 .text.TIM_SetCompare3
                0x00000000       0x1c output\stm32f4xx_tim.o
 .text.TIM_SetCompare4
                0x00000000       0x1c output\stm32f4xx_tim.o
 .text.TIM_ForcedOC1Config
                0x00000000       0x38 output\stm32f4xx_tim.o
 .text.TIM_ForcedOC2Config
                0x00000000       0x40 output\stm32f4xx_tim.o
 .text.TIM_ForcedOC3Config
                0x00000000       0x38 output\stm32f4xx_tim.o
 .text.TIM_ForcedOC4Config
                0x00000000       0x40 output\stm32f4xx_tim.o
 .text.TIM_OC1PreloadConfig
                0x00000000       0x38 output\stm32f4xx_tim.o
 .text.TIM_OC2PreloadConfig
                0x00000000       0x40 output\stm32f4xx_tim.o
 .text.TIM_OC3PreloadConfig
                0x00000000       0x38 output\stm32f4xx_tim.o
 .text.TIM_OC4PreloadConfig
                0x00000000       0x40 output\stm32f4xx_tim.o
 .text.TIM_OC1FastConfig
                0x00000000       0x38 output\stm32f4xx_tim.o
 .text.TIM_OC2FastConfig
                0x00000000       0x40 output\stm32f4xx_tim.o
 .text.TIM_OC3FastConfig
                0x00000000       0x38 output\stm32f4xx_tim.o
 .text.TIM_OC4FastConfig
                0x00000000       0x40 output\stm32f4xx_tim.o
 .text.TIM_ClearOC1Ref
                0x00000000       0x38 output\stm32f4xx_tim.o
 .text.TIM_ClearOC2Ref
                0x00000000       0x44 output\stm32f4xx_tim.o
 .text.TIM_ClearOC3Ref
                0x00000000       0x38 output\stm32f4xx_tim.o
 .text.TIM_ClearOC4Ref
                0x00000000       0x44 output\stm32f4xx_tim.o
 .text.TIM_OC1PolarityConfig
                0x00000000       0x38 output\stm32f4xx_tim.o
 .text.TIM_OC1NPolarityConfig
                0x00000000       0x38 output\stm32f4xx_tim.o
 .text.TIM_OC2PolarityConfig
                0x00000000       0x40 output\stm32f4xx_tim.o
 .text.TIM_OC2NPolarityConfig
                0x00000000       0x40 output\stm32f4xx_tim.o
 .text.TIM_OC3PolarityConfig
                0x00000000       0x40 output\stm32f4xx_tim.o
 .text.TIM_OC3NPolarityConfig
                0x00000000       0x40 output\stm32f4xx_tim.o
 .text.TIM_OC4PolarityConfig
                0x00000000       0x40 output\stm32f4xx_tim.o
 .text.TIM_CCxCmd
                0x00000000       0x5c output\stm32f4xx_tim.o
 .text.TIM_CCxNCmd
                0x00000000       0x5c output\stm32f4xx_tim.o
 .text.TIM_ICInit
                0x00000000       0xa8 output\stm32f4xx_tim.o
 .text.TIM_ICStructInit
                0x00000000       0x3c output\stm32f4xx_tim.o
 .text.TIM_PWMIConfig
                0x00000000       0xc4 output\stm32f4xx_tim.o
 .text.TIM_GetCapture1
                0x00000000       0x18 output\stm32f4xx_tim.o
 .text.TIM_GetCapture2
                0x00000000       0x18 output\stm32f4xx_tim.o
 .text.TIM_GetCapture3
                0x00000000       0x18 output\stm32f4xx_tim.o
 .text.TIM_GetCapture4
                0x00000000       0x18 output\stm32f4xx_tim.o
 .text.TIM_SetIC1Prescaler
                0x00000000       0x38 output\stm32f4xx_tim.o
 .text.TIM_SetIC2Prescaler
                0x00000000       0x3c output\stm32f4xx_tim.o
 .text.TIM_SetIC3Prescaler
                0x00000000       0x38 output\stm32f4xx_tim.o
 .text.TIM_SetIC4Prescaler
                0x00000000       0x3c output\stm32f4xx_tim.o
 .text.TIM_BDTRConfig
                0x00000000       0x50 output\stm32f4xx_tim.o
 .text.TIM_BDTRStructInit
                0x00000000       0x4c output\stm32f4xx_tim.o
 .text.TIM_CtrlPWMOutputs
                0x00000000       0x50 output\stm32f4xx_tim.o
 .text.TIM_SelectCOM
                0x00000000       0x40 output\stm32f4xx_tim.o
 .text.TIM_CCPreloadControl
                0x00000000       0x40 output\stm32f4xx_tim.o
 .text.TIM_GenerateEvent
                0x00000000       0x1c output\stm32f4xx_tim.o
 .text.TIM_GetFlagStatus
                0x00000000       0x40 output\stm32f4xx_tim.o
 .text.TIM_ClearFlag
                0x00000000       0x24 output\stm32f4xx_tim.o
 .text.TIM_DMAConfig
                0x00000000       0x28 output\stm32f4xx_tim.o
 .text.TIM_DMACmd
                0x00000000       0x48 output\stm32f4xx_tim.o
 .text.TIM_SelectCCDMA
                0x00000000       0x40 output\stm32f4xx_tim.o
 .text.TIM_InternalClockConfig
                0x00000000       0x24 output\stm32f4xx_tim.o
 .text.TIM_ITRxExternalClockConfig
                0x00000000       0x30 output\stm32f4xx_tim.o
 .text.TIM_TIxExternalClockConfig
                0x00000000       0x58 output\stm32f4xx_tim.o
 .text.TIM_ETRClockMode1Config
                0x00000000       0x54 output\stm32f4xx_tim.o
 .text.TIM_ETRClockMode2Config
                0x00000000       0x34 output\stm32f4xx_tim.o
 .text.TIM_SelectInputTrigger
                0x00000000       0x38 output\stm32f4xx_tim.o
 .text.TIM_SelectOutputTrigger
                0x00000000       0x38 output\stm32f4xx_tim.o
 .text.TIM_SelectSlaveMode
                0x00000000       0x38 output\stm32f4xx_tim.o
 .text.TIM_SelectMasterSlaveMode
                0x00000000       0x38 output\stm32f4xx_tim.o
 .text.TIM_ETRConfig
                0x00000000       0x4c output\stm32f4xx_tim.o
 .text.TIM_EncoderInterfaceConfig
                0x00000000       0x94 output\stm32f4xx_tim.o
 .text.TIM_SelectHallSensor
                0x00000000       0x40 output\stm32f4xx_tim.o
 .text.TIM_RemapConfig
                0x00000000       0x20 output\stm32f4xx_tim.o
 .text.TI1_Config
                0x00000000       0x80 output\stm32f4xx_tim.o
 .text.TI2_Config
                0x00000000       0x9c output\stm32f4xx_tim.o
 .text.TI3_Config
                0x00000000       0x8c output\stm32f4xx_tim.o
 .text.TI4_Config
                0x00000000       0xa4 output\stm32f4xx_tim.o
 .text          0x00000000        0x0 output\stm32f4xx_usart.o
 .data          0x00000000        0x0 output\stm32f4xx_usart.o
 .bss           0x00000000        0x0 output\stm32f4xx_usart.o
 .text.USART_DeInit
                0x00000000      0x150 output\stm32f4xx_usart.o
 .text.USART_StructInit
                0x00000000       0x44 output\stm32f4xx_usart.o
 .text.USART_ClockInit
                0x00000000       0x54 output\stm32f4xx_usart.o
 .text.USART_ClockStructInit
                0x00000000       0x34 output\stm32f4xx_usart.o
 .text.USART_SetPrescaler
                0x00000000       0x38 output\stm32f4xx_usart.o
 .text.USART_OverSampling8Cmd
                0x00000000       0x48 output\stm32f4xx_usart.o
 .text.USART_OneBitMethodCmd
                0x00000000       0x40 output\stm32f4xx_usart.o
 .text.USART_SendData
                0x00000000       0x28 output\stm32f4xx_usart.o
 .text.USART_SetAddress
                0x00000000       0x38 output\stm32f4xx_usart.o
 .text.USART_ReceiverWakeUpCmd
                0x00000000       0x40 output\stm32f4xx_usart.o
 .text.USART_WakeUpConfig
                0x00000000       0x38 output\stm32f4xx_usart.o
 .text.USART_LINBreakDetectLengthConfig
                0x00000000       0x38 output\stm32f4xx_usart.o
 .text.USART_LINCmd
                0x00000000       0x40 output\stm32f4xx_usart.o
 .text.USART_SendBreak
                0x00000000       0x24 output\stm32f4xx_usart.o
 .text.USART_HalfDuplexCmd
                0x00000000       0x40 output\stm32f4xx_usart.o
 .text.USART_SetGuardTime
                0x00000000       0x3c output\stm32f4xx_usart.o
 .text.USART_SmartCardCmd
                0x00000000       0x40 output\stm32f4xx_usart.o
 .text.USART_SmartCardNACKCmd
                0x00000000       0x40 output\stm32f4xx_usart.o
 .text.USART_IrDAConfig
                0x00000000       0x38 output\stm32f4xx_usart.o
 .text.USART_IrDACmd
                0x00000000       0x40 output\stm32f4xx_usart.o
 .text.USART_DMACmd
                0x00000000       0x48 output\stm32f4xx_usart.o
 .text.USART_GetFlagStatus
                0x00000000       0x40 output\stm32f4xx_usart.o
 .text.USART_ClearFlag
                0x00000000       0x24 output\stm32f4xx_usart.o
 .text.USART_GetITStatus
                0x00000000       0xc4 output\stm32f4xx_usart.o
 .text.USART_ClearITPendingBit
                0x00000000       0x44 output\stm32f4xx_usart.o
 .text          0x00000000        0x0 output\system_stm32f4xx.o
 .data          0x00000000       0x14 output\system_stm32f4xx.o
 .bss           0x00000000        0x0 output\system_stm32f4xx.o
 .text.SystemCoreClockUpdate
                0x00000000      0x170 output\system_stm32f4xx.o
 .data          0x00000000        0x0 c:/program files (x86)/gnu tools arm embedded/4.7 2013q2/bin/../lib/gcc/arm-none-eabi/4.7.4/armv7e-m\libgcc.a(_arm_addsubdf3.o)
 .bss           0x00000000        0x0 c:/program files (x86)/gnu tools arm embedded/4.7 2013q2/bin/../lib/gcc/arm-none-eabi/4.7.4/armv7e-m\libgcc.a(_arm_addsubdf3.o)
 .data          0x00000000        0x0 c:/program files (x86)/gnu tools arm embedded/4.7 2013q2/bin/../lib/gcc/arm-none-eabi/4.7.4/armv7e-m\libgcc.a(_arm_muldivdf3.o)
 .bss           0x00000000        0x0 c:/program files (x86)/gnu tools arm embedded/4.7 2013q2/bin/../lib/gcc/arm-none-eabi/4.7.4/armv7e-m\libgcc.a(_arm_muldivdf3.o)
 .data          0x00000000        0x0 c:/program files (x86)/gnu tools arm embedded/4.7 2013q2/bin/../lib/gcc/arm-none-eabi/4.7.4/armv7e-m\libgcc.a(_arm_cmpdf2.o)
 .bss           0x00000000        0x0 c:/program files (x86)/gnu tools arm embedded/4.7 2013q2/bin/../lib/gcc/arm-none-eabi/4.7.4/armv7e-m\libgcc.a(_arm_cmpdf2.o)
 .data          0x00000000        0x0 c:/program files (x86)/gnu tools arm embedded/4.7 2013q2/bin/../lib/gcc/arm-none-eabi/4.7.4/armv7e-m\libgcc.a(_arm_fixunsdfsi.o)
 .bss           0x00000000        0x0 c:/program files (x86)/gnu tools arm embedded/4.7 2013q2/bin/../lib/gcc/arm-none-eabi/4.7.4/armv7e-m\libgcc.a(_arm_fixunsdfsi.o)
 .data          0x00000000        0x0 c:/program files (x86)/gnu tools arm embedded/4.7 2013q2/bin/../lib/gcc/arm-none-eabi/4.7.4/armv7e-m\libgcc.a(_arm_truncdfsf2.o)
 .bss           0x00000000        0x0 c:/program files (x86)/gnu tools arm embedded/4.7 2013q2/bin/../lib/gcc/arm-none-eabi/4.7.4/armv7e-m\libgcc.a(_arm_truncdfsf2.o)
 .text          0x00000000      0x21c c:/program files (x86)/gnu tools arm embedded/4.7 2013q2/bin/../lib/gcc/arm-none-eabi/4.7.4/armv7e-m\libgcc.a(_arm_addsubsf3.o)
 .data          0x00000000        0x0 c:/program files (x86)/gnu tools arm embedded/4.7 2013q2/bin/../lib/gcc/arm-none-eabi/4.7.4/armv7e-m\libgcc.a(_arm_addsubsf3.o)
 .bss           0x00000000        0x0 c:/program files (x86)/gnu tools arm embedded/4.7 2013q2/bin/../lib/gcc/arm-none-eabi/4.7.4/armv7e-m\libgcc.a(_arm_addsubsf3.o)
 .ARM.attributes
                0x00000000       0x1e c:/program files (x86)/gnu tools arm embedded/4.7 2013q2/bin/../lib/gcc/arm-none-eabi/4.7.4/armv7e-m\libgcc.a(_arm_addsubsf3.o)
 .text          0x00000000      0x2a0 c:/program files (x86)/gnu tools arm embedded/4.7 2013q2/bin/../lib/gcc/arm-none-eabi/4.7.4/armv7e-m\libgcc.a(_arm_muldivsf3.o)
 .data          0x00000000        0x0 c:/program files (x86)/gnu tools arm embedded/4.7 2013q2/bin/../lib/gcc/arm-none-eabi/4.7.4/armv7e-m\libgcc.a(_arm_muldivsf3.o)
 .bss           0x00000000        0x0 c:/program files (x86)/gnu tools arm embedded/4.7 2013q2/bin/../lib/gcc/arm-none-eabi/4.7.4/armv7e-m\libgcc.a(_arm_muldivsf3.o)
 .ARM.attributes
                0x00000000       0x1e c:/program files (x86)/gnu tools arm embedded/4.7 2013q2/bin/../lib/gcc/arm-none-eabi/4.7.4/armv7e-m\libgcc.a(_arm_muldivsf3.o)
 .text          0x00000000        0x0 c:/program files (x86)/gnu tools arm embedded/4.7 2013q2/bin/../lib/gcc/arm-none-eabi/4.7.4/../../../../arm-none-eabi/lib/armv7e-m\libg.a(lib_a-memset.o)
 .data          0x00000000        0x0 c:/program files (x86)/gnu tools arm embedded/4.7 2013q2/bin/../lib/gcc/arm-none-eabi/4.7.4/../../../../arm-none-eabi/lib/armv7e-m\libg.a(lib_a-memset.o)
 .bss           0x00000000        0x0 c:/program files (x86)/gnu tools arm embedded/4.7 2013q2/bin/../lib/gcc/arm-none-eabi/4.7.4/../../../../arm-none-eabi/lib/armv7e-m\libg.a(lib_a-memset.o)

Memory Configuration

Name             Origin             Length             Attributes
rom              0x08000000         0x00100000         xr
ram              0x20000000         0x00020000         xrw
ram1             0x10000000         0x00010000         xrw
*default*        0x00000000         0xffffffff

Linker script and memory map

                0x20020000                _eram = 0x20020000

.text           0x08000000     0x4658
 *(.isr_vector .isr_vector.*)
 .isr_vector    0x08000000      0x188 output\startup_stm32f4xx.o
                0x08000000                g_pfnVectors
 *(.text .text.* .gnu.linkonce.t.*)
 .text.initADC  0x08000188      0x348 output\analogue.o
                0x08000188                initADC
 .text.DMA2_Stream4_IRQHandler
                0x080004d0       0x8c output\analogue.o
                0x080004d0                DMA2_Stream4_IRQHandler
 .text.Differential_step
                0x0800055c      0x1c0 output\Differential.o
                0x0800055c                Differential_step
 .text.Differential_initialize
                0x0800071c       0x40 output\Differential.o
                0x0800071c                Differential_initialize
 .text.initIMU  0x0800075c      0x128 output\imu.o
                0x0800075c                initIMU
 .text.IMUWriteByte
                0x08000884       0xec output\imu.o
                0x08000884                IMUWriteByte
 .text.IMUConfig
                0x08000970      0x16c output\imu.o
                0x08000970                IMUConfig
 .text.initInputs
                0x08000adc      0x5c4 output\inputs.o
                0x08000adc                initInputs
 .text.TIM4_IRQHandler
                0x080010a0       0x50 output\inputs.o
                0x080010a0                TIM4_IRQHandler
 .text.EXTI0_IRQHandler
                0x080010f0       0x6c output\inputs.o
                0x080010f0                EXTI0_IRQHandler
 .text.EXTI1_IRQHandler
                0x0800115c       0x68 output\inputs.o
                0x0800115c                EXTI1_IRQHandler
 .text.EXTI2_IRQHandler
                0x080011c4       0x18 output\inputs.o
                0x080011c4                EXTI2_IRQHandler
 .text.EXTI3_IRQHandler
                0x080011dc       0x18 output\inputs.o
                0x080011dc                EXTI3_IRQHandler
 .text.TIM1_UP_TIM10_IRQHandler
                0x080011f4       0x40 output\inputs.o
                0x080011f4                TIM1_UP_TIM10_IRQHandler
 .text.TIM1_TRG_COM_TIM11_IRQHandler
                0x08001234       0x40 output\inputs.o
                0x08001234                TIM1_TRG_COM_TIM11_IRQHandler
 .text.TIM8_UP_TIM13_IRQHandler
                0x08001274       0x40 output\inputs.o
                0x08001274                TIM8_UP_TIM13_IRQHandler
 .text.TIM8_TRG_COM_TIM14_IRQHandler
                0x080012b4       0x40 output\inputs.o
                0x080012b4                TIM8_TRG_COM_TIM14_IRQHandler
 .text.EXTI4_IRQHandler
                0x080012f4       0x4c output\inputs.o
                0x080012f4                EXTI4_IRQHandler
 .text.EXTI9_5_IRQHandler
                0x08001340       0xd8 output\inputs.o
                0x08001340                EXTI9_5_IRQHandler
 .text.CalculateWheelRPM
                0x08001418       0x68 output\inputs.o
                0x08001418                CalculateWheelRPM
 .text.normaliseSignal
                0x08001480       0x88 output\inputs.o
                0x08001480                normaliseSignal
 .text.main     0x08001508      0x2b8 output\main.o
                0x08001508                main
 .text.NVIC_Init
                0x080017c0       0xe4 output\misc.o
                0x080017c0                NVIC_Init
 .text.initOutputs
                0x080018a4      0x168 output\outputs.o
                0x080018a4                initOutputs
 .text.TIM3_IRQHandler
                0x08001a0c      0x228 output\outputs.o
                0x08001a0c                TIM3_IRQHandler
 *fill*         0x08001c34        0x4 00
 .text.denormaliseSignal
                0x08001c38       0xc0 output\outputs.o
                0x08001c38                denormaliseSignal
 .text.initSerial
                0x08001cf8      0x170 output\serial.o
                0x08001cf8                initSerial
 .text.USART1_IRQHandler
                0x08001e68       0x60 output\serial.o
                0x08001e68                USART1_IRQHandler
 .text.Default_Reset_Handler
                0x08001ec8       0x6c output\startup_stm32f4xx.o
                0x08001ec8                Default_Reset_Handler
                0x08001ec8                Reset_Handler
 .text.Default_Handler
                0x08001f34        0x8 output\startup_stm32f4xx.o
                0x08001f34                RTC_Alarm_IRQHandler
                0x08001f34                HASH_RNG_IRQHandler
                0x08001f34                TIM8_CC_IRQHandler
                0x08001f34                DebugMon_Handler
                0x08001f34                TIM1_CC_IRQHandler
                0x08001f34                DMA2_Stream5_IRQHandler
                0x08001f34                HardFault_Handler
                0x08001f34                DMA1_Stream5_IRQHandler
                0x08001f34                SysTick_Handler
                0x08001f34                PVD_IRQHandler
                0x08001f34                SDIO_IRQHandler
                0x08001f34                TAMP_STAMP_IRQHandler
                0x08001f34                PendSV_Handler
                0x08001f34                NMI_Handler
                0x08001f34                CAN2_RX1_IRQHandler
                0x08001f34                I2C3_ER_IRQHandler
                0x08001f34                I2C2_EV_IRQHandler
                0x08001f34                DMA1_Stream2_IRQHandler
                0x08001f34                CAN1_RX0_IRQHandler
                0x08001f34                FPU_IRQHandler
                0x08001f34                OTG_HS_WKUP_IRQHandler
                0x08001f34                UsageFault_Handler
                0x08001f34                CAN2_SCE_IRQHandler
                0x08001f34                DMA2_Stream2_IRQHandler
                0x08001f34                SPI1_IRQHandler
                0x08001f34                TIM6_DAC_IRQHandler
                0x08001f34                TIM1_BRK_TIM9_IRQHandler
                0x08001f34                DCMI_IRQHandler
                0x08001f34                CAN2_RX0_IRQHandler
                0x08001f34                DMA2_Stream3_IRQHandler
                0x08001f34                USART6_IRQHandler
                0x08001f34                USART3_IRQHandler
                0x08001f34                CRYP_IRQHandler
                0x08001f34                CAN1_RX1_IRQHandler
                0x08001f34                UART5_IRQHandler
                0x08001f34                DMA2_Stream0_IRQHandler
                0x08001f34                I2C1_EV_IRQHandler
                0x08001f34                DMA1_Stream6_IRQHandler
                0x08001f34                DMA1_Stream1_IRQHandler
                0x08001f34                UART4_IRQHandler
                0x08001f34                RCC_IRQHandler
                0x08001f34                TIM8_BRK_TIM12_IRQHandler
                0x08001f34                EXTI15_10_IRQHandler
                0x08001f34                ADC_IRQHandler
                0x08001f34                DMA1_Stream7_IRQHandler
                0x08001f34                TIM7_IRQHandler
                0x08001f34                CAN2_TX_IRQHandler
                0x08001f34                TIM5_IRQHandler
                0x08001f34                DMA2_Stream7_IRQHandler
                0x08001f34                I2C3_EV_IRQHandler
                0x08001f34                RTC_WKUP_IRQHandler
                0x08001f34                ETH_WKUP_IRQHandler
                0x08001f34                SPI2_IRQHandler
                0x08001f34                OTG_HS_EP1_IN_IRQHandler
                0x08001f34                MemManage_Handler
                0x08001f34                DMA1_Stream0_IRQHandler
                0x08001f34                CAN1_TX_IRQHandler
                0x08001f34                SVC_Handler
                0x08001f34                FSMC_IRQHandler
                0x08001f34                ETH_IRQHandler
                0x08001f34                OTG_HS_EP1_OUT_IRQHandler
                0x08001f34                WWDG_IRQHandler
                0x08001f34                TIM2_IRQHandler
                0x08001f34                OTG_FS_WKUP_IRQHandler
                0x08001f34                OTG_HS_IRQHandler
                0x08001f34                USART2_IRQHandler
                0x08001f34                I2C2_ER_IRQHandler
                0x08001f34                DMA2_Stream1_IRQHandler
                0x08001f34                CAN1_SCE_IRQHandler
                0x08001f34                FLASH_IRQHandler
                0x08001f34                BusFault_Handler
                0x08001f34                OTG_FS_IRQHandler
                0x08001f34                SPI3_IRQHandler
                0x08001f34                DMA1_Stream4_IRQHandler
                0x08001f34                I2C1_ER_IRQHandler
                0x08001f34                DMA2_Stream6_IRQHandler
                0x08001f34                DMA1_Stream3_IRQHandler
 .text.ADC_DeInit
                0x08001f3c       0x20 output\stm32f4xx_adc.o
                0x08001f3c                ADC_DeInit
 .text.ADC_Init
                0x08001f5c       0xb8 output\stm32f4xx_adc.o
                0x08001f5c                ADC_Init
 .text.ADC_StructInit
                0x08002014       0x4c output\stm32f4xx_adc.o
                0x08002014                ADC_StructInit
 .text.ADC_CommonInit
                0x08002060       0x5c output\stm32f4xx_adc.o
                0x08002060                ADC_CommonInit
 .text.ADC_CommonStructInit
                0x080020bc       0x34 output\stm32f4xx_adc.o
                0x080020bc                ADC_CommonStructInit
 .text.ADC_Cmd  0x080020f0       0x38 output\stm32f4xx_adc.o
                0x080020f0                ADC_Cmd
 .text.ADC_RegularChannelConfig
                0x08002128      0x1bc output\stm32f4xx_adc.o
                0x08002128                ADC_RegularChannelConfig
 .text.ADC_SoftwareStartConv
                0x080022e4       0x20 output\stm32f4xx_adc.o
                0x080022e4                ADC_SoftwareStartConv
 .text.ADC_DMACmd
                0x08002304       0x38 output\stm32f4xx_adc.o
                0x08002304                ADC_DMACmd
 .text.ADC_DMARequestAfterLastTransferCmd
                0x0800233c       0x38 output\stm32f4xx_adc.o
                0x0800233c                ADC_DMARequestAfterLastTransferCmd
 .text.DMA_DeInit
                0x08002374      0x244 output\stm32f4xx_dma.o
                0x08002374                DMA_DeInit
 .text.DMA_Init
                0x080025b8       0xb0 output\stm32f4xx_dma.o
                0x080025b8                DMA_Init
 .text.DMA_StructInit
                0x08002668       0x8c output\stm32f4xx_dma.o
                0x08002668                DMA_StructInit
 .text.DMA_Cmd  0x080026f4       0x38 output\stm32f4xx_dma.o
                0x080026f4                DMA_Cmd
 .text.DMA_ITConfig
                0x0800272c       0x74 output\stm32f4xx_dma.o
                0x0800272c                DMA_ITConfig
 .text.DMA_GetITStatus
                0x080027a0       0xc0 output\stm32f4xx_dma.o
                0x080027a0                DMA_GetITStatus
 .text.DMA_ClearITPendingBit
                0x08002860       0x60 output\stm32f4xx_dma.o
                0x08002860                DMA_ClearITPendingBit
 .text.EXTI_Init
                0x080028c0      0x138 output\stm32f4xx_exti.o
                0x080028c0                EXTI_Init
 .text.EXTI_GetITStatus
                0x080029f8       0x3c output\stm32f4xx_exti.o
                0x080029f8                EXTI_GetITStatus
 .text.EXTI_ClearITPendingBit
                0x08002a34       0x20 output\stm32f4xx_exti.o
                0x08002a34                EXTI_ClearITPendingBit
 .text.GPIO_Init
                0x08002a54      0x144 output\stm32f4xx_gpio.o
                0x08002a54                GPIO_Init
 .text.GPIO_StructInit
                0x08002b98       0x3c output\stm32f4xx_gpio.o
                0x08002b98                GPIO_StructInit
 .text.GPIO_ReadInputDataBit
                0x08002bd4       0x3c output\stm32f4xx_gpio.o
                0x08002bd4                GPIO_ReadInputDataBit
 .text.GPIO_SetBits
                0x08002c10       0x1c output\stm32f4xx_gpio.o
                0x08002c10                GPIO_SetBits
 .text.GPIO_ResetBits
                0x08002c2c       0x1c output\stm32f4xx_gpio.o
                0x08002c2c                GPIO_ResetBits
 .text.GPIO_PinAFConfig
                0x08002c48       0xa8 output\stm32f4xx_gpio.o
                0x08002c48                GPIO_PinAFConfig
 .text.I2C_Init
                0x08002cf0      0x1ac output\stm32f4xx_i2c.o
                0x08002cf0                I2C_Init
 .text.I2C_Cmd  0x08002e9c       0x40 output\stm32f4xx_i2c.o
                0x08002e9c                I2C_Cmd
 .text.I2C_GenerateSTART
                0x08002edc       0x40 output\stm32f4xx_i2c.o
                0x08002edc                I2C_GenerateSTART
 .text.I2C_GenerateSTOP
                0x08002f1c       0x40 output\stm32f4xx_i2c.o
                0x08002f1c                I2C_GenerateSTOP
 .text.I2C_Send7bitAddress
                0x08002f5c       0x3c output\stm32f4xx_i2c.o
                0x08002f5c                I2C_Send7bitAddress
 .text.I2C_SendData
                0x08002f98       0x20 output\stm32f4xx_i2c.o
                0x08002f98                I2C_SendData
 .text.I2C_CheckEvent
                0x08002fb8       0x70 output\stm32f4xx_i2c.o
                0x08002fb8                I2C_CheckEvent
 .text.IWDG_WriteAccessCmd
                0x08003028       0x20 output\stm32f4xx_iwdg.o
                0x08003028                IWDG_WriteAccessCmd
 .text.IWDG_SetPrescaler
                0x08003048       0x20 output\stm32f4xx_iwdg.o
                0x08003048                IWDG_SetPrescaler
 .text.IWDG_SetReload
                0x08003068       0x20 output\stm32f4xx_iwdg.o
                0x08003068                IWDG_SetReload
 .text.IWDG_ReloadCounter
                0x08003088       0x18 output\stm32f4xx_iwdg.o
                0x08003088                IWDG_ReloadCounter
 .text.IWDG_Enable
                0x080030a0       0x18 output\stm32f4xx_iwdg.o
                0x080030a0                IWDG_Enable
 .text.RCC_GetClocksFreq
                0x080030b8      0x1cc output\stm32f4xx_rcc.o
                0x080030b8                RCC_GetClocksFreq
 .text.RCC_AHB1PeriphClockCmd
                0x08003284       0x54 output\stm32f4xx_rcc.o
                0x08003284                RCC_AHB1PeriphClockCmd
 .text.RCC_APB1PeriphClockCmd
                0x080032d8       0x54 output\stm32f4xx_rcc.o
                0x080032d8                RCC_APB1PeriphClockCmd
 .text.RCC_APB2PeriphClockCmd
                0x0800332c       0x54 output\stm32f4xx_rcc.o
                0x0800332c                RCC_APB2PeriphClockCmd
 .text.RCC_APB2PeriphResetCmd
                0x08003380       0x54 output\stm32f4xx_rcc.o
                0x08003380                RCC_APB2PeriphResetCmd
 .text.SYSCFG_EXTILineConfig
                0x080033d4       0xb0 output\stm32f4xx_syscfg.o
                0x080033d4                SYSCFG_EXTILineConfig
 .text.TIM_TimeBaseInit
                0x08003484       0xf4 output\stm32f4xx_tim.o
                0x08003484                TIM_TimeBaseInit
 .text.TIM_SetCounter
                0x08003578       0x1c output\stm32f4xx_tim.o
                0x08003578                TIM_SetCounter
 .text.TIM_SetAutoreload
                0x08003594       0x1c output\stm32f4xx_tim.o
                0x08003594                TIM_SetAutoreload
 .text.TIM_GetCounter
                0x080035b0       0x18 output\stm32f4xx_tim.o
                0x080035b0                TIM_GetCounter
 .text.TIM_Cmd  0x080035c8       0x40 output\stm32f4xx_tim.o
                0x080035c8                TIM_Cmd
 .text.TIM_ITConfig
                0x08003608       0x48 output\stm32f4xx_tim.o
                0x08003608                TIM_ITConfig
 .text.TIM_GetITStatus
                0x08003650       0x60 output\stm32f4xx_tim.o
                0x08003650                TIM_GetITStatus
 .text.TIM_ClearITPendingBit
                0x080036b0       0x24 output\stm32f4xx_tim.o
                0x080036b0                TIM_ClearITPendingBit
 .text.USART_Init
                0x080036d4      0x1ac output\stm32f4xx_usart.o
                0x080036d4                USART_Init
 .text.USART_Cmd
                0x08003880       0x40 output\stm32f4xx_usart.o
                0x08003880                USART_Cmd
 .text.USART_ReceiveData
                0x080038c0       0x24 output\stm32f4xx_usart.o
                0x080038c0                USART_ReceiveData
 .text.USART_ITConfig
                0x080038e4       0xa4 output\stm32f4xx_usart.o
                0x080038e4                USART_ITConfig
 .text.SystemInit
                0x08003988       0x94 output\system_stm32f4xx.o
                0x08003988                SystemInit
 .text.SetSysClock
                0x08003a1c      0x188 output\system_stm32f4xx.o
 .text          0x08003ba4      0x370 c:/program files (x86)/gnu tools arm embedded/4.7 2013q2/bin/../lib/gcc/arm-none-eabi/4.7.4/armv7e-m\libgcc.a(_arm_addsubdf3.o)
                0x08003ba4                __aeabi_drsub
                0x08003bac                __aeabi_dsub
                0x08003bac                __subdf3
                0x08003bb0                __aeabi_dadd
                0x08003bb0                __adddf3
                0x08003e28                __floatunsidf
                0x08003e28                __aeabi_ui2d
                0x08003e48                __floatsidf
                0x08003e48                __aeabi_i2d
                0x08003e6c                __aeabi_f2d
                0x08003e6c                __extendsfdf2
                0x08003ea8                __floatundidf
                0x08003ea8                __aeabi_ul2d
                0x08003eb8                __floatdidf
                0x08003eb8                __aeabi_l2d
 .text          0x08003f14      0x424 c:/program files (x86)/gnu tools arm embedded/4.7 2013q2/bin/../lib/gcc/arm-none-eabi/4.7.4/armv7e-m\libgcc.a(_arm_muldivdf3.o)
                0x08003f14                __aeabi_dmul
                0x08003f14                __muldf3
                0x08004168                __divdf3
                0x08004168                __aeabi_ddiv
 .text          0x08004338      0x110 c:/program files (x86)/gnu tools arm embedded/4.7 2013q2/bin/../lib/gcc/arm-none-eabi/4.7.4/armv7e-m\libgcc.a(_arm_cmpdf2.o)
                0x08004338                __gtdf2
                0x08004338                __gedf2
                0x08004340                __ltdf2
                0x08004340                __ledf2
                0x08004348                __nedf2
                0x08004348                __eqdf2
                0x08004348                __cmpdf2
                0x080043c4                __aeabi_cdrcmple
                0x080043d4                __aeabi_cdcmpeq
                0x080043d4                __aeabi_cdcmple
                0x080043e4                __aeabi_dcmpeq
                0x080043f8                __aeabi_dcmplt
                0x0800440c                __aeabi_dcmple
                0x08004420                __aeabi_dcmpge
                0x08004434                __aeabi_dcmpgt
 .text          0x08004448       0x40 c:/program files (x86)/gnu tools arm embedded/4.7 2013q2/bin/../lib/gcc/arm-none-eabi/4.7.4/armv7e-m\libgcc.a(_arm_fixunsdfsi.o)
                0x08004448                __aeabi_d2uiz
                0x08004448                __fixunsdfsi
 .text          0x08004488       0xa0 c:/program files (x86)/gnu tools arm embedded/4.7 2013q2/bin/../lib/gcc/arm-none-eabi/4.7.4/armv7e-m\libgcc.a(_arm_truncdfsf2.o)
                0x08004488                __truncdfsf2
                0x08004488                __aeabi_d2f
 .text.memset   0x08004528      0x12c c:/program files (x86)/gnu tools arm embedded/4.7 2013q2/bin/../lib/gcc/arm-none-eabi/4.7.4/../../../../arm-none-eabi/lib/armv7e-m\libg.a(lib_a-memset.o)
                0x08004528                memset
 *(.glue_7t)
 .glue_7t       0x00000000        0x0 linker stubs
 *(.glue_7)
 .glue_7        0x00000000        0x0 linker stubs
 *(.rodata .rodata* .gnu.linkonce.r.*)
 .rodata        0x08004654        0x4 output\Differential.o
                0x08004654                Differential_M

.vfp11_veneer   0x08004658        0x0
 .vfp11_veneer  0x00000000        0x0 linker stubs

.v4_bx          0x08004658        0x0
 .v4_bx         0x00000000        0x0 linker stubs

.iplt           0x08004658        0x0
 .iplt          0x00000000        0x0 output\analogue.o

.rel.dyn        0x08004658        0x0
 .rel.iplt      0x00000000        0x0 output\analogue.o

.ARM.extab
 *(.ARM.extab* .gnu.linkonce.armextab.*)
                0x08004658                __exidx_start = .

.ARM.exidx
 *(.ARM.exidx* .gnu.linkonce.armexidx.*)
                0x08004658                __exidx_end = .
                0x08004658                . = ALIGN (0x4)
                0x08004658                _etext = .
                0x08004658                _sidata = .

.data           0x20000000       0x40 load address 0x08004658
                0x20000000                _sdata = .
 *(.data .data.*)
 .data          0x20000000       0x28 output\Differential_data.o
                0x20000000                Differential_P
 .data          0x20000028        0x8 output\imu.o
                0x20000028                accelConvFactor
                0x2000002c                gyroConvFactor
 .data          0x20000030       0x10 output\stm32f4xx_rcc.o
                0x20000040                . = ALIGN (0x4)
                0x20000040                _edata = .

.igot.plt       0x20000040        0x0 load address 0x08004698
 .igot.plt      0x00000000        0x0 output\analogue.o

.bss            0x20000040      0x230 load address 0x08004698
                0x20000040                _sbss = .
 *(.bss .bss.*)
 .bss           0x20000040       0x10 output\analogue.o
                0x20000040                AnalogueResult
 .bss           0x20000050       0x28 output\imu.o
                0x20000050                Motion
                0x20000070                accelRegister
                0x20000074                gyroRegister
 .bss           0x20000078       0x38 output\inputs.o
                0x20000078                RCRadioStructure
                0x20000090                WheelRPMStructure
 .bss           0x200000b0       0x48 output\outputs.o
                0x200000b0                PPMOutputStructure
                0x200000f0                pulseIndex
 *(COMMON)
 COMMON         0x200000f8       0x78 output\analogue.o
                0x200000f8                ADC_InitStructure
                0x20000110                rawADC
                0x20000118                GPIO_InitStructure
                0x20000120                NVIC_InitStructure
                0x20000124                DMA_InitStructure
                0x20000160                ADC_CommonInitStructure
 COMMON         0x20000170       0x58 output\Differential.o
                0x20000170                Differential_Y
                0x20000190                Differential_M_
                0x20000198                Differential_U
 COMMON         0x200001c8       0x20 output\imu.o
                0x200001c8                rawIMU
                0x200001d8                I2C_InitStructure
 COMMON         0x200001e8       0x14 output\inputs.o
                0x200001e8                TIM_InitStructure
                0x200001f4                EXTI_InitStructure
 COMMON         0x200001fc       0x74 output\serial.o
                0x200001fc                USART_InitStructure
                0x2000020c                received_string
                0x20000270                . = ALIGN (0x4)
                0x20000270                _ebss = .

.co_stack       0x20000270      0x800 load address 0x080048c8
                0x20000270                . = ALIGN (0x8)
 *(.co_stack .co_stack.*)
 .co_stack      0x20000270      0x800 output\startup_stm32f4xx.o
                0x20000270                pulStack
                0x20000a70                . = ALIGN (0x4)
                0x20000a70                _end = .
LOAD output\analogue.o
LOAD output\Differential.o
LOAD output\Differential_data.o
LOAD output\imu.o
LOAD output\inputs.o
LOAD output\main.o
LOAD output\misc.o
LOAD output\outputs.o
LOAD output\serial.o
LOAD output\startup_stm32f4xx.o
LOAD output\stm32f4xx_adc.o
LOAD output\stm32f4xx_dma.o
LOAD output\stm32f4xx_exti.o
LOAD output\stm32f4xx_gpio.o
LOAD output\stm32f4xx_i2c.o
LOAD output\stm32f4xx_iwdg.o
LOAD output\stm32f4xx_rcc.o
LOAD output\stm32f4xx_syscfg.o
LOAD output\stm32f4xx_tim.o
LOAD output\stm32f4xx_usart.o
LOAD output\system_stm32f4xx.o
START GROUP
LOAD c:/program files (x86)/gnu tools arm embedded/4.7 2013q2/bin/../lib/gcc/arm-none-eabi/4.7.4/armv7e-m\libgcc.a
LOAD c:/program files (x86)/gnu tools arm embedded/4.7 2013q2/bin/../lib/gcc/arm-none-eabi/4.7.4/../../../../arm-none-eabi/lib/armv7e-m\libg.a
LOAD c:/program files (x86)/gnu tools arm embedded/4.7 2013q2/bin/../lib/gcc/arm-none-eabi/4.7.4/../../../../arm-none-eabi/lib/armv7e-m\libc.a
END GROUP
OUTPUT(output\output.elf elf32-littlearm)

.debug_info     0x00000000     0xa5b6
 .debug_info    0x00000000      0x991 output\analogue.o
 .debug_info    0x00000991      0x292 output\Differential.o
 .debug_info    0x00000c23       0xfb output\Differential_data.o
 .debug_info    0x00000d1e      0x667 output\imu.o
 .debug_info    0x00001385      0xad6 output\inputs.o
 .debug_info    0x00001e5b      0x244 output\main.o
 .debug_info    0x0000209f      0x596 output\misc.o
 .debug_info    0x00002635      0x922 output\outputs.o
 .debug_info    0x00002f57      0x798 output\serial.o
 .debug_info    0x000036ef      0x107 output\startup_stm32f4xx.o
 .debug_info    0x000037f6      0xd18 output\stm32f4xx_adc.o
 .debug_info    0x0000450e      0x7b3 output\stm32f4xx_dma.o
 .debug_info    0x00004cc1      0x368 output\stm32f4xx_exti.o
 .debug_info    0x00005029      0x647 output\stm32f4xx_gpio.o
 .debug_info    0x00005670      0xc50 output\stm32f4xx_i2c.o
 .debug_info    0x000062c0      0x20e output\stm32f4xx_iwdg.o
 .debug_info    0x000064ce      0xf30 output\stm32f4xx_rcc.o
 .debug_info    0x000073fe      0x2a6 output\stm32f4xx_syscfg.o
 .debug_info    0x000076a4     0x1e81 output\stm32f4xx_tim.o
 .debug_info    0x00009525      0xa69 output\stm32f4xx_usart.o
 .debug_info    0x00009f8e      0x628 output\system_stm32f4xx.o

.debug_abbrev   0x00000000     0x1a31
 .debug_abbrev  0x00000000      0x137 output\analogue.o
 .debug_abbrev  0x00000137       0xd7 output\Differential.o
 .debug_abbrev  0x0000020e       0x62 output\Differential_data.o
 .debug_abbrev  0x00000270      0x153 output\imu.o
 .debug_abbrev  0x000003c3      0x16d output\inputs.o
 .debug_abbrev  0x00000530       0x98 output\main.o
 .debug_abbrev  0x000005c8      0x12b output\misc.o
 .debug_abbrev  0x000006f3      0x15e output\outputs.o
 .debug_abbrev  0x00000851      0x16b output\serial.o
 .debug_abbrev  0x000009bc       0xb4 output\startup_stm32f4xx.o
 .debug_abbrev  0x00000a70      0x19a output\stm32f4xx_adc.o
 .debug_abbrev  0x00000c0a      0x159 output\stm32f4xx_dma.o
 .debug_abbrev  0x00000d63      0x1a9 output\stm32f4xx_exti.o
 .debug_abbrev  0x00000f0c      0x1a7 output\stm32f4xx_gpio.o
 .debug_abbrev  0x000010b3      0x168 output\stm32f4xx_i2c.o
 .debug_abbrev  0x0000121b      0x105 output\stm32f4xx_iwdg.o
 .debug_abbrev  0x00001320      0x1be output\stm32f4xx_rcc.o
 .debug_abbrev  0x000014de      0x135 output\stm32f4xx_syscfg.o
 .debug_abbrev  0x00001613      0x18b output\stm32f4xx_tim.o
 .debug_abbrev  0x0000179e      0x159 output\stm32f4xx_usart.o
 .debug_abbrev  0x000018f7      0x13a output\system_stm32f4xx.o

.debug_loc      0x00000000     0x490c
 .debug_loc     0x00000000       0x58 output\analogue.o
 .debug_loc     0x00000058       0x64 output\Differential.o
 .debug_loc     0x000000bc      0x100 output\imu.o
 .debug_loc     0x000001bc      0x280 output\inputs.o
 .debug_loc     0x0000043c       0x2c output\main.o
 .debug_loc     0x00000468      0x118 output\misc.o
 .debug_loc     0x00000580       0xbc output\outputs.o
 .debug_loc     0x0000063c       0x9c output\serial.o
 .debug_loc     0x000006d8       0x64 output\startup_stm32f4xx.o
 .debug_loc     0x0000073c      0x838 output\stm32f4xx_adc.o
 .debug_loc     0x00000f74      0x428 output\stm32f4xx_dma.o
 .debug_loc     0x0000139c      0x1b4 output\stm32f4xx_exti.o
 .debug_loc     0x00001550      0x310 output\stm32f4xx_gpio.o
 .debug_loc     0x00001860      0x7a8 output\stm32f4xx_i2c.o
 .debug_loc     0x00002008      0x138 output\stm32f4xx_iwdg.o
 .debug_loc     0x00002140      0xb3c output\stm32f4xx_rcc.o
 .debug_loc     0x00002c7c      0x17c output\stm32f4xx_syscfg.o
 .debug_loc     0x00002df8     0x1420 output\stm32f4xx_tim.o
 .debug_loc     0x00004218      0x658 output\stm32f4xx_usart.o
 .debug_loc     0x00004870       0x9c output\system_stm32f4xx.o

.debug_aranges  0x00000000      0xca0
 .debug_aranges
                0x00000000       0x28 output\analogue.o
 .debug_aranges
                0x00000028       0x28 output\Differential.o
 .debug_aranges
                0x00000050       0x18 output\Differential_data.o
 .debug_aranges
                0x00000068       0x40 output\imu.o
 .debug_aranges
                0x000000a8       0x88 output\inputs.o
 .debug_aranges
                0x00000130       0x20 output\main.o
 .debug_aranges
                0x00000150       0x40 output\misc.o
 .debug_aranges
                0x00000190       0x38 output\outputs.o
 .debug_aranges
                0x000001c8       0x30 output\serial.o
 .debug_aranges
                0x000001f8       0x28 output\startup_stm32f4xx.o
 .debug_aranges
                0x00000220      0x148 output\stm32f4xx_adc.o
 .debug_aranges
                0x00000368       0xb0 output\stm32f4xx_dma.o
 .debug_aranges
                0x00000418       0x58 output\stm32f4xx_exti.o
 .debug_aranges
                0x00000470       0x88 output\stm32f4xx_gpio.o
 .debug_aranges
                0x000004f8      0x130 output\stm32f4xx_i2c.o
 .debug_aranges
                0x00000628       0x48 output\stm32f4xx_iwdg.o
 .debug_aranges
                0x00000670      0x1b8 output\stm32f4xx_rcc.o
 .debug_aranges
                0x00000828       0x50 output\stm32f4xx_syscfg.o
 .debug_aranges
                0x00000878      0x2f8 output\stm32f4xx_tim.o
 .debug_aranges
                0x00000b70      0x100 output\stm32f4xx_usart.o
 .debug_aranges
                0x00000c70       0x30 output\system_stm32f4xx.o

.debug_ranges   0x00000000      0xb48
 .debug_ranges  0x00000000       0x18 output\analogue.o
 .debug_ranges  0x00000018       0x18 output\Differential.o
 .debug_ranges  0x00000030       0x30 output\imu.o
 .debug_ranges  0x00000060       0x78 output\inputs.o
 .debug_ranges  0x000000d8       0x10 output\main.o
 .debug_ranges  0x000000e8       0x30 output\misc.o
 .debug_ranges  0x00000118       0x28 output\outputs.o
 .debug_ranges  0x00000140       0x20 output\serial.o
 .debug_ranges  0x00000160       0x18 output\startup_stm32f4xx.o
 .debug_ranges  0x00000178      0x138 output\stm32f4xx_adc.o
 .debug_ranges  0x000002b0       0xa0 output\stm32f4xx_dma.o
 .debug_ranges  0x00000350       0x48 output\stm32f4xx_exti.o
 .debug_ranges  0x00000398       0x78 output\stm32f4xx_gpio.o
 .debug_ranges  0x00000410      0x120 output\stm32f4xx_i2c.o
 .debug_ranges  0x00000530       0x38 output\stm32f4xx_iwdg.o
 .debug_ranges  0x00000568      0x1a8 output\stm32f4xx_rcc.o
 .debug_ranges  0x00000710       0x40 output\stm32f4xx_syscfg.o
 .debug_ranges  0x00000750      0x2e8 output\stm32f4xx_tim.o
 .debug_ranges  0x00000a38       0xf0 output\stm32f4xx_usart.o
 .debug_ranges  0x00000b28       0x20 output\system_stm32f4xx.o

.debug_line     0x00000000     0x3844
 .debug_line    0x00000000      0x1e6 output\analogue.o
 .debug_line    0x000001e6       0xaf output\Differential.o
 .debug_line    0x00000295       0x7a output\Differential_data.o
 .debug_line    0x0000030f      0x286 output\imu.o
 .debug_line    0x00000595      0x326 output\inputs.o
 .debug_line    0x000008bb      0x1a3 output\main.o
 .debug_line    0x00000a5e      0x18a output\misc.o
 .debug_line    0x00000be8      0x208 output\outputs.o
 .debug_line    0x00000df0      0x1c0 output\serial.o
 .debug_line    0x00000fb0       0x72 output\startup_stm32f4xx.o
 .debug_line    0x00001022      0x499 output\stm32f4xx_adc.o
 .debug_line    0x000014bb      0x321 output\stm32f4xx_dma.o
 .debug_line    0x000017dc      0x1e1 output\stm32f4xx_exti.o
 .debug_line    0x000019bd      0x28a output\stm32f4xx_gpio.o
 .debug_line    0x00001c47      0x44b output\stm32f4xx_i2c.o
 .debug_line    0x00002092      0x177 output\stm32f4xx_iwdg.o
 .debug_line    0x00002209      0x588 output\stm32f4xx_rcc.o
 .debug_line    0x00002791      0x192 output\stm32f4xx_syscfg.o
 .debug_line    0x00002923      0x9be output\stm32f4xx_tim.o
 .debug_line    0x000032e1      0x3ef output\stm32f4xx_usart.o
 .debug_line    0x000036d0      0x174 output\system_stm32f4xx.o

.debug_str      0x00000000     0x3b3e
 .debug_str     0x00000000      0xb4f output\analogue.o
                                0xb90 (size before relaxing)
 .debug_str     0x00000b4f      0x1d1 output\Differential.o
                                0x2f1 (size before relaxing)
 .debug_str     0x00000d20       0x22 output\Differential_data.o
                                0x1b5 (size before relaxing)
 .debug_str     0x00000d42      0x1f5 output\imu.o
                                0x4f7 (size before relaxing)
 .debug_str     0x00000f37      0x33e output\inputs.o
                                0xc57 (size before relaxing)
 .debug_str     0x00001275       0x6c output\main.o
                                0x241 (size before relaxing)
 .debug_str     0x000012e1      0x194 output\misc.o
                                0x391 (size before relaxing)
 .debug_str     0x00001475       0x66 output\outputs.o
                                0xa97 (size before relaxing)
 .debug_str     0x000014db       0xfa output\serial.o
                                0x9cf (size before relaxing)
 .debug_str     0x000015d5       0x81 output\startup_stm32f4xx.o
                                0x11d (size before relaxing)
 .debug_str     0x00001656      0x4ec output\stm32f4xx_adc.o
                                0x7bc (size before relaxing)
 .debug_str     0x00001b42      0x244 output\stm32f4xx_dma.o
                                0x504 (size before relaxing)
 .debug_str     0x00001d86       0xdd output\stm32f4xx_exti.o
                                0x319 (size before relaxing)
 .debug_str     0x00001e63      0x175 output\stm32f4xx_gpio.o
                                0x458 (size before relaxing)
 .debug_str     0x00001fd8      0x3ce output\stm32f4xx_i2c.o
                                0x66a (size before relaxing)
 .debug_str     0x000023a6       0xc5 output\stm32f4xx_iwdg.o
                                0x224 (size before relaxing)
 .debug_str     0x0000246b      0x6eb output\stm32f4xx_rcc.o
                                0x94d (size before relaxing)
 .debug_str     0x00002b56      0x15a output\stm32f4xx_syscfg.o
                                0x2d1 (size before relaxing)
 .debug_str     0x00002cb0      0xa63 output\stm32f4xx_tim.o
                                0xd88 (size before relaxing)
 .debug_str     0x00003713      0x387 output\stm32f4xx_usart.o
                                0x647 (size before relaxing)
 .debug_str     0x00003a9a       0xa4 output\system_stm32f4xx.o
                                0x378 (size before relaxing)

.comment        0x00000000       0x70
 .comment       0x00000000       0x70 output\analogue.o
                                 0x71 (size before relaxing)
 .comment       0x00000000       0x71 output\Differential.o
 .comment       0x00000000       0x71 output\Differential_data.o
 .comment       0x00000000       0x71 output\imu.o
 .comment       0x00000000       0x71 output\inputs.o
 .comment       0x00000000       0x71 output\main.o
 .comment       0x00000000       0x71 output\misc.o
 .comment       0x00000000       0x71 output\outputs.o
 .comment       0x00000000       0x71 output\serial.o
 .comment       0x00000000       0x71 output\startup_stm32f4xx.o
 .comment       0x00000000       0x71 output\stm32f4xx_adc.o
 .comment       0x00000000       0x71 output\stm32f4xx_dma.o
 .comment       0x00000000       0x71 output\stm32f4xx_exti.o
 .comment       0x00000000       0x71 output\stm32f4xx_gpio.o
 .comment       0x00000000       0x71 output\stm32f4xx_i2c.o
 .comment       0x00000000       0x71 output\stm32f4xx_iwdg.o
 .comment       0x00000000       0x71 output\stm32f4xx_rcc.o
 .comment       0x00000000       0x71 output\stm32f4xx_syscfg.o
 .comment       0x00000000       0x71 output\stm32f4xx_tim.o
 .comment       0x00000000       0x71 output\stm32f4xx_usart.o
 .comment       0x00000000       0x71 output\system_stm32f4xx.o

.ARM.attributes
                0x00000000       0x33
 .ARM.attributes
                0x00000000       0x33 output\analogue.o
 .ARM.attributes
                0x00000033       0x33 output\Differential.o
 .ARM.attributes
                0x00000066       0x33 output\Differential_data.o
 .ARM.attributes
                0x00000099       0x33 output\imu.o
 .ARM.attributes
                0x000000cc       0x33 output\inputs.o
 .ARM.attributes
                0x000000ff       0x33 output\main.o
 .ARM.attributes
                0x00000132       0x33 output\misc.o
 .ARM.attributes
                0x00000165       0x33 output\outputs.o
 .ARM.attributes
                0x00000198       0x33 output\serial.o
 .ARM.attributes
                0x000001cb       0x33 output\startup_stm32f4xx.o
 .ARM.attributes
                0x000001fe       0x33 output\stm32f4xx_adc.o
 .ARM.attributes
                0x00000231       0x33 output\stm32f4xx_dma.o
 .ARM.attributes
                0x00000264       0x33 output\stm32f4xx_exti.o
 .ARM.attributes
                0x00000297       0x33 output\stm32f4xx_gpio.o
 .ARM.attributes
                0x000002ca       0x33 output\stm32f4xx_i2c.o
 .ARM.attributes
                0x000002fd       0x33 output\stm32f4xx_iwdg.o
 .ARM.attributes
                0x00000330       0x33 output\stm32f4xx_rcc.o
 .ARM.attributes
                0x00000363       0x33 output\stm32f4xx_syscfg.o
 .ARM.attributes
                0x00000396       0x33 output\stm32f4xx_tim.o
 .ARM.attributes
                0x000003c9       0x33 output\stm32f4xx_usart.o
 .ARM.attributes
                0x000003fc       0x33 output\system_stm32f4xx.o
 .ARM.attributes
                0x0000042f       0x1e c:/program files (x86)/gnu tools arm embedded/4.7 2013q2/bin/../lib/gcc/arm-none-eabi/4.7.4/armv7e-m\libgcc.a(_arm_addsubdf3.o)
 .ARM.attributes
                0x0000044d       0x1e c:/program files (x86)/gnu tools arm embedded/4.7 2013q2/bin/../lib/gcc/arm-none-eabi/4.7.4/armv7e-m\libgcc.a(_arm_muldivdf3.o)
 .ARM.attributes
                0x0000046b       0x1e c:/program files (x86)/gnu tools arm embedded/4.7 2013q2/bin/../lib/gcc/arm-none-eabi/4.7.4/armv7e-m\libgcc.a(_arm_cmpdf2.o)
 .ARM.attributes
                0x00000489       0x1e c:/program files (x86)/gnu tools arm embedded/4.7 2013q2/bin/../lib/gcc/arm-none-eabi/4.7.4/armv7e-m\libgcc.a(_arm_fixunsdfsi.o)
 .ARM.attributes
                0x000004a7       0x1e c:/program files (x86)/gnu tools arm embedded/4.7 2013q2/bin/../lib/gcc/arm-none-eabi/4.7.4/armv7e-m\libgcc.a(_arm_truncdfsf2.o)
 .ARM.attributes
                0x000004c5       0x2e c:/program files (x86)/gnu tools arm embedded/4.7 2013q2/bin/../lib/gcc/arm-none-eabi/4.7.4/../../../../arm-none-eabi/lib/armv7e-m\libg.a(lib_a-memset.o)

.debug_frame    0x00000000     0x26fc
 .debug_frame   0x00000000       0x48 output\analogue.o
 .debug_frame   0x00000048       0x4c output\Differential.o
 .debug_frame   0x00000094       0xac output\imu.o
 .debug_frame   0x00000140      0x1a0 output\inputs.o
 .debug_frame   0x000002e0       0x30 output\main.o
 .debug_frame   0x00000310       0x9c output\misc.o
 .debug_frame   0x000003ac       0x80 output\outputs.o
 .debug_frame   0x0000042c       0x6c output\serial.o
 .debug_frame   0x00000498       0x48 output\startup_stm32f4xx.o
 .debug_frame   0x000004e0      0x434 output\stm32f4xx_adc.o
 .debug_frame   0x00000914      0x224 output\stm32f4xx_dma.o
 .debug_frame   0x00000b38       0xec output\stm32f4xx_exti.o
 .debug_frame   0x00000c24      0x19c output\stm32f4xx_gpio.o
 .debug_frame   0x00000dc0      0x3ec output\stm32f4xx_i2c.o
 .debug_frame   0x000011ac       0xb0 output\stm32f4xx_iwdg.o
 .debug_frame   0x0000125c      0x5b8 output\stm32f4xx_rcc.o
 .debug_frame   0x00001814       0xd8 output\stm32f4xx_syscfg.o
 .debug_frame   0x000018ec      0xa3c output\stm32f4xx_tim.o
 .debug_frame   0x00002328      0x344 output\stm32f4xx_usart.o
 .debug_frame   0x0000266c       0x64 output\system_stm32f4xx.o
 .debug_frame   0x000026d0       0x2c c:/program files (x86)/gnu tools arm embedded/4.7 2013q2/bin/../lib/gcc/arm-none-eabi/4.7.4/../../../../arm-none-eabi/lib/armv7e-m\libg.a(lib_a-memset.o)
